▲ Next.js 16.1.1 (Turbopack)
- Environments: .env.local, .env.production, .env
- Experiments (use with caution):
  · clientTraceMetadata
  · serverActions

  Creating an optimized production build ...
✓ Compiled successfully in 9.5s
  Running next.config.js provided runAfterProductionCompile ...
[@sentry/nextjs - After Production Compile] Info: Using environment variables configured in ".env.sentry-build-plugin".
[@sentry/nextjs - After Production Compile] Info: Sending telemetry data on issues and performance to Sentry. To disable telemetry, set `options.telemetry` to `false`.
> Found 133 files
> Analyzing 133 sources
> Analyzing completed in 0.02s
> Rewriting sources
> Rewriting completed in 0.315s
> Adding source map references
> Bundling completed in 0.74s
> Bundled 133 files for upload
> Bundle ID: 3bccf07f-8143-5107-a0cb-550bfe1a6e48
> Optimizing completed in 0.064s
> Uploading completed in 1.485s
> Uploaded files to Sentry
> Processing completed in 0.412s
> File upload complete (processing pending on server)
> Organization: mpdee
> Projects: javascript-nextjs
> Release: bd600a4add0556d5e17e391fec7a9d59d5aaeebb
> Dist: None
> Upload type: artifact bundle

Source Map Upload Report
  Scripts
    ~/037854cc49be95ce.js (sourcemap at 5bca29e8d5474dc0.js.map, debug id 5226c8da-ff88-44aa-a94d-64f88aa61828)
    ~/09e1d9b959a19099.js (sourcemap at fad6e417161645d4.js.map, debug id e2e3f10b-f69d-e0b3-9144-6f27e7f44be3)
    ~/128b9e54fbdf1a50.js (sourcemap at 4b5de3ad92e6b5db.js.map, debug id 125ee02c-76f3-789f-9584-7bac33c526fd)
    ~/148076e44056969f.js (sourcemap at 3722adfa197024da.js.map, debug id ac0c09ff-c485-9cdc-72f9-98a4dbc4568b)
    ~/15c36e58d8ab0b68.js (sourcemap at b2957c5622aece5f.js.map, debug id fc0cb13d-cbdb-5b70-d40d-4b7a3de99709)
    ~/19eab96e329a9895.js (sourcemap at 39606df5bcb20f06.js.map, debug id 2b70e8d5-d591-d3ff-6a4b-e2f4ab3dedf6)
    ~/1a3c6665f2693b8a.js (sourcemap at da934c026982a979.js.map, debug id 01116435-a5bd-630b-9176-af512dda8d04)
    ~/1b1bc0c24ea5dcf6.js (sourcemap at d454c5dd355b11fc.js.map, debug id 77f5d3f2-b168-079f-99ff-4943432ae6fc)
    ~/23fcf513719f0a1f.js (sourcemap at 1a231ee09d20fa42.js.map, debug id 0a164248-dfd7-9aad-685e-8fdf95581fea)
    ~/2aa2a55f46d61920.js (sourcemap at 33a851ff9270f7a8.js.map, debug id a44195fd-3621-8ef9-13c6-ce55efdccccf)
    ~/2c50d98779617da0.js (sourcemap at 233eb90dfe1499b8.js.map, debug id db63543a-e249-5cac-659c-952fa1264827)
    ~/2cae36afa64a644d.js (sourcemap at 89ad95b3358af200.js.map, debug id 18040a17-b47d-44cd-4699-5962c1cce735)
    ~/342d88572b4ce877.js (sourcemap at 106c8292d35189d0.js.map, debug id 4029a652-1c4d-5e52-6c9a-9121ed6b890e)
    ~/35090df61b37b272.js (sourcemap at b387aa386d4efb08.js.map, debug id 89f24d7a-b32f-b352-e4b9-a7ba845338d7)
    ~/39fa0bbc75feca84.js (sourcemap at 1edf863ad5cb164b.js.map, debug id 13c76d1d-71f2-9522-261e-c86d28679575)
    ~/3c5e81e1a824e0d4.js (sourcemap at cd58bb5699657a8f.js.map, debug id 1d2a9f97-97b6-3974-a73d-3efef6303559)
    ~/3d705f8e48c15a1b.js (sourcemap at 27bb670da9eb3da2.js.map, debug id 89e0f3c2-af52-8087-d1f6-44bf05d6dda6)
    ~/41a7bd999e317be6.js (sourcemap at 5e859cd8e42453fc.js.map, debug id 69762a85-33e6-d5d8-98ac-571af0a31522)
    ~/44c6244070aa94b8.js (sourcemap at c157d860ed5c4c3f.js.map, debug id 5d80923a-255e-5e7f-ed79-2952c71132a8)
    ~/57fa3bd816851fa5.js (sourcemap at 2daf8c46b54cf030.js.map, debug id 4864e39e-6d33-061d-6d1a-09ef2b468acd)
    ~/587525a7ac051e30.js (sourcemap at d7122a1d2cea592e.js.map, debug id 2bd2fb50-9568-9964-ad09-27f14d9a0e83)
    ~/5877f4c47d1104f3.js (sourcemap at 59467bf1fec691e0.js.map, debug id e546ece5-a6c0-6181-49b1-852eda40e745)
    ~/5b917b5ac6181eae.js (sourcemap at 43dc8a1773180858.js.map, debug id 5c53cbef-6879-bf86-f847-1d44b2a0158e)
    ~/5c284928d413905e.js (sourcemap at dc6bbf57e40d4e88.js.map, debug id 2aaeac52-c26f-e9e6-05c3-82cb01181fac)
    ~/62db20b14beb821e.js (sourcemap at b7aec7499a08bcbf.js.map, debug id b6a70f54-f17b-2f5b-8157-bbeadf8ba7b9)
    ~/6412ef6ee2dddf73.js (sourcemap at ac6f4c18300b5957.js.map, debug id 6aea3df5-81d4-ba25-82a0-e70edce36f4d)
    ~/666b539ed7a65c99.js (sourcemap at e7ff6487bbeb4160.js.map, debug id cde937b5-b016-b8eb-719d-5a7158a4b90f)
    ~/698ab1ea32d5e5af.js (sourcemap at baa40f2324d4cb30.js.map, debug id a417d4aa-99cc-44e3-87e8-2128a26c53ca)
    ~/6dd2dd803d378a8a.js (sourcemap at 11cddd3a4b30549b.js.map, debug id 61571b9f-55ea-1a71-e795-14cda636c70a)
    ~/73516c4c9c6fc464.js (sourcemap at 8d36c95fedfbb0f1.js.map, debug id 5db4b32b-570d-dc00-ce50-0babd37a00d2)
    ~/73ec096cafa7fc6d.js (sourcemap at 35ce457cddfaee87.js.map, debug id a7b68b10-b2b2-895e-aee7-ee16cc33acba)
    ~/7d6faf3f0f354933.js (sourcemap at c96b07803a95ffce.js.map, debug id 0c36e953-79a3-d3ef-b166-0b751386aeff)
    ~/83749a828d4af811.js (sourcemap at 713d3dcd7feb0e3d.js.map, debug id 7dfcf16a-e8d5-0aec-8daa-168367be89bb)
    ~/8543e4ce2ce05ef1.js (sourcemap at 9def86cced8cfc54.js.map, debug id 8cd10ed5-2c56-1448-d6f5-c62b557fb940)
    ~/8d5775863681c998.js (sourcemap at aa3da460bcc94684.js.map, debug id c2a39c02-3066-9a14-2073-8d2215491654)
    ~/98c51e283bfd1d85.js (sourcemap at 703e2e40b0b79bd6.js.map, debug id 429a0876-fe36-d0cc-95b4-fe9ffe5fa45e)
    ~/9a81dcd5d5183991.js (sourcemap at 393c65ba28865a85.js.map, debug id f998b6dd-4263-7242-e24b-b858c5935990)
    ~/9d956324fc72d1a2.js (sourcemap at 9c7e6248b8eb8657.js.map, debug id 030786e2-f150-ed11-02fb-a49e47dc94f3)
    ~/a0b0d927c9552bdc.js (sourcemap at 6d662d8e449647c9.js.map, debug id 8a435aee-11f9-9b6a-5bc9-f6b8c83037d2)
    ~/a6dad97d9634a72d.js (sourcemap at a6dad97d9634a72d.js.map)
    ~/a6f8d7a884d1f86f.js (sourcemap at ce2211622e206948.js.map, debug id 96339f74-6733-8de4-8b73-2f337208913b)
    ~/a7a0b9d55c68e250.js (sourcemap at aaaa2b1c8281a677.js.map, debug id c28ab534-5379-25f9-de5b-16c40073e91f)
    ~/aad4f00e7c047859.js (sourcemap at 3021bf2e02af1f0c.js.map, debug id d523f08e-b7d5-43a5-2a1c-a592e8c64bcf)
    ~/b3271e5de8b0b969.js (sourcemap at 6a259005a4ca9671.js.map, debug id 2bd6546f-487e-0629-feaa-6874c4a26ddf)
    ~/b5307b2c05021cf7.js (sourcemap at ca350769f9dcb6a6.js.map, debug id 7e34abd8-3560-aff7-9886-1506b9ffb3ae)
    ~/b9f8c3ea263bf0f4.js (sourcemap at e43e427a03f325c6.js.map, debug id 8b61fdc3-0308-b5b5-85f9-036c20c3a10b)
    ~/c2e9acbfff61998d.js (sourcemap at fe79cc47079bf6c8.js.map, debug id f9675450-be53-f5f8-be45-93071caefa84)
    ~/c4f9d04cee8ca49a.js (sourcemap at e3b775997b249349.js.map, debug id 3c4089ed-b89d-bfe2-05fb-5765fb975112)
    ~/cb8cbe4646dd03cf.js (sourcemap at f2043946912b7439.js.map, debug id 27bd3d08-5f4d-03c0-d95c-efd2526e3c99)
    ~/cdd7dd8125352f53.js (sourcemap at 38e03e03b559c47d.js.map, debug id 1fa25d73-bc19-ff82-b693-b891f7dea5dc)
    ~/d0884de41491030f.js (sourcemap at 9f99eaad6e6e6194.js.map, debug id 0393e220-f353-6e5a-e344-f35f4e3621a5)
    ~/d2eaa11fa35d09ae.js (sourcemap at 6c655fd11c4b8652.js.map, debug id 0d8ca09c-bd54-6eb4-ecae-434275b45932)
    ~/d4d20f34a67cc8ec.js (sourcemap at 7f0a81ba5eed2660.js.map, debug id d0459740-7e0c-a71f-8575-647e29d0efae)
    ~/d5111a557273265d.js (sourcemap at 0e08db6aa2ba2bb4.js.map, debug id 62114f20-6a13-9769-7a01-74b7c136fff6)
    ~/d571bca437b4aeb7.js (sourcemap at 4c4b071a2f9b982b.js.map, debug id f0ddf39a-3a71-e375-30d6-7269e5e80e5a)
    ~/d80be9dc8c66c79a.js (sourcemap at 6428850de02dc3d8.js.map, debug id dd67b97e-2e56-a0bb-eefc-6a03c334c512)
    ~/e16e5ddf1838f8b2.js (sourcemap at 71048df2d00381e3.js.map, debug id bce6b5c3-3f58-db94-3e7a-4575ed93821f)
    ~/ebe94f77d09738d4.js (sourcemap at cb6dcf2d20fe7797.js.map, debug id d8d2ab95-163d-9114-dab7-28089b6945ec)
    ~/efa2afbb64e17d33.js (sourcemap at b1f91ec81c71b8be.js.map, debug id cf6ba82f-4514-20fe-e812-1fda4ff707ea)
    ~/f28ad78fa40ebc30.js (sourcemap at b0c28c4e45ec6380.js.map, debug id 81a93eb4-7a48-8c9e-4f35-a1d0dd470e65)
    ~/f4ca8a2e7749a92a.js (sourcemap at cb2cd4c7e3319b94.js.map, debug id 6d42aa03-4e48-06e2-3cca-4f857ed70a7b)
    ~/f553aef41ea6f52e.js (sourcemap at 8230ffe446e94403.js.map, debug id 8606d76b-58c7-0b0e-606a-f627ba9624e4)
    ~/fb348ec12ebb80c6.js (sourcemap at 3308331522ae95fb.js.map, debug id 2c71fcf8-cecb-24a3-713d-f02b2c736579)
    ~/fdc8edfb49d67a8d.js (sourcemap at e4a45edfdc653936.js.map, debug id 320eaee5-e17d-d128-e0ba-30b0f28744a4)
    ~/turbopack-0fca1cd29cebedfe.js (sourcemap at c2dfa1fbb1d8c5a4.js.map, debug id 078c50b8-bd50-75bf-3c58-9a43b10a260f)
  Source Maps
    ~/049a81896f13df87.css.map
    ~/0e08db6aa2ba2bb4.js.map (debug id 62114f20-6a13-9769-7a01-74b7c136fff6)
    ~/106c8292d35189d0.js.map (debug id 4029a652-1c4d-5e52-6c9a-9121ed6b890e)
    ~/11cddd3a4b30549b.js.map (debug id 61571b9f-55ea-1a71-e795-14cda636c70a)
    ~/1a231ee09d20fa42.js.map (debug id 0a164248-dfd7-9aad-685e-8fdf95581fea)
    ~/1edf863ad5cb164b.js.map (debug id 13c76d1d-71f2-9522-261e-c86d28679575)
    ~/233eb90dfe1499b8.js.map (debug id db63543a-e249-5cac-659c-952fa1264827)
    ~/27bb670da9eb3da2.js.map (debug id 89e0f3c2-af52-8087-d1f6-44bf05d6dda6)
    ~/2b48326d98e7e479.css.map
    ~/2daf8c46b54cf030.js.map (debug id 4864e39e-6d33-061d-6d1a-09ef2b468acd)
    ~/3021bf2e02af1f0c.js.map (debug id d523f08e-b7d5-43a5-2a1c-a592e8c64bcf)
    ~/3308331522ae95fb.js.map (debug id 2c71fcf8-cecb-24a3-713d-f02b2c736579)
    ~/33a851ff9270f7a8.js.map (debug id a44195fd-3621-8ef9-13c6-ce55efdccccf)
    ~/35ce457cddfaee87.js.map (debug id a7b68b10-b2b2-895e-aee7-ee16cc33acba)
    ~/3722adfa197024da.js.map (debug id ac0c09ff-c485-9cdc-72f9-98a4dbc4568b)
    ~/38e03e03b559c47d.js.map (debug id 1fa25d73-bc19-ff82-b693-b891f7dea5dc)
    ~/393c65ba28865a85.js.map (debug id f998b6dd-4263-7242-e24b-b858c5935990)
    ~/39606df5bcb20f06.js.map (debug id 2b70e8d5-d591-d3ff-6a4b-e2f4ab3dedf6)
    ~/43dc8a1773180858.js.map (debug id 5c53cbef-6879-bf86-f847-1d44b2a0158e)
    ~/47b2496c1b8ceb0a.css.map
    ~/4b5de3ad92e6b5db.js.map (debug id 125ee02c-76f3-789f-9584-7bac33c526fd)
    ~/4c4b071a2f9b982b.js.map (debug id f0ddf39a-3a71-e375-30d6-7269e5e80e5a)
    ~/59467bf1fec691e0.js.map (debug id e546ece5-a6c0-6181-49b1-852eda40e745)
    ~/5bca29e8d5474dc0.js.map (debug id 5226c8da-ff88-44aa-a94d-64f88aa61828)
    ~/5e859cd8e42453fc.js.map (debug id 69762a85-33e6-d5d8-98ac-571af0a31522)
    ~/6428850de02dc3d8.js.map (debug id dd67b97e-2e56-a0bb-eefc-6a03c334c512)
    ~/6a259005a4ca9671.js.map (debug id 2bd6546f-487e-0629-feaa-6874c4a26ddf)
    ~/6c655fd11c4b8652.js.map (debug id 0d8ca09c-bd54-6eb4-ecae-434275b45932)
    ~/6d662d8e449647c9.js.map (debug id 8a435aee-11f9-9b6a-5bc9-f6b8c83037d2)
    ~/703e2e40b0b79bd6.js.map (debug id 429a0876-fe36-d0cc-95b4-fe9ffe5fa45e)
    ~/71048df2d00381e3.js.map (debug id bce6b5c3-3f58-db94-3e7a-4575ed93821f)
    ~/713d3dcd7feb0e3d.js.map (debug id 7dfcf16a-e8d5-0aec-8daa-168367be89bb)
    ~/7f0a81ba5eed2660.js.map (debug id d0459740-7e0c-a71f-8575-647e29d0efae)
    ~/8230ffe446e94403.js.map (debug id 8606d76b-58c7-0b0e-606a-f627ba9624e4)
    ~/89ad95b3358af200.js.map (debug id 18040a17-b47d-44cd-4699-5962c1cce735)
    ~/8d36c95fedfbb0f1.js.map (debug id 5db4b32b-570d-dc00-ce50-0babd37a00d2)
    ~/9c7e6248b8eb8657.js.map (debug id 030786e2-f150-ed11-02fb-a49e47dc94f3)
    ~/9def86cced8cfc54.js.map (debug id 8cd10ed5-2c56-1448-d6f5-c62b557fb940)
    ~/9f99eaad6e6e6194.js.map (debug id 0393e220-f353-6e5a-e344-f35f4e3621a5)
    ~/a6dad97d9634a72d.js.map
    ~/aa3da460bcc94684.js.map (debug id c2a39c02-3066-9a14-2073-8d2215491654)
    ~/aaaa2b1c8281a677.js.map (debug id c28ab534-5379-25f9-de5b-16c40073e91f)
    ~/ac6f4c18300b5957.js.map (debug id 6aea3df5-81d4-ba25-82a0-e70edce36f4d)
    ~/b0c28c4e45ec6380.js.map (debug id 81a93eb4-7a48-8c9e-4f35-a1d0dd470e65)
    ~/b1f91ec81c71b8be.js.map (debug id cf6ba82f-4514-20fe-e812-1fda4ff707ea)
    ~/b2957c5622aece5f.js.map (debug id fc0cb13d-cbdb-5b70-d40d-4b7a3de99709)
    ~/b387aa386d4efb08.js.map (debug id 89f24d7a-b32f-b352-e4b9-a7ba845338d7)
    ~/b7aec7499a08bcbf.js.map (debug id b6a70f54-f17b-2f5b-8157-bbeadf8ba7b9)
    ~/baa40f2324d4cb30.js.map (debug id a417d4aa-99cc-44e3-87e8-2128a26c53ca)
    ~/c157d860ed5c4c3f.js.map (debug id 5d80923a-255e-5e7f-ed79-2952c71132a8)
    ~/c2dfa1fbb1d8c5a4.js.map (debug id 078c50b8-bd50-75bf-3c58-9a43b10a260f)
    ~/c96b07803a95ffce.js.map (debug id 0c36e953-79a3-d3ef-b166-0b751386aeff)
    ~/ca350769f9dcb6a6.js.map (debug id 7e34abd8-3560-aff7-9886-1506b9ffb3ae)
    ~/cb2cd4c7e3319b94.js.map (debug id 6d42aa03-4e48-06e2-3cca-4f857ed70a7b)
    ~/cb6dcf2d20fe7797.js.map (debug id d8d2ab95-163d-9114-dab7-28089b6945ec)
    ~/cd58bb5699657a8f.js.map (debug id 1d2a9f97-97b6-3974-a73d-3efef6303559)
    ~/ce2211622e206948.js.map (debug id 96339f74-6733-8de4-8b73-2f337208913b)
    ~/d454c5dd355b11fc.js.map (debug id 77f5d3f2-b168-079f-99ff-4943432ae6fc)
    ~/d7122a1d2cea592e.js.map (debug id 2bd2fb50-9568-9964-ad09-27f14d9a0e83)
    ~/da934c026982a979.js.map (debug id 01116435-a5bd-630b-9176-af512dda8d04)
    ~/dc6bbf57e40d4e88.js.map (debug id 2aaeac52-c26f-e9e6-05c3-82cb01181fac)
    ~/e3b775997b249349.js.map (debug id 3c4089ed-b89d-bfe2-05fb-5765fb975112)
    ~/e43e427a03f325c6.js.map (debug id 8b61fdc3-0308-b5b5-85f9-036c20c3a10b)
    ~/e4a45edfdc653936.js.map (debug id 320eaee5-e17d-d128-e0ba-30b0f28744a4)
    ~/e7ff6487bbeb4160.js.map (debug id cde937b5-b016-b8eb-719d-5a7158a4b90f)
    ~/f2043946912b7439.js.map (debug id 27bd3d08-5f4d-03c0-d95c-efd2526e3c99)
    ~/fad6e417161645d4.js.map (debug id e2e3f10b-f69d-e0b3-9144-6f27e7f44be3)
    ~/fe79cc47079bf6c8.js.map (debug id f9675450-be53-f5f8-be45-93071caefa84)
> Found 1231 files
> Analyzing 1231 sources
> Analyzing completed in 0.083s
> Rewriting sources
> Rewriting completed in 0.966s
> Adding source map references
> Bundling completed in 3.936s
> Bundled 1231 files for upload
> Bundle ID: 3d3d4929-a4e2-5005-bdee-7759d79dc948
> Optimizing completed in 0.135s
> Uploading completed in 6.623s
> Uploaded files to Sentry
> Processing completed in 0.407s
> File upload complete (processing pending on server)
> Organization: mpdee
> Projects: javascript-nextjs
> Release: bd600a4add0556d5e17e391fec7a9d59d5aaeebb
> Dist: None
> Upload type: artifact bundle

Source Map Upload Report
  Scripts
    ~/app/[username]/page.js (sourcemap at page.js.map)
    ~/app/[username]/page_client-reference-manifest.js (no sourcemap found)
      - warning: could not determine a source map reference (Could not auto-detect referenced sourcemap for ~/app/[username]/page_client-reference-manifest.js)
    ~/app/_global-error/page.js (sourcemap at page.js.map)
    ~/app/_global-error/page_client-reference-manifest.js (no sourcemap found)
      - warning: could not determine a source map reference (Could not auto-detect referenced sourcemap for ~/app/_global-error/page_client-reference-manifest.js)
    ~/app/_not-found/page.js (sourcemap at page.js.map)
    ~/app/_not-found/page_client-reference-manifest.js (no sourcemap found)
      - warning: could not determine a source map reference (Could not auto-detect referenced sourcemap for ~/app/_not-found/page_client-reference-manifest.js)
    ~/app/about/page.js (sourcemap at page.js.map)
    ~/app/about/page_client-reference-manifest.js (no sourcemap found)
      - warning: could not determine a source map reference (Could not auto-detect referenced sourcemap for ~/app/about/page_client-reference-manifest.js)
    ~/app/account-deletion-scheduled/page.js (sourcemap at page.js.map)
    ~/app/account-deletion-scheduled/page_client-reference-manifest.js (no sourcemap found)
      - warning: could not determine a source map reference (Could not auto-detect referenced sourcemap for ~/app/account-deletion-scheduled/page_client-reference-manifest.js)
    ~/app/admin/analytics/page.js (sourcemap at page.js.map)
    ~/app/admin/analytics/page_client-reference-manifest.js (no sourcemap found)
      - warning: could not determine a source map reference (Could not auto-detect referenced sourcemap for ~/app/admin/analytics/page_client-reference-manifest.js)
    ~/app/admin/audit/users/page.js (sourcemap at page.js.map)
    ~/app/admin/audit/users/page_client-reference-manifest.js (no sourcemap found)
      - warning: could not determine a source map reference (Could not auto-detect referenced sourcemap for ~/app/admin/audit/users/page_client-reference-manifest.js)
    ~/app/admin/error-log/page.js (sourcemap at page.js.map)
    ~/app/admin/error-log/page_client-reference-manifest.js (no sourcemap found)
      - warning: could not determine a source map reference (Could not auto-detect referenced sourcemap for ~/app/admin/error-log/page_client-reference-manifest.js)
    ~/app/admin/faq/page.js (sourcemap at page.js.map)
    ~/app/admin/faq/page_client-reference-manifest.js (no sourcemap found)
      - warning: could not determine a source map reference (Could not auto-detect referenced sourcemap for ~/app/admin/faq/page_client-reference-manifest.js)
    ~/app/admin/page.js (sourcemap at page.js.map)
    ~/app/admin/page_client-reference-manifest.js (no sourcemap found)
      - warning: could not determine a source map reference (Could not auto-detect referenced sourcemap for ~/app/admin/page_client-reference-manifest.js)
    ~/app/admin/payments/[id]/page.js (sourcemap at page.js.map)
    ~/app/admin/payments/[id]/page_client-reference-manifest.js (no sourcemap found)
      - warning: could not determine a source map reference (Could not auto-detect referenced sourcemap for ~/app/admin/payments/[id]/page_client-reference-manifest.js)
    ~/app/admin/payments/page.js (sourcemap at page.js.map)
    ~/app/admin/payments/page_client-reference-manifest.js (no sourcemap found)
      - warning: could not determine a source map reference (Could not auto-detect referenced sourcemap for ~/app/admin/payments/page_client-reference-manifest.js)
    ~/app/admin/reservations/page.js (sourcemap at page.js.map)
    ~/app/admin/reservations/page_client-reference-manifest.js (no sourcemap found)
      - warning: could not determine a source map reference (Could not auto-detect referenced sourcemap for ~/app/admin/reservations/page_client-reference-manifest.js)
    ~/app/admin/studios/page.js (sourcemap at page.js.map)
    ~/app/admin/studios/page_client-reference-manifest.js (no sourcemap found)
      - warning: could not determine a source map reference (Could not auto-detect referenced sourcemap for ~/app/admin/studios/page_client-reference-manifest.js)
    ~/app/admin/support/page.js (sourcemap at page.js.map)
    ~/app/admin/support/page_client-reference-manifest.js (no sourcemap found)
      - warning: could not determine a source map reference (Could not auto-detect referenced sourcemap for ~/app/admin/support/page_client-reference-manifest.js)
    ~/app/admin/waitlist/page.js (sourcemap at page.js.map)
    ~/app/admin/waitlist/page_client-reference-manifest.js (no sourcemap found)
      - warning: could not determine a source map reference (Could not auto-detect referenced sourcemap for ~/app/admin/waitlist/page_client-reference-manifest.js)
    ~/app/api/admin/audit/suggestions/route.js (sourcemap at route.js.map)
    ~/app/api/admin/audit/suggestions/route_client-reference-manifest.js (no sourcemap found)
      - warning: could not determine a source map reference (Could not auto-detect referenced sourcemap for ~/app/api/admin/audit/suggestions/route_client-reference-manifest.js)
    ~/app/api/admin/audit/users/route.js (sourcemap at route.js.map)
    ~/app/api/admin/audit/users/route_client-reference-manifest.js (no sourcemap found)
      - warning: could not determine a source map reference (Could not auto-detect referenced sourcemap for ~/app/api/admin/audit/users/route_client-reference-manifest.js)
    ~/app/api/admin/bulk/route.js (sourcemap at route.js.map)
    ~/app/api/admin/bulk/route_client-reference-manifest.js (no sourcemap found)
      - warning: could not determine a source map reference (Could not auto-detect referenced sourcemap for ~/app/api/admin/bulk/route_client-reference-manifest.js)
    ~/app/api/admin/create-studio/route.js (sourcemap at route.js.map)
    ~/app/api/admin/create-studio/route_client-reference-manifest.js (no sourcemap found)
      - warning: could not determine a source map reference (Could not auto-detect referenced sourcemap for ~/app/api/admin/create-studio/route_client-reference-manifest.js)
    ~/app/api/admin/dashboard/route.js (sourcemap at route.js.map)
    ~/app/api/admin/dashboard/route_client-reference-manifest.js (no sourcemap found)
      - warning: could not determine a source map reference (Could not auto-detect referenced sourcemap for ~/app/api/admin/dashboard/route_client-reference-manifest.js)
    ~/app/api/admin/error-log/[id]/route.js (sourcemap at route.js.map)
    ~/app/api/admin/error-log/[id]/route_client-reference-manifest.js (no sourcemap found)
      - warning: could not determine a source map reference (Could not auto-detect referenced sourcemap for ~/app/api/admin/error-log/[id]/route_client-reference-manifest.js)
    ~/app/api/admin/error-log/route.js (sourcemap at route.js.map)
    ~/app/api/admin/error-log/route_client-reference-manifest.js (no sourcemap found)
      - warning: could not determine a source map reference (Could not auto-detect referenced sourcemap for ~/app/api/admin/error-log/route_client-reference-manifest.js)
    ~/app/api/admin/faq/[id]/route.js (sourcemap at route.js.map)
    ~/app/api/admin/faq/[id]/route_client-reference-manifest.js (no sourcemap found)
      - warning: could not determine a source map reference (Could not auto-detect referenced sourcemap for ~/app/api/admin/faq/[id]/route_client-reference-manifest.js)
    ~/app/api/admin/faq/reorder/route.js (sourcemap at route.js.map)
    ~/app/api/admin/faq/reorder/route_client-reference-manifest.js (no sourcemap found)
      - warning: could not determine a source map reference (Could not auto-detect referenced sourcemap for ~/app/api/admin/faq/reorder/route_client-reference-manifest.js)
    ~/app/api/admin/faq/route.js (sourcemap at route.js.map)
    ~/app/api/admin/faq/route_client-reference-manifest.js (no sourcemap found)
      - warning: could not determine a source map reference (Could not auto-detect referenced sourcemap for ~/app/api/admin/faq/route_client-reference-manifest.js)
    ~/app/api/admin/payments/[id]/refund/route.js (sourcemap at route.js.map)
    ~/app/api/admin/payments/[id]/refund/route_client-reference-manifest.js (no sourcemap found)
      - warning: could not determine a source map reference (Could not auto-detect referenced sourcemap for ~/app/api/admin/payments/[id]/refund/route_client-reference-manifest.js)
    ~/app/api/admin/payments/[id]/route.js (sourcemap at route.js.map)
    ~/app/api/admin/payments/[id]/route_client-reference-manifest.js (no sourcemap found)
      - warning: could not determine a source map reference (Could not auto-detect referenced sourcemap for ~/app/api/admin/payments/[id]/route_client-reference-manifest.js)
    ~/app/api/admin/payments/route.js (sourcemap at route.js.map)
    ~/app/api/admin/payments/route_client-reference-manifest.js (no sourcemap found)
      - warning: could not determine a source map reference (Could not auto-detect referenced sourcemap for ~/app/api/admin/payments/route_client-reference-manifest.js)
    ~/app/api/admin/reservations/[userId]/route.js (sourcemap at route.js.map)
    ~/app/api/admin/reservations/[userId]/route_client-reference-manifest.js (no sourcemap found)
      - warning: could not determine a source map reference (Could not auto-detect referenced sourcemap for ~/app/api/admin/reservations/[userId]/route_client-reference-manifest.js)
    ~/app/api/admin/reservations/route.js (sourcemap at route.js.map)
    ~/app/api/admin/reservations/route_client-reference-manifest.js (no sourcemap found)
      - warning: could not determine a source map reference (Could not auto-detect referenced sourcemap for ~/app/api/admin/reservations/route_client-reference-manifest.js)
    ~/app/api/admin/sentry-test-error/route.js (sourcemap at route.js.map)
    ~/app/api/admin/sentry-test-error/route_client-reference-manifest.js (no sourcemap found)
      - warning: could not determine a source map reference (Could not auto-detect referenced sourcemap for ~/app/api/admin/sentry-test-error/route_client-reference-manifest.js)
    ~/app/api/admin/sticky-notes/route.js (sourcemap at route.js.map)
    ~/app/api/admin/sticky-notes/route_client-reference-manifest.js (no sourcemap found)
      - warning: could not determine a source map reference (Could not auto-detect referenced sourcemap for ~/app/api/admin/sticky-notes/route_client-reference-manifest.js)
    ~/app/api/admin/studios/[id]/featured/route.js (sourcemap at route.js.map)
    ~/app/api/admin/studios/[id]/featured/route_client-reference-manifest.js (no sourcemap found)
      - warning: could not determine a source map reference (Could not auto-detect referenced sourcemap for ~/app/api/admin/studios/[id]/featured/route_client-reference-manifest.js)
    ~/app/api/admin/studios/[id]/images/[imageId]/route.js (sourcemap at route.js.map)
    ~/app/api/admin/studios/[id]/images/[imageId]/route_client-reference-manifest.js (no sourcemap found)
      - warning: could not determine a source map reference (Could not auto-detect referenced sourcemap for ~/app/api/admin/studios/[id]/images/[imageId]/route_client-reference-manifest.js)
    ~/app/api/admin/studios/[id]/images/reorder/route.js (sourcemap at route.js.map)
    ~/app/api/admin/studios/[id]/images/reorder/route_client-reference-manifest.js (no sourcemap found)
      - warning: could not determine a source map reference (Could not auto-detect referenced sourcemap for ~/app/api/admin/studios/[id]/images/reorder/route_client-reference-manifest.js)
    ~/app/api/admin/studios/[id]/images/route.js (sourcemap at route.js.map)
    ~/app/api/admin/studios/[id]/images/route_client-reference-manifest.js (no sourcemap found)
      - warning: could not determine a source map reference (Could not auto-detect referenced sourcemap for ~/app/api/admin/studios/[id]/images/route_client-reference-manifest.js)
    ~/app/api/admin/studios/[id]/route.js (sourcemap at route.js.map)
    ~/app/api/admin/studios/[id]/route_client-reference-manifest.js (no sourcemap found)
      - warning: could not determine a source map reference (Could not auto-detect referenced sourcemap for ~/app/api/admin/studios/[id]/route_client-reference-manifest.js)
    ~/app/api/admin/studios/[id]/status/route.js (sourcemap at route.js.map)
    ~/app/api/admin/studios/[id]/status/route_client-reference-manifest.js (no sourcemap found)
      - warning: could not determine a source map reference (Could not auto-detect referenced sourcemap for ~/app/api/admin/studios/[id]/status/route_client-reference-manifest.js)
    ~/app/api/admin/studios/[id]/verified/route.js (sourcemap at route.js.map)
    ~/app/api/admin/studios/[id]/verified/route_client-reference-manifest.js (no sourcemap found)
      - warning: could not determine a source map reference (Could not auto-detect referenced sourcemap for ~/app/api/admin/studios/[id]/verified/route_client-reference-manifest.js)
    ~/app/api/admin/studios/[id]/visibility/route.js (sourcemap at route.js.map)
    ~/app/api/admin/studios/[id]/visibility/route_client-reference-manifest.js (no sourcemap found)
      - warning: could not determine a source map reference (Could not auto-detect referenced sourcemap for ~/app/api/admin/studios/[id]/visibility/route_client-reference-manifest.js)
    ~/app/api/admin/studios/by-username/[username]/route.js (sourcemap at route.js.map)
    ~/app/api/admin/studios/by-username/[username]/route_client-reference-manifest.js (no sourcemap found)
      - warning: could not determine a source map reference (Could not auto-detect referenced sourcemap for ~/app/api/admin/studios/by-username/[username]/route_client-reference-manifest.js)
    ~/app/api/admin/studios/route.js (sourcemap at route.js.map)
    ~/app/api/admin/studios/route_client-reference-manifest.js (no sourcemap found)
      - warning: could not determine a source map reference (Could not auto-detect referenced sourcemap for ~/app/api/admin/studios/route_client-reference-manifest.js)
    ~/app/api/admin/studios/verify/route.js (sourcemap at route.js.map)
    ~/app/api/admin/studios/verify/route_client-reference-manifest.js (no sourcemap found)
      - warning: could not determine a source map reference (Could not auto-detect referenced sourcemap for ~/app/api/admin/studios/verify/route_client-reference-manifest.js)
    ~/app/api/admin/support-tickets/[id]/reply/route.js (sourcemap at route.js.map)
    ~/app/api/admin/support-tickets/[id]/reply/route_client-reference-manifest.js (no sourcemap found)
      - warning: could not determine a source map reference (Could not auto-detect referenced sourcemap for ~/app/api/admin/support-tickets/[id]/reply/route_client-reference-manifest.js)
    ~/app/api/admin/support-tickets/[id]/route.js (sourcemap at route.js.map)
    ~/app/api/admin/support-tickets/[id]/route_client-reference-manifest.js (no sourcemap found)
      - warning: could not determine a source map reference (Could not auto-detect referenced sourcemap for ~/app/api/admin/support-tickets/[id]/route_client-reference-manifest.js)
    ~/app/api/admin/support-tickets/route.js (sourcemap at route.js.map)
    ~/app/api/admin/support-tickets/route_client-reference-manifest.js (no sourcemap found)
      - warning: could not determine a source map reference (Could not auto-detect referenced sourcemap for ~/app/api/admin/support-tickets/route_client-reference-manifest.js)
    ~/app/api/admin/sync-sentry/route.js (sourcemap at route.js.map)
    ~/app/api/admin/sync-sentry/route_client-reference-manifest.js (no sourcemap found)
      - warning: could not determine a source map reference (Could not auto-detect referenced sourcemap for ~/app/api/admin/sync-sentry/route_client-reference-manifest.js)
    ~/app/api/auth/[...nextauth]/route.js (sourcemap at route.js.map)
    ~/app/api/auth/[...nextauth]/route_client-reference-manifest.js (no sourcemap found)
      - warning: could not determine a source map reference (Could not auto-detect referenced sourcemap for ~/app/api/auth/[...nextauth]/route_client-reference-manifest.js)
    ~/app/api/auth/check-payment-status/route.js (sourcemap at route.js.map)
    ~/app/api/auth/check-payment-status/route_client-reference-manifest.js (no sourcemap found)
      - warning: could not determine a source map reference (Could not auto-detect referenced sourcemap for ~/app/api/auth/check-payment-status/route_client-reference-manifest.js)
    ~/app/api/auth/check-signup-status/route.js (sourcemap at route.js.map)
    ~/app/api/auth/check-signup-status/route_client-reference-manifest.js (no sourcemap found)
      - warning: could not determine a source map reference (Could not auto-detect referenced sourcemap for ~/app/api/auth/check-signup-status/route_client-reference-manifest.js)
    ~/app/api/auth/check-username/route.js (sourcemap at route.js.map)
    ~/app/api/auth/check-username/route_client-reference-manifest.js (no sourcemap found)
      - warning: could not determine a source map reference (Could not auto-detect referenced sourcemap for ~/app/api/auth/check-username/route_client-reference-manifest.js)
    ~/app/api/auth/check-verification-status/route.js (sourcemap at route.js.map)
    ~/app/api/auth/check-verification-status/route_client-reference-manifest.js (no sourcemap found)
      - warning: could not determine a source map reference (Could not auto-detect referenced sourcemap for ~/app/api/auth/check-verification-status/route_client-reference-manifest.js)
    ~/app/api/auth/expire-pending-user/route.js (sourcemap at route.js.map)
    ~/app/api/auth/expire-pending-user/route_client-reference-manifest.js (no sourcemap found)
      - warning: could not determine a source map reference (Could not auto-detect referenced sourcemap for ~/app/api/auth/expire-pending-user/route_client-reference-manifest.js)
    ~/app/api/auth/forgot-password/route.js (sourcemap at route.js.map)
    ~/app/api/auth/forgot-password/route_client-reference-manifest.js (no sourcemap found)
      - warning: could not determine a source map reference (Could not auto-detect referenced sourcemap for ~/app/api/auth/forgot-password/route_client-reference-manifest.js)
    ~/app/api/auth/recover-signup/route.js (sourcemap at route.js.map)
    ~/app/api/auth/recover-signup/route_client-reference-manifest.js (no sourcemap found)
      - warning: could not determine a source map reference (Could not auto-detect referenced sourcemap for ~/app/api/auth/recover-signup/route_client-reference-manifest.js)
    ~/app/api/auth/register/route.js (sourcemap at route.js.map)
    ~/app/api/auth/register/route_client-reference-manifest.js (no sourcemap found)
      - warning: could not determine a source map reference (Could not auto-detect referenced sourcemap for ~/app/api/auth/register/route_client-reference-manifest.js)
    ~/app/api/auth/resend-verification/route.js (sourcemap at route.js.map)
    ~/app/api/auth/resend-verification/route_client-reference-manifest.js (no sourcemap found)
      - warning: could not determine a source map reference (Could not auto-detect referenced sourcemap for ~/app/api/auth/resend-verification/route_client-reference-manifest.js)
    ~/app/api/auth/reserve-username/route.js (sourcemap at route.js.map)
    ~/app/api/auth/reserve-username/route_client-reference-manifest.js (no sourcemap found)
      - warning: could not determine a source map reference (Could not auto-detect referenced sourcemap for ~/app/api/auth/reserve-username/route_client-reference-manifest.js)
    ~/app/api/auth/reset-password/route.js (sourcemap at route.js.map)
    ~/app/api/auth/reset-password/route_client-reference-manifest.js (no sourcemap found)
      - warning: could not determine a source map reference (Could not auto-detect referenced sourcemap for ~/app/api/auth/reset-password/route_client-reference-manifest.js)
    ~/app/api/auth/retry-payment/route.js (sourcemap at route.js.map)
    ~/app/api/auth/retry-payment/route_client-reference-manifest.js (no sourcemap found)
      - warning: could not determine a source map reference (Could not auto-detect referenced sourcemap for ~/app/api/auth/retry-payment/route_client-reference-manifest.js)
    ~/app/api/auth/verify-email/route.js (sourcemap at route.js.map)
    ~/app/api/auth/verify-email/route_client-reference-manifest.js (no sourcemap found)
      - warning: could not determine a source map reference (Could not auto-detect referenced sourcemap for ~/app/api/auth/verify-email/route_client-reference-manifest.js)
    ~/app/api/consent/route.js (sourcemap at route.js.map)
    ~/app/api/consent/route_client-reference-manifest.js (no sourcemap found)
      - warning: could not determine a source map reference (Could not auto-detect referenced sourcemap for ~/app/api/consent/route_client-reference-manifest.js)
    ~/app/api/contact/studio/route.js (sourcemap at route.js.map)
    ~/app/api/contact/studio/route_client-reference-manifest.js (no sourcemap found)
      - warning: could not determine a source map reference (Could not auto-detect referenced sourcemap for ~/app/api/contact/studio/route_client-reference-manifest.js)
    ~/app/api/cron/cleanup-error-logs/route.js (sourcemap at route.js.map)
    ~/app/api/cron/cleanup-error-logs/route_client-reference-manifest.js (no sourcemap found)
      - warning: could not determine a source map reference (Could not auto-detect referenced sourcemap for ~/app/api/cron/cleanup-error-logs/route_client-reference-manifest.js)
    ~/app/api/cron/expire-reservations/route.js (sourcemap at route.js.map)
    ~/app/api/cron/expire-reservations/route_client-reference-manifest.js (no sourcemap found)
      - warning: could not determine a source map reference (Could not auto-detect referenced sourcemap for ~/app/api/cron/expire-reservations/route_client-reference-manifest.js)
    ~/app/api/cron/send-engagement-emails/route.js (sourcemap at route.js.map)
    ~/app/api/cron/send-engagement-emails/route_client-reference-manifest.js (no sourcemap found)
      - warning: could not determine a source map reference (Could not auto-detect referenced sourcemap for ~/app/api/cron/send-engagement-emails/route_client-reference-manifest.js)
    ~/app/api/cron/sentry-sync/route.js (sourcemap at route.js.map)
    ~/app/api/cron/sentry-sync/route_client-reference-manifest.js (no sourcemap found)
      - warning: could not determine a source map reference (Could not auto-detect referenced sourcemap for ~/app/api/cron/sentry-sync/route_client-reference-manifest.js)
    ~/app/api/dev/cleanup-user/route.js (sourcemap at route.js.map)
    ~/app/api/dev/cleanup-user/route_client-reference-manifest.js (no sourcemap found)
      - warning: could not determine a source map reference (Could not auto-detect referenced sourcemap for ~/app/api/dev/cleanup-user/route_client-reference-manifest.js)
    ~/app/api/dev/run-email-verification-migration/route.js (sourcemap at route.js.map)
    ~/app/api/dev/run-email-verification-migration/route_client-reference-manifest.js (no sourcemap found)
      - warning: could not determine a source map reference (Could not auto-detect referenced sourcemap for ~/app/api/dev/run-email-verification-migration/route_client-reference-manifest.js)
    ~/app/api/health/route.js (sourcemap at route.js.map)
    ~/app/api/health/route_client-reference-manifest.js (no sourcemap found)
      - warning: could not determine a source map reference (Could not auto-detect referenced sourcemap for ~/app/api/health/route_client-reference-manifest.js)
    ~/app/api/membership/renew-5year/route.js (sourcemap at route.js.map)
    ~/app/api/membership/renew-5year/route_client-reference-manifest.js (no sourcemap found)
      - warning: could not determine a source map reference (Could not auto-detect referenced sourcemap for ~/app/api/membership/renew-5year/route_client-reference-manifest.js)
    ~/app/api/membership/renew-early/route.js (sourcemap at route.js.map)
    ~/app/api/membership/renew-early/route_client-reference-manifest.js (no sourcemap found)
      - warning: could not determine a source map reference (Could not auto-detect referenced sourcemap for ~/app/api/membership/renew-early/route_client-reference-manifest.js)
    ~/app/api/search/suggestions/route.js (sourcemap at route.js.map)
    ~/app/api/search/suggestions/route_client-reference-manifest.js (no sourcemap found)
      - warning: could not determine a source map reference (Could not auto-detect referenced sourcemap for ~/app/api/search/suggestions/route_client-reference-manifest.js)
    ~/app/api/search/users/route.js (sourcemap at route.js.map)
    ~/app/api/search/users/route_client-reference-manifest.js (no sourcemap found)
      - warning: could not determine a source map reference (Could not auto-detect referenced sourcemap for ~/app/api/search/users/route_client-reference-manifest.js)
    ~/app/api/stripe/checkout/route.js (sourcemap at route.js.map)
    ~/app/api/stripe/checkout/route_client-reference-manifest.js (no sourcemap found)
      - warning: could not determine a source map reference (Could not auto-detect referenced sourcemap for ~/app/api/stripe/checkout/route_client-reference-manifest.js)
    ~/app/api/stripe/create-membership-checkout/route.js (sourcemap at route.js.map)
    ~/app/api/stripe/create-membership-checkout/route_client-reference-manifest.js (no sourcemap found)
      - warning: could not determine a source map reference (Could not auto-detect referenced sourcemap for ~/app/api/stripe/create-membership-checkout/route_client-reference-manifest.js)
    ~/app/api/stripe/verify-membership-payment/route.js (sourcemap at route.js.map)
    ~/app/api/stripe/verify-membership-payment/route_client-reference-manifest.js (no sourcemap found)
      - warning: could not determine a source map reference (Could not auto-detect referenced sourcemap for ~/app/api/stripe/verify-membership-payment/route_client-reference-manifest.js)
    ~/app/api/stripe/webhook/route.js (sourcemap at route.js.map)
    ~/app/api/stripe/webhook/route_client-reference-manifest.js (no sourcemap found)
      - warning: could not determine a source map reference (Could not auto-detect referenced sourcemap for ~/app/api/stripe/webhook/route_client-reference-manifest.js)
    ~/app/api/studio/create/route.js (sourcemap at route.js.map)
    ~/app/api/studio/create/route_client-reference-manifest.js (no sourcemap found)
      - warning: could not determine a source map reference (Could not auto-detect referenced sourcemap for ~/app/api/studio/create/route_client-reference-manifest.js)
    ~/app/api/studio/update/route.js (sourcemap at route.js.map)
    ~/app/api/studio/update/route_client-reference-manifest.js (no sourcemap found)
      - warning: could not determine a source map reference (Could not auto-detect referenced sourcemap for ~/app/api/studio/update/route_client-reference-manifest.js)
    ~/app/api/studios/search/route.js (sourcemap at route.js.map)
    ~/app/api/studios/search/route_client-reference-manifest.js (no sourcemap found)
      - warning: could not determine a source map reference (Could not auto-detect referenced sourcemap for ~/app/api/studios/search/route_client-reference-manifest.js)
    ~/app/api/support/submit-ticket/route.js (sourcemap at route.js.map)
    ~/app/api/support/submit-ticket/route_client-reference-manifest.js (no sourcemap found)
      - warning: could not determine a source map reference (Could not auto-detect referenced sourcemap for ~/app/api/support/submit-ticket/route_client-reference-manifest.js)
    ~/app/api/update-glass-config/route.js (sourcemap at route.js.map)
    ~/app/api/update-glass-config/route_client-reference-manifest.js (no sourcemap found)
      - warning: could not determine a source map reference (Could not auto-detect referenced sourcemap for ~/app/api/update-glass-config/route_client-reference-manifest.js)
    ~/app/api/upload/image/route.js (sourcemap at route.js.map)
    ~/app/api/upload/image/route_client-reference-manifest.js (no sourcemap found)
      - warning: could not determine a source map reference (Could not auto-detect referenced sourcemap for ~/app/api/upload/image/route_client-reference-manifest.js)
    ~/app/api/upload/signup-image/route.js (sourcemap at route.js.map)
    ~/app/api/upload/signup-image/route_client-reference-manifest.js (no sourcemap found)
      - warning: could not determine a source map reference (Could not auto-detect referenced sourcemap for ~/app/api/upload/signup-image/route_client-reference-manifest.js)
    ~/app/api/user/change-password/route.js (sourcemap at route.js.map)
    ~/app/api/user/change-password/route_client-reference-manifest.js (no sourcemap found)
      - warning: could not determine a source map reference (Could not auto-detect referenced sourcemap for ~/app/api/user/change-password/route_client-reference-manifest.js)
    ~/app/api/user/close-account/route.js (sourcemap at route.js.map)
    ~/app/api/user/close-account/route_client-reference-manifest.js (no sourcemap found)
      - warning: could not determine a source map reference (Could not auto-detect referenced sourcemap for ~/app/api/user/close-account/route_client-reference-manifest.js)
    ~/app/api/user/data-export/route.js (sourcemap at route.js.map)
    ~/app/api/user/data-export/route_client-reference-manifest.js (no sourcemap found)
      - warning: could not determine a source map reference (Could not auto-detect referenced sourcemap for ~/app/api/user/data-export/route_client-reference-manifest.js)
    ~/app/api/user/delete-account/route.js (sourcemap at route.js.map)
    ~/app/api/user/delete-account/route_client-reference-manifest.js (no sourcemap found)
      - warning: could not determine a source map reference (Could not auto-detect referenced sourcemap for ~/app/api/user/delete-account/route_client-reference-manifest.js)
    ~/app/api/user/download-data/route.js (sourcemap at route.js.map)
    ~/app/api/user/download-data/route_client-reference-manifest.js (no sourcemap found)
      - warning: could not determine a source map reference (Could not auto-detect referenced sourcemap for ~/app/api/user/download-data/route_client-reference-manifest.js)
    ~/app/api/user/invoices/[id]/download/route.js (sourcemap at route.js.map)
    ~/app/api/user/invoices/[id]/download/route_client-reference-manifest.js (no sourcemap found)
      - warning: could not determine a source map reference (Could not auto-detect referenced sourcemap for ~/app/api/user/invoices/[id]/download/route_client-reference-manifest.js)
    ~/app/api/user/invoices/route.js (sourcemap at route.js.map)
    ~/app/api/user/invoices/route_client-reference-manifest.js (no sourcemap found)
      - warning: could not determine a source map reference (Could not auto-detect referenced sourcemap for ~/app/api/user/invoices/route_client-reference-manifest.js)
    ~/app/api/user/profile/images/[id]/route.js (sourcemap at route.js.map)
    ~/app/api/user/profile/images/[id]/route_client-reference-manifest.js (no sourcemap found)
      - warning: could not determine a source map reference (Could not auto-detect referenced sourcemap for ~/app/api/user/profile/images/[id]/route_client-reference-manifest.js)
    ~/app/api/user/profile/images/reorder/route.js (sourcemap at route.js.map)
    ~/app/api/user/profile/images/reorder/route_client-reference-manifest.js (no sourcemap found)
      - warning: could not determine a source map reference (Could not auto-detect referenced sourcemap for ~/app/api/user/profile/images/reorder/route_client-reference-manifest.js)
    ~/app/api/user/profile/images/route.js (sourcemap at route.js.map)
    ~/app/api/user/profile/images/route_client-reference-manifest.js (no sourcemap found)
      - warning: could not determine a source map reference (Could not auto-detect referenced sourcemap for ~/app/api/user/profile/images/route_client-reference-manifest.js)
    ~/app/api/user/profile/route.js (sourcemap at route.js.map)
    ~/app/api/user/profile/route_client-reference-manifest.js (no sourcemap found)
      - warning: could not determine a source map reference (Could not auto-detect referenced sourcemap for ~/app/api/user/profile/route_client-reference-manifest.js)
    ~/app/api/user/profile/visibility/route.js (sourcemap at route.js.map)
    ~/app/api/user/profile/visibility/route_client-reference-manifest.js (no sourcemap found)
      - warning: could not determine a source map reference (Could not auto-detect referenced sourcemap for ~/app/api/user/profile/visibility/route_client-reference-manifest.js)
    ~/app/api/waitlist/[id]/route.js (sourcemap at route.js.map)
    ~/app/api/waitlist/[id]/route_client-reference-manifest.js (no sourcemap found)
      - warning: could not determine a source map reference (Could not auto-detect referenced sourcemap for ~/app/api/waitlist/[id]/route_client-reference-manifest.js)
    ~/app/api/waitlist/route.js (sourcemap at route.js.map)
    ~/app/api/waitlist/route_client-reference-manifest.js (no sourcemap found)
      - warning: could not determine a source map reference (Could not auto-detect referenced sourcemap for ~/app/api/waitlist/route_client-reference-manifest.js)
    ~/app/api/webhooks/sentry/route.js (sourcemap at route.js.map)
    ~/app/api/webhooks/sentry/route_client-reference-manifest.js (no sourcemap found)
      - warning: could not determine a source map reference (Could not auto-detect referenced sourcemap for ~/app/api/webhooks/sentry/route_client-reference-manifest.js)
    ~/app/auth/callback/page.js (sourcemap at page.js.map)
    ~/app/auth/callback/page_client-reference-manifest.js (no sourcemap found)
      - warning: could not determine a source map reference (Could not auto-detect referenced sourcemap for ~/app/auth/callback/page_client-reference-manifest.js)
    ~/app/auth/forgot-password/page.js (sourcemap at page.js.map)
    ~/app/auth/forgot-password/page_client-reference-manifest.js (no sourcemap found)
      - warning: could not determine a source map reference (Could not auto-detect referenced sourcemap for ~/app/auth/forgot-password/page_client-reference-manifest.js)
    ~/app/auth/membership/page.js (sourcemap at page.js.map)
    ~/app/auth/membership/page_client-reference-manifest.js (no sourcemap found)
      - warning: could not determine a source map reference (Could not auto-detect referenced sourcemap for ~/app/auth/membership/page_client-reference-manifest.js)
    ~/app/auth/membership/success/page.js (sourcemap at page.js.map)
    ~/app/auth/membership/success/page_client-reference-manifest.js (no sourcemap found)
      - warning: could not determine a source map reference (Could not auto-detect referenced sourcemap for ~/app/auth/membership/success/page_client-reference-manifest.js)
    ~/app/auth/reset-password/page.js (sourcemap at page.js.map)
    ~/app/auth/reset-password/page_client-reference-manifest.js (no sourcemap found)
      - warning: could not determine a source map reference (Could not auto-detect referenced sourcemap for ~/app/auth/reset-password/page_client-reference-manifest.js)
    ~/app/auth/signin/page.js (sourcemap at page.js.map)
    ~/app/auth/signin/page_client-reference-manifest.js (no sourcemap found)
      - warning: could not determine a source map reference (Could not auto-detect referenced sourcemap for ~/app/auth/signin/page_client-reference-manifest.js)
    ~/app/auth/signup/page.js (sourcemap at page.js.map)
    ~/app/auth/signup/page_client-reference-manifest.js (no sourcemap found)
      - warning: could not determine a source map reference (Could not auto-detect referenced sourcemap for ~/app/auth/signup/page_client-reference-manifest.js)
    ~/app/auth/username-selection/page.js (sourcemap at page.js.map)
    ~/app/auth/username-selection/page_client-reference-manifest.js (no sourcemap found)
      - warning: could not determine a source map reference (Could not auto-detect referenced sourcemap for ~/app/auth/username-selection/page_client-reference-manifest.js)
    ~/app/auth/verify-email/page.js (sourcemap at page.js.map)
    ~/app/auth/verify-email/page_client-reference-manifest.js (no sourcemap found)
      - warning: could not determine a source map reference (Could not auto-detect referenced sourcemap for ~/app/auth/verify-email/page_client-reference-manifest.js)
    ~/app/blog/page.js (sourcemap at page.js.map)
    ~/app/blog/page_client-reference-manifest.js (no sourcemap found)
      - warning: could not determine a source map reference (Could not auto-detect referenced sourcemap for ~/app/blog/page_client-reference-manifest.js)
    ~/app/dashboard/page.js (sourcemap at page.js.map)
    ~/app/dashboard/page_client-reference-manifest.js (no sourcemap found)
      - warning: could not determine a source map reference (Could not auto-detect referenced sourcemap for ~/app/dashboard/page_client-reference-manifest.js)
    ~/app/favicon.ico/route.js (sourcemap at route.js.map)
    ~/app/featured-studio/page.js (sourcemap at page.js.map)
    ~/app/featured-studio/page_client-reference-manifest.js (no sourcemap found)
      - warning: could not determine a source map reference (Could not auto-detect referenced sourcemap for ~/app/featured-studio/page_client-reference-manifest.js)
    ~/app/glass-nav-test/page.js (sourcemap at page.js.map)
    ~/app/glass-nav-test/page_client-reference-manifest.js (no sourcemap found)
      - warning: could not determine a source map reference (Could not auto-detect referenced sourcemap for ~/app/glass-nav-test/page_client-reference-manifest.js)
    ~/app/help/page.js (sourcemap at page.js.map)
    ~/app/help/page_client-reference-manifest.js (no sourcemap found)
      - warning: could not determine a source map reference (Could not auto-detect referenced sourcemap for ~/app/help/page_client-reference-manifest.js)
    ~/app/join-waitlist/page.js (sourcemap at page.js.map)
    ~/app/join-waitlist/page_client-reference-manifest.js (no sourcemap found)
      - warning: could not determine a source map reference (Could not auto-detect referenced sourcemap for ~/app/join-waitlist/page_client-reference-manifest.js)
    ~/app/page.js (sourcemap at page.js.map)
    ~/app/page_client-reference-manifest.js (no sourcemap found)
      - warning: could not determine a source map reference (Could not auto-detect referenced sourcemap for ~/app/page_client-reference-manifest.js)
    ~/app/privacy/page.js (sourcemap at page.js.map)
    ~/app/privacy/page_client-reference-manifest.js (no sourcemap found)
      - warning: could not determine a source map reference (Could not auto-detect referenced sourcemap for ~/app/privacy/page_client-reference-manifest.js)
    ~/app/register/page.js (sourcemap at page.js.map)
    ~/app/register/page_client-reference-manifest.js (no sourcemap found)
      - warning: could not determine a source map reference (Could not auto-detect referenced sourcemap for ~/app/register/page_client-reference-manifest.js)
    ~/app/robots.txt/route.js (sourcemap at route.js.map)
    ~/app/robots.txt/route_client-reference-manifest.js (no sourcemap found)
      - warning: could not determine a source map reference (Could not auto-detect referenced sourcemap for ~/app/robots.txt/route_client-reference-manifest.js)
    ~/app/sitemap.xml/route.js (sourcemap at route.js.map)
    ~/app/sitemap.xml/route_client-reference-manifest.js (no sourcemap found)
      - warning: could not determine a source map reference (Could not auto-detect referenced sourcemap for ~/app/sitemap.xml/route_client-reference-manifest.js)
    ~/app/studios/page.js (sourcemap at page.js.map)
    ~/app/studios/page_client-reference-manifest.js (no sourcemap found)
      - warning: could not determine a source map reference (Could not auto-detect referenced sourcemap for ~/app/studios/page_client-reference-manifest.js)
    ~/app/terms/page.js (sourcemap at page.js.map)
    ~/app/terms/page_client-reference-manifest.js (no sourcemap found)
      - warning: could not determine a source map reference (Could not auto-detect referenced sourcemap for ~/app/terms/page_client-reference-manifest.js)
    ~/app/unauthorized/page.js (sourcemap at page.js.map)
    ~/app/unauthorized/page_client-reference-manifest.js (no sourcemap found)
      - warning: could not determine a source map reference (Could not auto-detect referenced sourcemap for ~/app/unauthorized/page_client-reference-manifest.js)
    ~/app/upgrade/page.js (sourcemap at page.js.map)
    ~/app/upgrade/page_client-reference-manifest.js (no sourcemap found)
      - warning: could not determine a source map reference (Could not auto-detect referenced sourcemap for ~/app/upgrade/page_client-reference-manifest.js)
    ~/chunks/0bf35_build_esm_detectors_platform_node_machine-id_getMachineId-linux_6b4e949a.js (sourcemap at 0bf35_build_esm_detectors_platform_node_machine-id_getMachineId-linux_6b4e949a.js.map, debug id 7abf6668-0581-2f20-e8d4-3bc0398b85f4)
    ~/chunks/0bf35_build_esm_detectors_platform_node_machine-id_getMachineId-linux_716f33e7.js (sourcemap at 0bf35_build_esm_detectors_platform_node_machine-id_getMachineId-linux_716f33e7.js.map, debug id 671d503a-fd92-4071-ff84-4cecad9cbfa2)
    ~/chunks/0bf35_build_esm_detectors_platform_node_machine-id_getMachineId-unsupported_c71858a5.js (sourcemap at 0bf35_build_esm_detectors_platform_node_machine-id_getMachineId-unsupported_c71858a5.js.map, debug id 8a921b40-388b-2847-c890-1bb0bb995654)
    ~/chunks/0bf35_build_esm_detectors_platform_node_machine-id_getMachineId-unsupported_c81aba5d.js (sourcemap at 0bf35_build_esm_detectors_platform_node_machine-id_getMachineId-unsupported_c81aba5d.js.map, debug id cf9027d0-f1c3-0ebf-94b9-aa7a411a8357)
    ~/chunks/[root-of-the-server]__01703afc._.js (sourcemap at %5Broot-of-the-server%5D__01703afc._.js.map, debug id 9a3c258d-7d33-1ca3-c74b-b9a644b98523)
    ~/chunks/[root-of-the-server]__03df54d6._.js (sourcemap at %5Broot-of-the-server%5D__03df54d6._.js.map, debug id d5a65280-e77d-41fc-49aa-34fb21ed390c)
    ~/chunks/[root-of-the-server]__04fc7918._.js (sourcemap at %5Broot-of-the-server%5D__04fc7918._.js.map, debug id 51b606b3-9526-8823-5b93-b7b80fec6faf)
    ~/chunks/[root-of-the-server]__097ca149._.js (sourcemap at %5Broot-of-the-server%5D__097ca149._.js.map, debug id 91af02e8-d386-2ff3-f815-fd029adff4a9)
    ~/chunks/[root-of-the-server]__0f475e1f._.js (sourcemap at %5Broot-of-the-server%5D__0f475e1f._.js.map, debug id b1949e7e-da16-0f0a-f405-ee976f4c93ae)
    ~/chunks/[root-of-the-server]__11c0cf2a._.js (sourcemap at %5Broot-of-the-server%5D__11c0cf2a._.js.map, debug id 4842efbc-4132-e1a3-5a3a-4f3c6295ee9d)
    ~/chunks/[root-of-the-server]__15fff9f3._.js (sourcemap at %5Broot-of-the-server%5D__15fff9f3._.js.map, debug id 731ab838-7d78-7cee-7751-cc78bc80fb39)
    ~/chunks/[root-of-the-server]__164a37f1._.js (sourcemap at %5Broot-of-the-server%5D__164a37f1._.js.map, debug id 81404da6-ca07-33fb-5fc7-f83f589d6b2b)
    ~/chunks/[root-of-the-server]__183b008c._.js (sourcemap at %5Broot-of-the-server%5D__183b008c._.js.map, debug id d51da192-543a-55cc-4183-271349c24f24)
    ~/chunks/[root-of-the-server]__189fc142._.js (sourcemap at %5Broot-of-the-server%5D__189fc142._.js.map, debug id 2fe52bbe-8802-ce90-d9d4-5f80eab1a96f)
    ~/chunks/[root-of-the-server]__19aef01b._.js (sourcemap at %5Broot-of-the-server%5D__19aef01b._.js.map, debug id 88c0e1f3-f298-23cf-ff9c-f6208c679216)
    ~/chunks/[root-of-the-server]__1cb30fcd._.js (sourcemap at %5Broot-of-the-server%5D__1cb30fcd._.js.map, debug id 44d1219f-dc1d-9ec7-a4ed-d4173f119ddc)
    ~/chunks/[root-of-the-server]__21fa3a62._.js (sourcemap at %5Broot-of-the-server%5D__21fa3a62._.js.map, debug id f732a340-efae-a3d7-ea4b-a475226c020e)
    ~/chunks/[root-of-the-server]__24373d87._.js (sourcemap at %5Broot-of-the-server%5D__24373d87._.js.map, debug id 28f83aa8-6309-8d07-00b7-665e9d5ae8a9)
    ~/chunks/[root-of-the-server]__25eb36e3._.js (sourcemap at %5Broot-of-the-server%5D__25eb36e3._.js.map, debug id 41450564-7005-7a19-90cd-5af35c4aa070)
    ~/chunks/[root-of-the-server]__2ae3d0e4._.js (sourcemap at %5Broot-of-the-server%5D__2ae3d0e4._.js.map, debug id 9df3eec5-dbbe-480c-a096-863884f01ad4)
    ~/chunks/[root-of-the-server]__2bc26c44._.js (sourcemap at %5Broot-of-the-server%5D__2bc26c44._.js.map, debug id cdd5cec9-6ae9-fdf8-0be2-bfe8605bbb7c)
    ~/chunks/[root-of-the-server]__34e8ab4f._.js (sourcemap at %5Broot-of-the-server%5D__34e8ab4f._.js.map, debug id 171d58eb-2bf5-8e63-b698-ed3bdfb90272)
    ~/chunks/[root-of-the-server]__37985b62._.js (sourcemap at %5Broot-of-the-server%5D__37985b62._.js.map, debug id 65aad319-3972-27d6-aa81-25de21e68ffa)
    ~/chunks/[root-of-the-server]__3af040ec._.js (sourcemap at %5Broot-of-the-server%5D__3af040ec._.js.map, debug id 0faae3c0-9f1c-525f-cc81-9a1a84037ac5)
    ~/chunks/[root-of-the-server]__3d00f5cf._.js (sourcemap at %5Broot-of-the-server%5D__3d00f5cf._.js.map, debug id a0963acc-8f6c-4ccf-17d4-8d2d97f1c4fe)
    ~/chunks/[root-of-the-server]__40c6c457._.js (sourcemap at %5Broot-of-the-server%5D__40c6c457._.js.map, debug id f82460f5-c6b8-5b03-2445-b84fe3c6cac6)
    ~/chunks/[root-of-the-server]__4341651f._.js (sourcemap at %5Broot-of-the-server%5D__4341651f._.js.map, debug id 95b70b6d-4cf7-6f66-da39-76fb2a9d0d12)
    ~/chunks/[root-of-the-server]__43f3e0e3._.js (sourcemap at %5Broot-of-the-server%5D__43f3e0e3._.js.map, debug id a52a6deb-9530-0f0b-7eb5-576eb803ea9b)
    ~/chunks/[root-of-the-server]__449c6b16._.js (sourcemap at %5Broot-of-the-server%5D__449c6b16._.js.map, debug id 7abbcbc8-63eb-3f40-fb9c-a256529eadba)
    ~/chunks/[root-of-the-server]__450bd2c8._.js (sourcemap at %5Broot-of-the-server%5D__450bd2c8._.js.map, debug id 5b3dcef7-60a2-6c32-b8b1-784c143cf7b6)
    ~/chunks/[root-of-the-server]__46ae1923._.js (sourcemap at %5Broot-of-the-server%5D__46ae1923._.js.map, debug id bef44326-0132-5b84-e0bd-658f10429f53)
    ~/chunks/[root-of-the-server]__49411358._.js (sourcemap at %5Broot-of-the-server%5D__49411358._.js.map, debug id 056bab86-75bf-21fb-e637-49b6738963b3)
    ~/chunks/[root-of-the-server]__49f37548._.js (sourcemap at %5Broot-of-the-server%5D__49f37548._.js.map, debug id c871a628-0a98-9e20-2807-26a660b91205)
    ~/chunks/[root-of-the-server]__4ab769f9._.js (sourcemap at %5Broot-of-the-server%5D__4ab769f9._.js.map, debug id e2d833c4-f157-cc02-6084-b2cbd35ae7ea)
    ~/chunks/[root-of-the-server]__4c5af330._.js (sourcemap at %5Broot-of-the-server%5D__4c5af330._.js.map, debug id 9ba7c8ee-071b-5c83-57bd-6aac73cee23d)
    ~/chunks/[root-of-the-server]__51891222._.js (sourcemap at %5Broot-of-the-server%5D__51891222._.js.map, debug id 30dac2f1-9aed-2b30-bc0f-c6c8528feccf)
    ~/chunks/[root-of-the-server]__53c0d1c8._.js (sourcemap at %5Broot-of-the-server%5D__53c0d1c8._.js.map, debug id 6ecf0ead-7a44-f684-be46-314a0794727d)
    ~/chunks/[root-of-the-server]__53d2c3e4._.js (sourcemap at %5Broot-of-the-server%5D__53d2c3e4._.js.map, debug id 87d75eeb-5982-4e1f-8183-c77686dae07f)
    ~/chunks/[root-of-the-server]__57bc9df2._.js (sourcemap at %5Broot-of-the-server%5D__57bc9df2._.js.map, debug id 2aa03e49-0bd7-197e-ac42-5004c4dc26c5)
    ~/chunks/[root-of-the-server]__59a84aea._.js (sourcemap at %5Broot-of-the-server%5D__59a84aea._.js.map, debug id 1edc209d-33d3-6c7b-8aeb-071bba05c89b)
    ~/chunks/[root-of-the-server]__59f52efa._.js (sourcemap at %5Broot-of-the-server%5D__59f52efa._.js.map, debug id 2da4b2cb-80b2-4f03-1327-f54e341cae95)
    ~/chunks/[root-of-the-server]__66ce4d71._.js (sourcemap at %5Broot-of-the-server%5D__66ce4d71._.js.map, debug id 3f5663e5-7592-9e67-19e7-e699ca05075b)
    ~/chunks/[root-of-the-server]__68a37da7._.js (sourcemap at %5Broot-of-the-server%5D__68a37da7._.js.map, debug id 7fe048f4-e9dc-23f6-fcce-93291b136346)
    ~/chunks/[root-of-the-server]__69bbe41d._.js (sourcemap at %5Broot-of-the-server%5D__69bbe41d._.js.map, debug id 00568749-88c6-58bb-7c8a-aae2f6f739f0)
    ~/chunks/[root-of-the-server]__6b1e5dda._.js (sourcemap at %5Broot-of-the-server%5D__6b1e5dda._.js.map, debug id 80bb8253-2940-2fcf-deca-de9766d2e46f)
    ~/chunks/[root-of-the-server]__6d05f5ab._.js (sourcemap at %5Broot-of-the-server%5D__6d05f5ab._.js.map, debug id 725ca5d3-82db-6f0f-39ea-7b915eea40c6)
    ~/chunks/[root-of-the-server]__71e893c7._.js (sourcemap at %5Broot-of-the-server%5D__71e893c7._.js.map, debug id 4eee8a4c-138d-e9f4-dc77-4dc248a5edd7)
    ~/chunks/[root-of-the-server]__74f3c3e4._.js (sourcemap at %5Broot-of-the-server%5D__74f3c3e4._.js.map, debug id 81a6afed-9b7a-1ee3-fdd2-87b97fe55c38)
    ~/chunks/[root-of-the-server]__79022f2b._.js (sourcemap at %5Broot-of-the-server%5D__79022f2b._.js.map, debug id 54690da4-cf14-57d3-1725-18ca799f5bdd)
    ~/chunks/[root-of-the-server]__7f3a14ca._.js (sourcemap at %5Broot-of-the-server%5D__7f3a14ca._.js.map, debug id a26851dd-9f4f-0960-39bd-34fd392efee9)
    ~/chunks/[root-of-the-server]__84aa4e31._.js (sourcemap at %5Broot-of-the-server%5D__84aa4e31._.js.map, debug id 6f25a6c2-1028-d3cc-d9f7-a6de23e5e236)
    ~/chunks/[root-of-the-server]__84e41381._.js (sourcemap at %5Broot-of-the-server%5D__84e41381._.js.map, debug id d97cf939-d0c0-3a16-739d-d9802eaea826)
    ~/chunks/[root-of-the-server]__8e8c253c._.js (sourcemap at %5Broot-of-the-server%5D__8e8c253c._.js.map, debug id 7fb30b1a-2e54-cf5b-a42b-1382f6164bdd)
    ~/chunks/[root-of-the-server]__90aa6316._.js (sourcemap at %5Broot-of-the-server%5D__90aa6316._.js.map, debug id d38afc50-7d72-39d5-c502-d11e22325ab6)
    ~/chunks/[root-of-the-server]__93df6cf0._.js (sourcemap at %5Broot-of-the-server%5D__93df6cf0._.js.map, debug id eab76a76-a403-7185-a663-b03dbe01441e)
    ~/chunks/[root-of-the-server]__9598b5a0._.js (sourcemap at %5Broot-of-the-server%5D__9598b5a0._.js.map, debug id 6b9160e9-1c02-2f8b-9bc1-89e73189fd4b)
    ~/chunks/[root-of-the-server]__96376d02._.js (sourcemap at %5Broot-of-the-server%5D__96376d02._.js.map, debug id 003321cf-b508-6ed2-8c77-20d79912a1de)
    ~/chunks/[root-of-the-server]__98691c62._.js (sourcemap at %5Broot-of-the-server%5D__98691c62._.js.map, debug id 7d3cafb6-bd59-3648-c457-88a09ab42078)
    ~/chunks/[root-of-the-server]__9adaeb7b._.js (sourcemap at %5Broot-of-the-server%5D__9adaeb7b._.js.map, debug id 3a4f90b7-1a20-9ab4-4ac0-199734ce7230)
    ~/chunks/[root-of-the-server]__9fcc5783._.js (sourcemap at %5Broot-of-the-server%5D__9fcc5783._.js.map, debug id 407d12aa-41d5-d512-c424-3ec6abee03c0)
    ~/chunks/[root-of-the-server]__a12a27e8._.js (sourcemap at %5Broot-of-the-server%5D__a12a27e8._.js.map, debug id 54e63020-f726-833d-28c9-d9e02101e66c)
    ~/chunks/[root-of-the-server]__a83ec6b8._.js (sourcemap at %5Broot-of-the-server%5D__a83ec6b8._.js.map, debug id 3c4b1e64-425f-f856-3df1-8ebd78fec200)
    ~/chunks/[root-of-the-server]__aa5d0c39._.js (sourcemap at %5Broot-of-the-server%5D__aa5d0c39._.js.map, debug id 326104a1-fa30-4922-a517-1d55a47fb455)
    ~/chunks/[root-of-the-server]__abcb2565._.js (sourcemap at %5Broot-of-the-server%5D__abcb2565._.js.map, debug id 089ca50e-2057-072c-2d1a-4ae4c62aa318)
    ~/chunks/[root-of-the-server]__ac69ab55._.js (sourcemap at %5Broot-of-the-server%5D__ac69ab55._.js.map, debug id 1c16be4a-97cf-ed36-2df5-8f43036f6211)
    ~/chunks/[root-of-the-server]__b055075e._.js (sourcemap at %5Broot-of-the-server%5D__b055075e._.js.map, debug id f4093cc7-81b1-9e0c-5309-e5eb0a52f3ac)
    ~/chunks/[root-of-the-server]__b37a30e6._.js (sourcemap at %5Broot-of-the-server%5D__b37a30e6._.js.map, debug id 4dc51618-022d-1a1d-62e0-8100e62f1306)
    ~/chunks/[root-of-the-server]__b3942359._.js (sourcemap at %5Broot-of-the-server%5D__b3942359._.js.map, debug id b0ab1c16-2e87-f323-9074-a88413407c80)
    ~/chunks/[root-of-the-server]__b4ba2f72._.js (sourcemap at %5Broot-of-the-server%5D__b4ba2f72._.js.map, debug id 8f1d0f1d-9f13-b474-38a3-393cf5ffe1bc)
    ~/chunks/[root-of-the-server]__b55a9361._.js (sourcemap at %5Broot-of-the-server%5D__b55a9361._.js.map, debug id 984e37e4-83e5-ce0e-276e-c68e2c60bd09)
    ~/chunks/[root-of-the-server]__bc5c1913._.js (sourcemap at %5Broot-of-the-server%5D__bc5c1913._.js.map, debug id 333d8721-6a9a-c331-ac10-791b6bbaff26)
    ~/chunks/[root-of-the-server]__c0397e7f._.js (sourcemap at %5Broot-of-the-server%5D__c0397e7f._.js.map, debug id 35617652-43a9-43a0-30ae-3b9b50f53d0f)
    ~/chunks/[root-of-the-server]__c1d29d98._.js (sourcemap at %5Broot-of-the-server%5D__c1d29d98._.js.map, debug id 77b10742-73ba-1e15-367a-6acc904ba932)
    ~/chunks/[root-of-the-server]__c42120d5._.js (sourcemap at %5Broot-of-the-server%5D__c42120d5._.js.map, debug id ee34b61e-e6f3-2d49-a951-ef27b6d0bf28)
    ~/chunks/[root-of-the-server]__c4711494._.js (sourcemap at %5Broot-of-the-server%5D__c4711494._.js.map, debug id 000a1260-c2a9-2d0d-3b8c-989275975cd8)
    ~/chunks/[root-of-the-server]__c54ce4f5._.js (sourcemap at %5Broot-of-the-server%5D__c54ce4f5._.js.map, debug id dbe15cce-949d-c991-4703-0403dfd31ca1)
    ~/chunks/[root-of-the-server]__c5fd13b5._.js (sourcemap at %5Broot-of-the-server%5D__c5fd13b5._.js.map, debug id 2920c329-de99-2b3e-ca99-b0fae0af1355)
    ~/chunks/[root-of-the-server]__c77b9707._.js (sourcemap at %5Broot-of-the-server%5D__c77b9707._.js.map, debug id 97d64189-81ab-4f33-07cc-d54ce3ef0fc0)
    ~/chunks/[root-of-the-server]__c9bc6b7f._.js (sourcemap at %5Broot-of-the-server%5D__c9bc6b7f._.js.map, debug id c272c623-9a93-00f4-2bc8-a3d2f927bdc6)
    ~/chunks/[root-of-the-server]__ce62baca._.js (sourcemap at %5Broot-of-the-server%5D__ce62baca._.js.map, debug id ef0827eb-ac84-0c5b-3407-dcc1bf432907)
    ~/chunks/[root-of-the-server]__ce81a952._.js (sourcemap at %5Broot-of-the-server%5D__ce81a952._.js.map, debug id 0ebbc051-d2fa-c0f1-1c4f-114f19d8bfb4)
    ~/chunks/[root-of-the-server]__d36e20da._.js (sourcemap at %5Broot-of-the-server%5D__d36e20da._.js.map, debug id dc278245-7fc9-0381-7e47-3dd6cb8cbd87)
    ~/chunks/[root-of-the-server]__d3b5392c._.js (sourcemap at %5Broot-of-the-server%5D__d3b5392c._.js.map, debug id 6d0d785d-090d-ba70-3d9c-7e2363d60128)
    ~/chunks/[root-of-the-server]__d4124fa3._.js (sourcemap at %5Broot-of-the-server%5D__d4124fa3._.js.map, debug id 1abc3451-9a4c-ac1a-882f-5d494775aaf4)
    ~/chunks/[root-of-the-server]__d443c748._.js (sourcemap at %5Broot-of-the-server%5D__d443c748._.js.map, debug id f8f168d4-1296-47ac-aded-f698e1deea49)
    ~/chunks/[root-of-the-server]__d566e4e8._.js (sourcemap at %5Broot-of-the-server%5D__d566e4e8._.js.map, debug id 8da5b7b0-f4a3-3428-8f3d-1ca2870fffe5)
    ~/chunks/[root-of-the-server]__d627e735._.js (sourcemap at %5Broot-of-the-server%5D__d627e735._.js.map, debug id dfaedc9d-9f20-449d-e21b-7f772d600238)
    ~/chunks/[root-of-the-server]__d68fafb1._.js (sourcemap at %5Broot-of-the-server%5D__d68fafb1._.js.map, debug id 2adcc91c-6bc7-0372-8ddf-163352bef08b)
    ~/chunks/[root-of-the-server]__db20aac9._.js (sourcemap at %5Broot-of-the-server%5D__db20aac9._.js.map, debug id c6b532cb-062e-d676-e50c-7c40641f4461)
    ~/chunks/[root-of-the-server]__deed7c49._.js (sourcemap at %5Broot-of-the-server%5D__deed7c49._.js.map, debug id d662457b-7a0c-6e2b-5084-a6e3ff51f2ee)
    ~/chunks/[root-of-the-server]__e1e613ad._.js (sourcemap at %5Broot-of-the-server%5D__e1e613ad._.js.map, debug id 343ab107-2322-cfb5-e78e-990b68ffe10e)
    ~/chunks/[root-of-the-server]__e2969212._.js (sourcemap at %5Broot-of-the-server%5D__e2969212._.js.map, debug id fc6e120e-af3c-1aa3-b6b4-9e6164c6f0e0)
    ~/chunks/[root-of-the-server]__e35ae302._.js (sourcemap at %5Broot-of-the-server%5D__e35ae302._.js.map, debug id f51b1d10-c503-6727-11d5-14628ae4eea9)
    ~/chunks/[root-of-the-server]__e46f4518._.js (sourcemap at %5Broot-of-the-server%5D__e46f4518._.js.map, debug id 0edacd78-f30f-78bc-f219-d6703982699e)
    ~/chunks/[root-of-the-server]__ec145f5e._.js (sourcemap at %5Broot-of-the-server%5D__ec145f5e._.js.map, debug id 47f33f44-3b61-3338-f130-700701b645b0)
    ~/chunks/[root-of-the-server]__f24d80f8._.js (sourcemap at %5Broot-of-the-server%5D__f24d80f8._.js.map, debug id ed2356f2-d4af-244f-6e8c-f657f0dd05a5)
    ~/chunks/[root-of-the-server]__f651180f._.js (sourcemap at %5Broot-of-the-server%5D__f651180f._.js.map, debug id 32c24811-4ee5-ddf0-283c-07a6748d7a36)
    ~/chunks/[root-of-the-server]__f9f2ac40._.js (sourcemap at %5Broot-of-the-server%5D__f9f2ac40._.js.map, debug id 20c9839f-f385-29cb-ed57-62597ba9efb3)
    ~/chunks/[root-of-the-server]__fe22019b._.js (sourcemap at %5Broot-of-the-server%5D__fe22019b._.js.map, debug id 3540251b-a14b-49ca-9032-0c1b7353ce6a)
    ~/chunks/[root-of-the-server]__ffa648cf._.js (sourcemap at %5Broot-of-the-server%5D__ffa648cf._.js.map, debug id d8774109-9a0a-ce5a-8f0c-6366f849b5d1)
    ~/chunks/[turbopack]_runtime.js (sourcemap at %5Bturbopack%5D_runtime.js.map)
    ~/chunks/_aef5722c._.js (sourcemap at _aef5722c._.js.map, debug id 54055142-553f-0b72-9932-3161fee4b1c7)
    ~/chunks/_c6230300._.js (sourcemap at _c6230300._.js.map, debug id 8a075803-9812-d977-d00f-cdd5e9b84881)
    ~/chunks/_next-internal_server_app_api_admin_audit_suggestions_route_actions_672b8c22.js (sourcemap at _next-internal_server_app_api_admin_audit_suggestions_route_actions_672b8c22.js.map, debug id 424738a4-75bd-fe38-d04d-dc5a878cbd8d)
    ~/chunks/_next-internal_server_app_api_admin_audit_users_route_actions_af90c5e0.js (sourcemap at _next-internal_server_app_api_admin_audit_users_route_actions_af90c5e0.js.map, debug id e3a22dae-c9a7-b9b2-fc96-0c3b305069f7)
    ~/chunks/_next-internal_server_app_api_admin_bulk_route_actions_870b0e32.js (sourcemap at _next-internal_server_app_api_admin_bulk_route_actions_870b0e32.js.map, debug id e27df332-bf79-3b5c-2c29-9f759150d0ea)
    ~/chunks/_next-internal_server_app_api_admin_create-studio_route_actions_fe6f3073.js (sourcemap at _next-internal_server_app_api_admin_create-studio_route_actions_fe6f3073.js.map, debug id 432cd560-900b-d71c-64c8-85edfdef71c1)
    ~/chunks/_next-internal_server_app_api_admin_dashboard_route_actions_bbe806ca.js (sourcemap at _next-internal_server_app_api_admin_dashboard_route_actions_bbe806ca.js.map, debug id ae2bafe5-d6ca-52d2-cea3-8e052aa794fc)
    ~/chunks/_next-internal_server_app_api_admin_error-log_[id]_route_actions_2f1bcd6f.js (sourcemap at _next-internal_server_app_api_admin_error-log_%5Bid%5D_route_actions_2f1bcd6f.js.map, debug id d27c433f-dedd-3d9c-bfe9-97f429d65327)
    ~/chunks/_next-internal_server_app_api_admin_error-log_route_actions_889d7d95.js (sourcemap at _next-internal_server_app_api_admin_error-log_route_actions_889d7d95.js.map, debug id d88d724f-aa99-540c-0bda-13a8515b895c)
    ~/chunks/_next-internal_server_app_api_admin_faq_[id]_route_actions_d71e003b.js (sourcemap at _next-internal_server_app_api_admin_faq_%5Bid%5D_route_actions_d71e003b.js.map, debug id e664d6d4-0048-a072-d4e0-f0b7b83e939e)
    ~/chunks/_next-internal_server_app_api_admin_faq_reorder_route_actions_96ddce47.js (sourcemap at _next-internal_server_app_api_admin_faq_reorder_route_actions_96ddce47.js.map, debug id 7e6a446f-e03e-4e1a-7f18-457224ae8b3c)
    ~/chunks/_next-internal_server_app_api_admin_faq_route_actions_10c64405.js (sourcemap at _next-internal_server_app_api_admin_faq_route_actions_10c64405.js.map, debug id b623252a-7c3b-a18c-a67c-d2a2b1847789)
    ~/chunks/_next-internal_server_app_api_admin_payments_[id]_refund_route_actions_209fe9a6.js (sourcemap at _next-internal_server_app_api_admin_payments_%5Bid%5D_refund_route_actions_209fe9a6.js.map, debug id d5dd4b97-04f7-4896-44cd-abfd45307f22)
    ~/chunks/_next-internal_server_app_api_admin_payments_[id]_route_actions_e1742f15.js (sourcemap at _next-internal_server_app_api_admin_payments_%5Bid%5D_route_actions_e1742f15.js.map, debug id aacc0c28-0af9-2b3b-06ce-cb7dac9c6720)
    ~/chunks/_next-internal_server_app_api_admin_payments_route_actions_fca5d9ff.js (sourcemap at _next-internal_server_app_api_admin_payments_route_actions_fca5d9ff.js.map, debug id 0a0ecf5b-9987-7606-b460-beb16da4273b)
    ~/chunks/_next-internal_server_app_api_admin_reservations_[userId]_route_actions_3f4c48a7.js (sourcemap at _next-internal_server_app_api_admin_reservations_%5BuserId%5D_route_actions_3f4c48a7.js.map, debug id 56762920-3c55-33d5-4fc3-0da1fd8587a9)
    ~/chunks/_next-internal_server_app_api_admin_reservations_route_actions_79fee522.js (sourcemap at _next-internal_server_app_api_admin_reservations_route_actions_79fee522.js.map, debug id fade68da-f9a1-e2a7-47a2-0ad2b3c7c41b)
    ~/chunks/_next-internal_server_app_api_admin_sentry-test-error_route_actions_33e1ad12.js (sourcemap at _next-internal_server_app_api_admin_sentry-test-error_route_actions_33e1ad12.js.map, debug id 50033fe4-b9b1-a9ad-ded0-59029deca260)
    ~/chunks/_next-internal_server_app_api_admin_sticky-notes_route_actions_32f82aae.js (sourcemap at _next-internal_server_app_api_admin_sticky-notes_route_actions_32f82aae.js.map, debug id 0870d727-08be-ef6a-2eaf-54fc9ec72ced)
    ~/chunks/_next-internal_server_app_api_admin_studios_[id]_featured_route_actions_d6a87df9.js (sourcemap at _next-internal_server_app_api_admin_studios_%5Bid%5D_featured_route_actions_d6a87df9.js.map, debug id 371f8c5c-f405-5cb3-c0ef-6e2d6c386158)
    ~/chunks/_next-internal_server_app_api_admin_studios_[id]_images_route_actions_cf500d36.js (sourcemap at _next-internal_server_app_api_admin_studios_%5Bid%5D_images_route_actions_cf500d36.js.map, debug id 17f0042b-de4d-4b88-9501-8fde71f10ab6)
    ~/chunks/_next-internal_server_app_api_admin_studios_[id]_route_actions_48939b46.js (sourcemap at _next-internal_server_app_api_admin_studios_%5Bid%5D_route_actions_48939b46.js.map, debug id 4b8e6bcb-7703-2f07-e34d-eb299633026a)
    ~/chunks/_next-internal_server_app_api_admin_studios_[id]_status_route_actions_c367ee49.js (sourcemap at _next-internal_server_app_api_admin_studios_%5Bid%5D_status_route_actions_c367ee49.js.map, debug id d3ed137d-adbb-5ba2-3c5c-564cf323c7bd)
    ~/chunks/_next-internal_server_app_api_admin_studios_[id]_verified_route_actions_0b74bb33.js (sourcemap at _next-internal_server_app_api_admin_studios_%5Bid%5D_verified_route_actions_0b74bb33.js.map, debug id f85f45ce-54c9-7df4-ccff-d8bfca626695)
    ~/chunks/_next-internal_server_app_api_admin_studios_route_actions_944dbbbc.js (sourcemap at _next-internal_server_app_api_admin_studios_route_actions_944dbbbc.js.map, debug id 142ae99f-d422-538b-7aed-bd7ced6af78e)
    ~/chunks/_next-internal_server_app_api_admin_studios_verify_route_actions_bdc300a2.js (sourcemap at _next-internal_server_app_api_admin_studios_verify_route_actions_bdc300a2.js.map, debug id 3a9c35e0-a894-180c-fdb7-8ef417e779db)
    ~/chunks/_next-internal_server_app_api_admin_support-tickets_[id]_route_actions_adffb5be.js (sourcemap at _next-internal_server_app_api_admin_support-tickets_%5Bid%5D_route_actions_adffb5be.js.map, debug id 07395e5c-dcad-d3f8-e8be-1f4e031e535e)
    ~/chunks/_next-internal_server_app_api_admin_support-tickets_route_actions_8a62e51b.js (sourcemap at _next-internal_server_app_api_admin_support-tickets_route_actions_8a62e51b.js.map, debug id 470bc2ec-7bfa-dc6e-d4bb-8a148d5e4645)
    ~/chunks/_next-internal_server_app_api_admin_sync-sentry_route_actions_88f5cd90.js (sourcemap at _next-internal_server_app_api_admin_sync-sentry_route_actions_88f5cd90.js.map, debug id b6bf7100-60ee-9b14-33df-de70b11ae946)
    ~/chunks/_next-internal_server_app_api_auth_[___nextauth]_route_actions_1c865db8.js (sourcemap at _next-internal_server_app_api_auth_%5B___nextauth%5D_route_actions_1c865db8.js.map, debug id ba74a0bf-5201-1cb4-d702-60bbf3521cec)
    ~/chunks/_next-internal_server_app_api_auth_check-payment-status_route_actions_fd893a42.js (sourcemap at _next-internal_server_app_api_auth_check-payment-status_route_actions_fd893a42.js.map, debug id 29e9e5b4-e895-4496-6653-963b8b217c68)
    ~/chunks/_next-internal_server_app_api_auth_check-signup-status_route_actions_39611bda.js (sourcemap at _next-internal_server_app_api_auth_check-signup-status_route_actions_39611bda.js.map, debug id e48bd283-5ec1-675f-840c-5c9a70498259)
    ~/chunks/_next-internal_server_app_api_auth_check-username_route_actions_a753adb5.js (sourcemap at _next-internal_server_app_api_auth_check-username_route_actions_a753adb5.js.map, debug id ca6d89da-8832-4684-7cc4-22c1839a9015)
    ~/chunks/_next-internal_server_app_api_auth_expire-pending-user_route_actions_3e98022c.js (sourcemap at _next-internal_server_app_api_auth_expire-pending-user_route_actions_3e98022c.js.map, debug id ca02af6b-13c0-bf62-a71f-c9624931b2a4)
    ~/chunks/_next-internal_server_app_api_auth_forgot-password_route_actions_ada86dd3.js (sourcemap at _next-internal_server_app_api_auth_forgot-password_route_actions_ada86dd3.js.map, debug id 43472cdd-cb93-2286-73b5-a66543cb5515)
    ~/chunks/_next-internal_server_app_api_auth_recover-signup_route_actions_2fbb50b4.js (sourcemap at _next-internal_server_app_api_auth_recover-signup_route_actions_2fbb50b4.js.map, debug id f747c02e-132f-08d0-d952-ace10f70b338)
    ~/chunks/_next-internal_server_app_api_auth_register_route_actions_3564e727.js (sourcemap at _next-internal_server_app_api_auth_register_route_actions_3564e727.js.map, debug id 99ba33ce-1f1f-1794-2667-7b5efd7d14ae)
    ~/chunks/_next-internal_server_app_api_auth_resend-verification_route_actions_700ce22c.js (sourcemap at _next-internal_server_app_api_auth_resend-verification_route_actions_700ce22c.js.map, debug id 9a715876-e148-74e0-b4f7-7dc4d640c431)
    ~/chunks/_next-internal_server_app_api_auth_reserve-username_route_actions_87968e68.js (sourcemap at _next-internal_server_app_api_auth_reserve-username_route_actions_87968e68.js.map, debug id 1c0dbcd5-ef18-ab72-201c-dbc1bbf6e062)
    ~/chunks/_next-internal_server_app_api_auth_reset-password_route_actions_727e7a95.js (sourcemap at _next-internal_server_app_api_auth_reset-password_route_actions_727e7a95.js.map, debug id 645b83d6-e14e-b600-89a3-d12b7dbe4aee)
    ~/chunks/_next-internal_server_app_api_auth_retry-payment_route_actions_e60cd89e.js (sourcemap at _next-internal_server_app_api_auth_retry-payment_route_actions_e60cd89e.js.map, debug id 566ea4ef-94a4-4508-3deb-e329ab0795d8)
    ~/chunks/_next-internal_server_app_api_auth_verify-email_route_actions_c5f55e8f.js (sourcemap at _next-internal_server_app_api_auth_verify-email_route_actions_c5f55e8f.js.map, debug id 302cb881-d2be-b250-ba14-2c7e80b30dfd)
    ~/chunks/_next-internal_server_app_api_consent_route_actions_d82bc35a.js (sourcemap at _next-internal_server_app_api_consent_route_actions_d82bc35a.js.map, debug id bc49b910-201a-7fd9-4ad9-c7a564fb17f0)
    ~/chunks/_next-internal_server_app_api_contact_studio_route_actions_118a5325.js (sourcemap at _next-internal_server_app_api_contact_studio_route_actions_118a5325.js.map, debug id bf9234ec-b994-32c2-ca71-c59ab8afde15)
    ~/chunks/_next-internal_server_app_api_cron_cleanup-error-logs_route_actions_accc76c3.js (sourcemap at _next-internal_server_app_api_cron_cleanup-error-logs_route_actions_accc76c3.js.map, debug id 205d959b-532e-f677-4d66-2fe31cdde800)
    ~/chunks/_next-internal_server_app_api_cron_expire-reservations_route_actions_a2683966.js (sourcemap at _next-internal_server_app_api_cron_expire-reservations_route_actions_a2683966.js.map, debug id a2bcc1fd-77f5-a23c-4e8e-764a06bdf53c)
    ~/chunks/_next-internal_server_app_api_cron_send-engagement-emails_route_actions_1831dab6.js (sourcemap at _next-internal_server_app_api_cron_send-engagement-emails_route_actions_1831dab6.js.map, debug id c06706cd-ccd7-c367-41a6-005dcc9f7a71)
    ~/chunks/_next-internal_server_app_api_cron_sentry-sync_route_actions_ea88d312.js (sourcemap at _next-internal_server_app_api_cron_sentry-sync_route_actions_ea88d312.js.map, debug id 1be29b5c-cbd4-ae4f-5034-6742aceb64e4)
    ~/chunks/_next-internal_server_app_api_dev_cleanup-user_route_actions_e3a6e2ce.js (sourcemap at _next-internal_server_app_api_dev_cleanup-user_route_actions_e3a6e2ce.js.map, debug id 164849ec-7ff7-3ac0-53f1-25181c45798e)
    ~/chunks/_next-internal_server_app_api_health_route_actions_da3433c4.js (sourcemap at _next-internal_server_app_api_health_route_actions_da3433c4.js.map, debug id cc653a31-f7e4-feb0-2b80-fd6de0160fa7)
    ~/chunks/_next-internal_server_app_api_membership_renew-5year_route_actions_e7e52397.js (sourcemap at _next-internal_server_app_api_membership_renew-5year_route_actions_e7e52397.js.map, debug id a8774967-fce1-242f-bcc6-6bfa81434c68)
    ~/chunks/_next-internal_server_app_api_membership_renew-early_route_actions_d3c1cf05.js (sourcemap at _next-internal_server_app_api_membership_renew-early_route_actions_d3c1cf05.js.map, debug id 4e350420-a053-8a45-146e-05cb3b70db84)
    ~/chunks/_next-internal_server_app_api_search_suggestions_route_actions_fb67b865.js (sourcemap at _next-internal_server_app_api_search_suggestions_route_actions_fb67b865.js.map, debug id a3b5e43c-ce37-b010-0ef0-63c23639a1f7)
    ~/chunks/_next-internal_server_app_api_search_users_route_actions_cfc80e8a.js (sourcemap at _next-internal_server_app_api_search_users_route_actions_cfc80e8a.js.map, debug id 8f6c1ce4-618d-4d88-825a-b549ee667125)
    ~/chunks/_next-internal_server_app_api_stripe_checkout_route_actions_91e82a90.js (sourcemap at _next-internal_server_app_api_stripe_checkout_route_actions_91e82a90.js.map, debug id 6509f850-f648-deeb-9546-1f3915baa054)
    ~/chunks/_next-internal_server_app_api_stripe_webhook_route_actions_4b229d15.js (sourcemap at _next-internal_server_app_api_stripe_webhook_route_actions_4b229d15.js.map, debug id 0d5570a5-cbf0-2b6d-34b6-bab24255239d)
    ~/chunks/_next-internal_server_app_api_studio_create_route_actions_249ada70.js (sourcemap at _next-internal_server_app_api_studio_create_route_actions_249ada70.js.map, debug id 1c3f476b-f3d4-ed18-6061-8138a4d2b7b3)
    ~/chunks/_next-internal_server_app_api_studio_update_route_actions_2ed7e177.js (sourcemap at _next-internal_server_app_api_studio_update_route_actions_2ed7e177.js.map, debug id 1c9ba266-5470-0226-100b-cbe6b89d0b9e)
    ~/chunks/_next-internal_server_app_api_studios_search_route_actions_6cec4ad9.js (sourcemap at _next-internal_server_app_api_studios_search_route_actions_6cec4ad9.js.map, debug id b06c49eb-d804-cd0c-b1a6-b417ab38f523)
    ~/chunks/_next-internal_server_app_api_support_submit-ticket_route_actions_62cfab55.js (sourcemap at _next-internal_server_app_api_support_submit-ticket_route_actions_62cfab55.js.map, debug id bc3f3c32-4257-9f5b-62e6-5358ff15cef0)
    ~/chunks/_next-internal_server_app_api_update-glass-config_route_actions_3d4f5ba4.js (sourcemap at _next-internal_server_app_api_update-glass-config_route_actions_3d4f5ba4.js.map, debug id 300cf20b-d5ed-47f0-b0b1-0f6086dedce7)
    ~/chunks/_next-internal_server_app_api_upload_image_route_actions_2c0236a6.js (sourcemap at _next-internal_server_app_api_upload_image_route_actions_2c0236a6.js.map, debug id 2e8d7640-a469-30ac-7ada-feaac4dab91b)
    ~/chunks/_next-internal_server_app_api_upload_signup-image_route_actions_b3cf1e01.js (sourcemap at _next-internal_server_app_api_upload_signup-image_route_actions_b3cf1e01.js.map, debug id 40d4bdfd-37c3-2ecd-c8da-034891e41d8c)
    ~/chunks/_next-internal_server_app_api_user_change-password_route_actions_233b2afc.js (sourcemap at _next-internal_server_app_api_user_change-password_route_actions_233b2afc.js.map, debug id 4b987035-760d-e0ad-dae3-ab33b8244715)
    ~/chunks/_next-internal_server_app_api_user_close-account_route_actions_d5895887.js (sourcemap at _next-internal_server_app_api_user_close-account_route_actions_d5895887.js.map, debug id e905964e-d22a-073a-739b-1776a2d568a1)
    ~/chunks/_next-internal_server_app_api_user_data-export_route_actions_fdd87093.js (sourcemap at _next-internal_server_app_api_user_data-export_route_actions_fdd87093.js.map, debug id 9de51ceb-ef8f-ce87-a8d0-a3cd6673d70c)
    ~/chunks/_next-internal_server_app_api_user_delete-account_route_actions_5ef58113.js (sourcemap at _next-internal_server_app_api_user_delete-account_route_actions_5ef58113.js.map, debug id 89dccf26-225b-03fa-6100-9f0cf7dbe2d4)
    ~/chunks/_next-internal_server_app_api_user_download-data_route_actions_0e727a4d.js (sourcemap at _next-internal_server_app_api_user_download-data_route_actions_0e727a4d.js.map, debug id 20c926ae-7756-7065-3001-7e2753061822)
    ~/chunks/_next-internal_server_app_api_user_invoices_[id]_download_route_actions_0b0bd651.js (sourcemap at _next-internal_server_app_api_user_invoices_%5Bid%5D_download_route_actions_0b0bd651.js.map, debug id 7e8d47dc-c858-83f7-7c10-4ce2984d1882)
    ~/chunks/_next-internal_server_app_api_user_invoices_route_actions_439de567.js (sourcemap at _next-internal_server_app_api_user_invoices_route_actions_439de567.js.map, debug id 0e2f2d14-ef8d-b9d1-6071-f02814d39f25)
    ~/chunks/_next-internal_server_app_api_user_profile_images_[id]_route_actions_76cfdbcb.js (sourcemap at _next-internal_server_app_api_user_profile_images_%5Bid%5D_route_actions_76cfdbcb.js.map, debug id cf60bded-18ce-3c72-0086-ad1f4836b4e5)
    ~/chunks/_next-internal_server_app_api_user_profile_images_reorder_route_actions_9b774d3e.js (sourcemap at _next-internal_server_app_api_user_profile_images_reorder_route_actions_9b774d3e.js.map, debug id 588ac206-a08b-449b-3a27-aec007baec31)
    ~/chunks/_next-internal_server_app_api_user_profile_images_route_actions_e09d7574.js (sourcemap at _next-internal_server_app_api_user_profile_images_route_actions_e09d7574.js.map, debug id 1cd966a2-75f3-b36a-1be2-a002bfdaefda)
    ~/chunks/_next-internal_server_app_api_user_profile_route_actions_3aeda26f.js (sourcemap at _next-internal_server_app_api_user_profile_route_actions_3aeda26f.js.map, debug id 1583ef92-3d1e-df4a-732f-e82479eb854d)
    ~/chunks/_next-internal_server_app_api_user_profile_visibility_route_actions_f972eb57.js (sourcemap at _next-internal_server_app_api_user_profile_visibility_route_actions_f972eb57.js.map, debug id a87b892a-7699-a6e8-7d01-2488317d3ec8)
    ~/chunks/_next-internal_server_app_api_waitlist_[id]_route_actions_af7c54cc.js (sourcemap at _next-internal_server_app_api_waitlist_%5Bid%5D_route_actions_af7c54cc.js.map, debug id 9d7e4e69-ffbe-fa58-09b1-25d864dfba47)
    ~/chunks/_next-internal_server_app_api_waitlist_route_actions_b2a1061a.js (sourcemap at _next-internal_server_app_api_waitlist_route_actions_b2a1061a.js.map, debug id 3af606a1-6c1c-a680-22ff-fb6415b1c9ba)
    ~/chunks/_next-internal_server_app_api_webhooks_sentry_route_actions_00236bf8.js (sourcemap at _next-internal_server_app_api_webhooks_sentry_route_actions_00236bf8.js.map, debug id c40c8599-b59f-6ac3-d9fc-f6e7d55eb28e)
    ~/chunks/_next-internal_server_app_favicon_ico_route_actions_353150a5.js (sourcemap at _next-internal_server_app_favicon_ico_route_actions_353150a5.js.map, debug id fb548890-40f6-455a-5d84-3fd476472799)
    ~/chunks/_next-internal_server_app_robots_txt_route_actions_9118e90f.js (sourcemap at _next-internal_server_app_robots_txt_route_actions_9118e90f.js.map, debug id 26b53b51-d18c-999b-2c17-14d11e3e502d)
    ~/chunks/_next-internal_server_app_sitemap_xml_route_actions_12658ace.js (sourcemap at _next-internal_server_app_sitemap_xml_route_actions_12658ace.js.map, debug id 3343cd73-a192-a195-fd48-aa7efb901ed8)
    ~/chunks/a9bf9_@opentelemetry_resources_build_esm_detectors_platform_node_machine-id_08771b3b._.js (sourcemap at a9bf9_%40opentelemetry_resources_build_esm_detectors_platform_node_machine-id_08771b3b._.js.map, debug id 8ad50a16-353d-2581-262b-587728b8fdac)
    ~/chunks/a9bf9_@opentelemetry_resources_build_esm_detectors_platform_node_machine-id_3c882e41._.js (sourcemap at a9bf9_%40opentelemetry_resources_build_esm_detectors_platform_node_machine-id_3c882e41._.js.map, debug id 650e853c-6ec6-dcad-24fa-87036df57e35)
    ~/chunks/a9bf9_@opentelemetry_resources_build_esm_detectors_platform_node_machine-id_559309af._.js (sourcemap at a9bf9_%40opentelemetry_resources_build_esm_detectors_platform_node_machine-id_559309af._.js.map, debug id 3110ccfc-8b5f-74f3-fe35-9fb6e9b98a1f)
    ~/chunks/a9bf9_@opentelemetry_resources_build_esm_detectors_platform_node_machine-id_5fd8c034._.js (sourcemap at a9bf9_%40opentelemetry_resources_build_esm_detectors_platform_node_machine-id_5fd8c034._.js.map, debug id 7faafb3d-0d53-efa1-74f7-ad098335c32e)
    ~/chunks/a9bf9_@opentelemetry_resources_build_esm_detectors_platform_node_machine-id_97a49b9d._.js (sourcemap at a9bf9_%40opentelemetry_resources_build_esm_detectors_platform_node_machine-id_97a49b9d._.js.map, debug id e83a5b16-0a82-4089-6c68-9b6fda34d58b)
    ~/chunks/a9bf9_@opentelemetry_resources_build_esm_detectors_platform_node_machine-id_af02c639._.js (sourcemap at a9bf9_%40opentelemetry_resources_build_esm_detectors_platform_node_machine-id_af02c639._.js.map, debug id 7265098a-671c-5289-46be-ff8d965bbe66)
    ~/chunks/ce889_server_app_api_admin_studios_[id]_images_[imageId]_route_actions_6dff9e59.js (sourcemap at ce889_server_app_api_admin_studios_%5Bid%5D_images_%5BimageId%5D_route_actions_6dff9e59.js.map, debug id a8455d0e-d6f4-de61-b123-a2b9853743cf)
    ~/chunks/ce889_server_app_api_admin_studios_[id]_images_reorder_route_actions_81d2e9b1.js (sourcemap at ce889_server_app_api_admin_studios_%5Bid%5D_images_reorder_route_actions_81d2e9b1.js.map, debug id dcc26acb-63f9-79a9-c0a8-3495f8bb934a)
    ~/chunks/ce889_server_app_api_admin_studios_[id]_visibility_route_actions_ac4c3465.js (sourcemap at ce889_server_app_api_admin_studios_%5Bid%5D_visibility_route_actions_ac4c3465.js.map, debug id b3883d8a-a861-cdac-53f5-f242949e4598)
    ~/chunks/ce889_server_app_api_admin_studios_by-username_[username]_route_actions_ba90c1d5.js (sourcemap at ce889_server_app_api_admin_studios_by-username_%5Busername%5D_route_actions_ba90c1d5.js.map, debug id 5969f088-3ee9-7c20-7309-692e78b67612)
    ~/chunks/ce889_server_app_api_admin_support-tickets_[id]_reply_route_actions_cc18978a.js (sourcemap at ce889_server_app_api_admin_support-tickets_%5Bid%5D_reply_route_actions_cc18978a.js.map, debug id 38cb61eb-7cb4-dc0c-b336-5608ccab85fd)
    ~/chunks/ce889_server_app_api_auth_check-verification-status_route_actions_014082a3.js (sourcemap at ce889_server_app_api_auth_check-verification-status_route_actions_014082a3.js.map, debug id 0fbe10e4-e395-c596-e92f-d85f9a231ab3)
    ~/chunks/ce889_server_app_api_dev_run-email-verification-migration_route_actions_bbdbef08.js (sourcemap at ce889_server_app_api_dev_run-email-verification-migration_route_actions_bbdbef08.js.map, debug id e4c5a51e-3527-209b-01cf-25499cb31e51)
    ~/chunks/ce889_server_app_api_stripe_create-membership-checkout_route_actions_43197423.js (sourcemap at ce889_server_app_api_stripe_create-membership-checkout_route_actions_43197423.js.map, debug id a696b3c0-c37e-efc5-dea2-162b5ef94f50)
    ~/chunks/ce889_server_app_api_stripe_verify-membership-payment_route_actions_8da082c9.js (sourcemap at ce889_server_app_api_stripe_verify-membership-payment_route_actions_8da082c9.js.map, debug id 62ba4229-6474-27d6-4bc5-4a0bf8da16c6)
    ~/chunks/node_modules_3ae680c1._.js (sourcemap at node_modules_3ae680c1._.js.map, debug id 79c1153a-48f3-e7f8-56be-ff41ac7d4745)
    ~/chunks/node_modules_45b3479b._.js (sourcemap at node_modules_45b3479b._.js.map, debug id 5e417fa9-24f2-eeda-8525-65709f2dc652)
    ~/chunks/node_modules_711c1e83._.js (sourcemap at node_modules_711c1e83._.js.map, debug id e5b8d7c3-20d4-069d-2d80-f65970ba2dae)
    ~/chunks/node_modules_86013cee._.js (sourcemap at node_modules_86013cee._.js.map, debug id 5b5f0c92-1de8-f1eb-1733-e7420bbcfe62)
    ~/chunks/node_modules_a66d1776._.js (sourcemap at node_modules_a66d1776._.js.map, debug id 7b15738a-a1e6-2a0b-75a5-e40e897fce4e)
    ~/chunks/node_modules_bcryptjs_index_42ebb250.js (sourcemap at node_modules_bcryptjs_index_42ebb250.js.map, debug id 2dc55500-1fb8-7ed1-03dc-ccc5a9b51430)
    ~/chunks/node_modules_next_dist_esm_build_templates_app-route_211c14f9.js (sourcemap at node_modules_next_dist_esm_build_templates_app-route_211c14f9.js.map, debug id f8a5ec54-ff76-4a73-eed4-7fed360d7a40)
    ~/chunks/node_modules_next_dist_esm_build_templates_app-route_2bf2d644.js (sourcemap at node_modules_next_dist_esm_build_templates_app-route_2bf2d644.js.map, debug id 7626ad04-bd81-11a6-2e11-b7c8a562f5a9)
    ~/chunks/node_modules_next_dist_esm_build_templates_app-route_3f120ef3.js (sourcemap at node_modules_next_dist_esm_build_templates_app-route_3f120ef3.js.map, debug id 554afe7d-6ea6-78f9-7645-ae36de673230)
    ~/chunks/node_modules_next_dist_esm_build_templates_app-route_6a56560d.js (sourcemap at node_modules_next_dist_esm_build_templates_app-route_6a56560d.js.map, debug id 13bbaf01-0e6f-8c5a-2e65-c77cb52ffc16)
    ~/chunks/node_modules_next_dist_esm_build_templates_app-route_963d9db0.js (sourcemap at node_modules_next_dist_esm_build_templates_app-route_963d9db0.js.map, debug id 6da91ab4-2a24-2234-e54f-fe1647b7c6ef)
    ~/chunks/node_modules_next_dist_esm_build_templates_app-route_c857e04d.js (sourcemap at node_modules_next_dist_esm_build_templates_app-route_c857e04d.js.map, debug id ecfaec02-5b9c-edd2-a82d-f5ad47af180d)
    ~/chunks/node_modules_next_dist_esm_build_templates_app-route_f5680d9e.js (sourcemap at node_modules_next_dist_esm_build_templates_app-route_f5680d9e.js.map, debug id 71c7b327-c37b-b693-f872-caee86ffbfd7)
    ~/chunks/node_modules_next_f2da0d3e._.js (sourcemap at node_modules_next_f2da0d3e._.js.map, debug id d894f358-4ddc-9818-d002-a9d9ab3cd5a7)
    ~/chunks/node_modules_next_f5199d09._.js (sourcemap at node_modules_next_f5199d09._.js.map, debug id c576889e-15ad-4732-0df5-b1ec2e3f8dbc)
    ~/chunks/node_modules_zod_v4_classic_external_fa90cebf.js (sourcemap at node_modules_zod_v4_classic_external_fa90cebf.js.map, debug id f3bae719-0c6c-0ddb-c810-26a612db619a)
    ~/chunks/sentry_server_config_ts_8712b202._.js (sourcemap at sentry_server_config_ts_8712b202._.js.map, debug id bd4853f7-2201-5965-950d-9fe5b33c7e18)
    ~/chunks/src_lib_maps_ts_21cc02e4._.js (sourcemap at src_lib_maps_ts_21cc02e4._.js.map, debug id c85bed0d-93cd-a653-07b6-ba1a5f0a5f09)
    ~/chunks/ssr/0bf35_build_esm_detectors_platform_node_machine-id_getMachineId-linux_4784470b.js (sourcemap at 0bf35_build_esm_detectors_platform_node_machine-id_getMachineId-linux_4784470b.js.map, debug id 8a434f0b-6376-3615-0e18-5a4830f3e7b7)
    ~/chunks/ssr/0bf35_build_esm_detectors_platform_node_machine-id_getMachineId-unsupported_715e656b.js (sourcemap at 0bf35_build_esm_detectors_platform_node_machine-id_getMachineId-unsupported_715e656b.js.map, debug id 6c29bf3f-d8be-2af0-e500-d4c470873809)
    ~/chunks/ssr/[root-of-the-server]__031d460b._.js (sourcemap at %5Broot-of-the-server%5D__031d460b._.js.map, debug id ba63bc77-9f26-fc5e-224a-59ffa0c49403)
    ~/chunks/ssr/[root-of-the-server]__0329a8c6._.js (sourcemap at %5Broot-of-the-server%5D__0329a8c6._.js.map, debug id d7db006d-8a56-0feb-f298-b8d7fb9814e2)
    ~/chunks/ssr/[root-of-the-server]__0ff81bce._.js (sourcemap at %5Broot-of-the-server%5D__0ff81bce._.js.map, debug id 9efccc45-078a-8cc7-5c0e-9e76acea7302)
    ~/chunks/ssr/[root-of-the-server]__1726cc14._.js (sourcemap at %5Broot-of-the-server%5D__1726cc14._.js.map, debug id aca73005-c5c6-0de5-546e-321910a798df)
    ~/chunks/ssr/[root-of-the-server]__25b1eb2a._.js (sourcemap at %5Broot-of-the-server%5D__25b1eb2a._.js.map, debug id 6ab50939-903a-2df5-5455-90afffb76e79)
    ~/chunks/ssr/[root-of-the-server]__263638bc._.js (sourcemap at %5Broot-of-the-server%5D__263638bc._.js.map, debug id b6e01546-0fee-59e4-af0e-97ea7722c697)
    ~/chunks/ssr/[root-of-the-server]__2b517982._.js (sourcemap at %5Broot-of-the-server%5D__2b517982._.js.map, debug id d6f52a99-bf24-4728-5620-4f7ad629e248)
    ~/chunks/ssr/[root-of-the-server]__2f42d507._.js (sourcemap at %5Broot-of-the-server%5D__2f42d507._.js.map, debug id ade1683d-08a3-26ca-cd66-70ec65838cde)
    ~/chunks/ssr/[root-of-the-server]__2faf07c8._.js (sourcemap at %5Broot-of-the-server%5D__2faf07c8._.js.map, debug id a82d17ab-b1b1-2b73-f2f8-bd7421e0be14)
    ~/chunks/ssr/[root-of-the-server]__339d1425._.js (sourcemap at %5Broot-of-the-server%5D__339d1425._.js.map, debug id 3c3dde7a-e0b2-29af-b650-78343a4f5b4c)
    ~/chunks/ssr/[root-of-the-server]__33d6a33d._.js (sourcemap at %5Broot-of-the-server%5D__33d6a33d._.js.map, debug id 3f585e39-d519-d369-d857-67cc1495bcad)
    ~/chunks/ssr/[root-of-the-server]__39c948c8._.js (sourcemap at %5Broot-of-the-server%5D__39c948c8._.js.map, debug id f4d34946-f120-9d4e-b6d1-9c0f90c468a7)
    ~/chunks/ssr/[root-of-the-server]__3d576460._.js (sourcemap at %5Broot-of-the-server%5D__3d576460._.js.map, debug id 9cf6781d-296a-bbda-c395-c53f344a80cc)
    ~/chunks/ssr/[root-of-the-server]__44761c82._.js (sourcemap at %5Broot-of-the-server%5D__44761c82._.js.map, debug id 3f677b09-e139-b414-4269-683c370b14d1)
    ~/chunks/ssr/[root-of-the-server]__44d55c92._.js (sourcemap at %5Broot-of-the-server%5D__44d55c92._.js.map, debug id f24c26e0-1a35-2a9d-5e75-9004bfe58456)
    ~/chunks/ssr/[root-of-the-server]__47bdfee9._.js (sourcemap at %5Broot-of-the-server%5D__47bdfee9._.js.map, debug id f7118026-b952-39b1-b77f-e6c7d3fdb8c5)
    ~/chunks/ssr/[root-of-the-server]__4d0237f1._.js (sourcemap at %5Broot-of-the-server%5D__4d0237f1._.js.map, debug id 9d982822-547d-3fa8-9a33-fe6bdf034753)
    ~/chunks/ssr/[root-of-the-server]__51b48342._.js (sourcemap at %5Broot-of-the-server%5D__51b48342._.js.map, debug id d2986570-b0ec-272b-fe69-882774394e98)
    ~/chunks/ssr/[root-of-the-server]__53411f7b._.js (sourcemap at %5Broot-of-the-server%5D__53411f7b._.js.map, debug id 8d2bfb89-514d-5f5a-7efe-008d8bd4bc4e)
    ~/chunks/ssr/[root-of-the-server]__59fdc7bf._.js (sourcemap at %5Broot-of-the-server%5D__59fdc7bf._.js.map, debug id c773323b-66ea-9f42-81d7-cf1a4a74107d)
    ~/chunks/ssr/[root-of-the-server]__5b244ecd._.js (sourcemap at %5Broot-of-the-server%5D__5b244ecd._.js.map, debug id a76b1c06-9d23-99d9-9d7d-39a0510c0d9b)
    ~/chunks/ssr/[root-of-the-server]__5c56505c._.js (sourcemap at %5Broot-of-the-server%5D__5c56505c._.js.map, debug id 74d2611b-1d5c-cdbb-491c-8fdeefccb46e)
    ~/chunks/ssr/[root-of-the-server]__64befb40._.js (sourcemap at %5Broot-of-the-server%5D__64befb40._.js.map, debug id 08babc17-a827-05f0-4013-e8539dccafbe)
    ~/chunks/ssr/[root-of-the-server]__698561ab._.js (sourcemap at %5Broot-of-the-server%5D__698561ab._.js.map, debug id 5fea132b-114e-d491-21c7-f4fef2056f05)
    ~/chunks/ssr/[root-of-the-server]__7470f5b6._.js (sourcemap at %5Broot-of-the-server%5D__7470f5b6._.js.map, debug id 2d6028a3-e558-dced-8b98-d4682f12f043)
    ~/chunks/ssr/[root-of-the-server]__866fe027._.js (sourcemap at %5Broot-of-the-server%5D__866fe027._.js.map, debug id 4821ee2e-5b7a-2073-13c4-a40106bfd49f)
    ~/chunks/ssr/[root-of-the-server]__870d3aa0._.js (sourcemap at %5Broot-of-the-server%5D__870d3aa0._.js.map, debug id e6e5188d-f42d-60da-12f7-da82a6ca333a)
    ~/chunks/ssr/[root-of-the-server]__886ef367._.js (sourcemap at %5Broot-of-the-server%5D__886ef367._.js.map, debug id 58390a42-3ff3-58cd-4c36-6e32c5afa894)
    ~/chunks/ssr/[root-of-the-server]__8dc7a7cf._.js (sourcemap at %5Broot-of-the-server%5D__8dc7a7cf._.js.map, debug id c574cc8b-5018-eff6-1980-5782dbfd4266)
    ~/chunks/ssr/[root-of-the-server]__908defdd._.js (sourcemap at %5Broot-of-the-server%5D__908defdd._.js.map, debug id fe36ab64-3678-e855-84f3-f449d7574b78)
    ~/chunks/ssr/[root-of-the-server]__a559850a._.js (sourcemap at %5Broot-of-the-server%5D__a559850a._.js.map, debug id 49ec7611-362a-b0a4-50f5-e1c7ffebc259)
    ~/chunks/ssr/[root-of-the-server]__a90c088a._.js (sourcemap at %5Broot-of-the-server%5D__a90c088a._.js.map, debug id f3a66ec4-003b-7195-1752-6d95915be268)
    ~/chunks/ssr/[root-of-the-server]__b8635dfe._.js (sourcemap at %5Broot-of-the-server%5D__b8635dfe._.js.map, debug id f265b121-19ca-9cfb-03c6-531962b8c764)
    ~/chunks/ssr/[root-of-the-server]__b975c1be._.js (sourcemap at %5Broot-of-the-server%5D__b975c1be._.js.map, debug id 72ae1fa1-df91-70d8-c3be-4af9ac1bbbee)
    ~/chunks/ssr/[root-of-the-server]__c303019b._.js (sourcemap at %5Broot-of-the-server%5D__c303019b._.js.map, debug id 05b4978c-b88a-d0ef-828c-15d3d8b71a11)
    ~/chunks/ssr/[root-of-the-server]__c7e2e2c2._.js (sourcemap at %5Broot-of-the-server%5D__c7e2e2c2._.js.map, debug id 72a6d826-3907-4635-5519-8340f8f7faee)
    ~/chunks/ssr/[root-of-the-server]__d536107c._.js (sourcemap at %5Broot-of-the-server%5D__d536107c._.js.map, debug id 8682702d-2529-84df-359e-33d8a6603084)
    ~/chunks/ssr/[root-of-the-server]__dee9666d._.js (sourcemap at %5Broot-of-the-server%5D__dee9666d._.js.map, debug id 0cae7b7c-4301-6c97-2aab-68b5bc769cdc)
    ~/chunks/ssr/[root-of-the-server]__e18a6bc3._.js (sourcemap at %5Broot-of-the-server%5D__e18a6bc3._.js.map, debug id 72d9a988-585d-e77d-2704-f01c0a7c609c)
    ~/chunks/ssr/[root-of-the-server]__e8832687._.js (sourcemap at %5Broot-of-the-server%5D__e8832687._.js.map, debug id 50cf6f9d-c314-e737-95a1-1865cc0b66b3)
    ~/chunks/ssr/[root-of-the-server]__e966d8f2._.js (sourcemap at %5Broot-of-the-server%5D__e966d8f2._.js.map, debug id 33b2f226-bb5a-33e7-7678-96c468e01218)
    ~/chunks/ssr/[root-of-the-server]__ed849a0c._.js (sourcemap at %5Broot-of-the-server%5D__ed849a0c._.js.map, debug id a98b55f5-6f75-e441-3635-588f9490d5f8)
    ~/chunks/ssr/[root-of-the-server]__f0c80f30._.js (sourcemap at %5Broot-of-the-server%5D__f0c80f30._.js.map, debug id f84a68da-593e-05f7-bbb0-4c9bca377de7)
    ~/chunks/ssr/[root-of-the-server]__f5f87a22._.js (sourcemap at %5Broot-of-the-server%5D__f5f87a22._.js.map, debug id f78aa117-e1a3-bdb1-cdf2-5cbc9daf603d)
    ~/chunks/ssr/[root-of-the-server]__f62d412e._.js (sourcemap at %5Broot-of-the-server%5D__f62d412e._.js.map, debug id 738185fa-e47a-b526-d16e-03c0e6def9f7)
    ~/chunks/ssr/[root-of-the-server]__f7e20a27._.js (sourcemap at %5Broot-of-the-server%5D__f7e20a27._.js.map, debug id 2226220b-4966-a7ae-54cd-3bb0716310ba)
    ~/chunks/ssr/[turbopack]_runtime.js (sourcemap at %5Bturbopack%5D_runtime.js.map)
    ~/chunks/ssr/_0362924e._.js (sourcemap at _0362924e._.js.map, debug id 49dd31f3-b8b9-3fba-49a8-16142cdd8db5)
    ~/chunks/ssr/_064420cc._.js (sourcemap at _064420cc._.js.map, debug id 58bad49a-ef96-cfcf-7386-f1c5b0840526)
    ~/chunks/ssr/_07720ad9._.js (sourcemap at _07720ad9._.js.map, debug id b467cb27-22a3-2eed-4bbc-062919370679)
    ~/chunks/ssr/_131b7e28._.js (sourcemap at _131b7e28._.js.map, debug id a160d83a-3068-4887-abc6-ed97ccd2a7b7)
    ~/chunks/ssr/_178a9465._.js (sourcemap at _178a9465._.js.map, debug id feceb7a6-ecd4-6a9c-c911-d151cca484a0)
    ~/chunks/ssr/_19a88e2f._.js (sourcemap at _19a88e2f._.js.map, debug id bce0f7b1-39bc-84d6-3f36-018eae5573dd)
    ~/chunks/ssr/_1a4e238b._.js (sourcemap at _1a4e238b._.js.map, debug id 09c98669-02d3-5407-0830-06299f92b78c)
    ~/chunks/ssr/_1af7eb33._.js (sourcemap at _1af7eb33._.js.map, debug id 14f4251d-b530-796f-a146-dff8db6b0f71)
    ~/chunks/ssr/_1bdd7e2a._.js (sourcemap at _1bdd7e2a._.js.map, debug id c2641267-2ca4-8ab0-2647-dc5edf9dca4d)
    ~/chunks/ssr/_1ce54c23._.js (sourcemap at _1ce54c23._.js.map, debug id c3a0c5d6-4291-8937-21f7-b9208006859c)
    ~/chunks/ssr/_1fe2c92a._.js (sourcemap at _1fe2c92a._.js.map, debug id d3c51bfd-4afa-19b3-0b7d-286487fe8293)
    ~/chunks/ssr/_2518a27c._.js (sourcemap at _2518a27c._.js.map, debug id 3e764a1b-6329-b9a6-bef9-8fc69c948ed2)
    ~/chunks/ssr/_25328299._.js (sourcemap at _25328299._.js.map, debug id 456017c7-b379-d202-0cbb-075789e4661b)
    ~/chunks/ssr/_25c8e02d._.js (sourcemap at _25c8e02d._.js.map, debug id ac85ea17-4eeb-a350-f07a-96b035e584c0)
    ~/chunks/ssr/_26fd91aa._.js (sourcemap at _26fd91aa._.js.map, debug id 6fd65517-bc2c-94cc-efd3-10b2dd5c4cf4)
    ~/chunks/ssr/_2865fdfe._.js (sourcemap at _2865fdfe._.js.map, debug id d3fde1ac-af49-328a-ae55-392fa3527c8c)
    ~/chunks/ssr/_2d90153e._.js (sourcemap at _2d90153e._.js.map, debug id 81dcf3ca-269a-6f7d-38bc-3e8c37efc48b)
    ~/chunks/ssr/_3972597c._.js (sourcemap at _3972597c._.js.map, debug id 7b4ef1f3-ef52-12d2-7568-576c4e474ffb)
    ~/chunks/ssr/_3b150980._.js (sourcemap at _3b150980._.js.map, debug id 8079dbed-2422-4b8c-1af3-48d31d0531e8)
    ~/chunks/ssr/_3c0d451e._.js (sourcemap at _3c0d451e._.js.map, debug id 31ddf419-afa8-d5bb-6170-04bdebe49cdd)
    ~/chunks/ssr/_3d64c558._.js (sourcemap at _3d64c558._.js.map, debug id 4794a179-8f0b-5553-6144-4d7275c0367e)
    ~/chunks/ssr/_41aaabbe._.js (sourcemap at _41aaabbe._.js.map, debug id 06ab3b9b-5b12-ece7-b49a-4d761fdf6e12)
    ~/chunks/ssr/_46f3a8a8._.js (sourcemap at _46f3a8a8._.js.map, debug id c5039a39-1598-bab1-2bca-567b307cdf29)
    ~/chunks/ssr/_49951927._.js (sourcemap at _49951927._.js.map, debug id 1fb13310-9061-954d-c003-32ea62b7c34e)
    ~/chunks/ssr/_49f60aef._.js (sourcemap at _49f60aef._.js.map, debug id 0b8dcdc8-3cc9-af4e-60f3-9395efd9d918)
    ~/chunks/ssr/_4c45fdb0._.js (sourcemap at _4c45fdb0._.js.map, debug id 0f05dc01-c7d9-a41f-6f35-903ca0e7c999)
    ~/chunks/ssr/_4c8ec651._.js (sourcemap at _4c8ec651._.js.map, debug id c128efe3-9b79-be24-54a2-3eea857e5b5c)
    ~/chunks/ssr/_502ee381._.js (sourcemap at _502ee381._.js.map, debug id 419f8a18-e673-3ab5-5e6a-99c2daaefd48)
    ~/chunks/ssr/_5b825777._.js (sourcemap at _5b825777._.js.map, debug id 9290d872-dc2c-57fe-4b92-3e8548d2c192)
    ~/chunks/ssr/_5cb74c23._.js (sourcemap at _5cb74c23._.js.map, debug id c00fc59c-15fa-c1c0-0e04-fe7e5de4dda8)
    ~/chunks/ssr/_5d7ec93c._.js (sourcemap at _5d7ec93c._.js.map, debug id c6b82173-9f22-91ae-3b1e-f39e5ac19cc2)
    ~/chunks/ssr/_60016f3e._.js (sourcemap at _60016f3e._.js.map, debug id 5b27d93f-7476-5ca9-182b-8477bc67a6a7)
    ~/chunks/ssr/_615398d3._.js (sourcemap at _615398d3._.js.map, debug id 488c73df-4da5-8032-adf2-b563f911f6c9)
    ~/chunks/ssr/_62c52373._.js (sourcemap at _62c52373._.js.map, debug id a51fe354-f7c2-1b9d-baaa-f514e3fa453d)
    ~/chunks/ssr/_6735fee6._.js (sourcemap at _6735fee6._.js.map, debug id 691c8c68-b0b4-fc98-88a0-7036a53e13a9)
    ~/chunks/ssr/_6b376bbe._.js (sourcemap at _6b376bbe._.js.map, debug id cc7e0d44-ba2a-4b2e-8b34-f46a121f5db0)
    ~/chunks/ssr/_73b28321._.js (sourcemap at _73b28321._.js.map, debug id e76e59ef-f2cc-052f-75e0-25834088fab4)
    ~/chunks/ssr/_73c8d779._.js (sourcemap at _73c8d779._.js.map, debug id 4737c1af-a71b-00c5-d032-8cb55054721e)
    ~/chunks/ssr/_7aaca068._.js (sourcemap at _7aaca068._.js.map, debug id 651905f4-070b-4d5d-71db-58a1284fb2fb)
    ~/chunks/ssr/_7daf3c55._.js (sourcemap at _7daf3c55._.js.map, debug id b028de47-0d53-3d94-6e56-30914a3d36ee)
    ~/chunks/ssr/_809c340d._.js (sourcemap at _809c340d._.js.map, debug id ba1e7b40-8134-3a8c-f8db-7f64f4007c68)
    ~/chunks/ssr/_8237c5fc._.js (sourcemap at _8237c5fc._.js.map, debug id d062ad4c-c559-7fdf-c8ae-182fcd6c1d0d)
    ~/chunks/ssr/_85666825._.js (sourcemap at _85666825._.js.map, debug id 6eaddafc-e0ed-bb62-9d56-06b5365f6693)
    ~/chunks/ssr/_8830cf58._.js (sourcemap at _8830cf58._.js.map, debug id 755f6ddb-ba98-d2a6-264c-534e4f4ad748)
    ~/chunks/ssr/_8f29b3c7._.js (sourcemap at _8f29b3c7._.js.map, debug id 803362ba-8ee3-6f57-1895-3995db9e4bde)
    ~/chunks/ssr/_978c64b2._.js (sourcemap at _978c64b2._.js.map, debug id 9d723da4-6237-ef6d-463a-0686cd8dae73)
    ~/chunks/ssr/_99554f00._.js (sourcemap at _99554f00._.js.map, debug id d6957c86-ed1b-7c62-87df-865f807d756f)
    ~/chunks/ssr/_9a90b854._.js (sourcemap at _9a90b854._.js.map, debug id 226421c5-babf-0653-a277-f7c4e2cbf90b)
    ~/chunks/ssr/_a4e94402._.js (sourcemap at _a4e94402._.js.map, debug id b131d03e-b516-a808-c092-ad0f1f1331ae)
    ~/chunks/ssr/_a5076b92._.js (sourcemap at _a5076b92._.js.map, debug id 7a12fcee-f3a8-b857-f9b7-492b19af019d)
    ~/chunks/ssr/_ab56429f._.js (sourcemap at _ab56429f._.js.map, debug id 45c9d96e-d28a-2072-9393-c29fe0e122ce)
    ~/chunks/ssr/_b4787c82._.js (sourcemap at _b4787c82._.js.map, debug id fcb882ac-f4cb-9a4f-d1a5-cbebfb3c2423)
    ~/chunks/ssr/_b6201700._.js (sourcemap at _b6201700._.js.map, debug id 9cff48ab-21d3-03ff-c81b-5b38ef4b1085)
    ~/chunks/ssr/_b9ee4f90._.js (sourcemap at _b9ee4f90._.js.map, debug id cd8f92c8-8cc6-015e-1b9e-965cfff7f048)
    ~/chunks/ssr/_bbb0abf8._.js (sourcemap at _bbb0abf8._.js.map, debug id bd7cc623-db7c-7e9b-0189-fa137774a6b2)
    ~/chunks/ssr/_be04f99c._.js (sourcemap at _be04f99c._.js.map, debug id e3bdfcb2-84e7-a043-599c-a10940ec2028)
    ~/chunks/ssr/_bfce2905._.js (sourcemap at _bfce2905._.js.map, debug id 87299dc6-ea02-3c3e-d8cb-d215d7364b60)
    ~/chunks/ssr/_ca3ea679._.js (sourcemap at _ca3ea679._.js.map, debug id 9bc30cd3-27af-c7c1-d24f-ee250995d6f3)
    ~/chunks/ssr/_cf0e79a5._.js (sourcemap at _cf0e79a5._.js.map, debug id 43907443-01b0-75bc-b959-d7a5f4a8ae89)
    ~/chunks/ssr/_d1cf1d77._.js (sourcemap at _d1cf1d77._.js.map, debug id 85c80316-ae4d-2475-7c40-a96f0ad80fc0)
    ~/chunks/ssr/_d5eb51cf._.js (sourcemap at _d5eb51cf._.js.map, debug id 85ae5611-d3f7-26ad-bd9f-764c13353021)
    ~/chunks/ssr/_d9a7a174._.js (sourcemap at _d9a7a174._.js.map, debug id 65e14477-75b0-f9d6-3c1e-d2401feb86d6)
    ~/chunks/ssr/_dc10d292._.js (sourcemap at _dc10d292._.js.map, debug id 88780f41-ebf6-94fb-0c58-fc3fa4c22c07)
    ~/chunks/ssr/_e05dce25._.js (sourcemap at _e05dce25._.js.map, debug id e750b344-5381-db36-4f7a-5df43501d7ab)
    ~/chunks/ssr/_e0a1161e._.js (sourcemap at _e0a1161e._.js.map, debug id 79441feb-5619-5d6f-764f-df5894e0c0ee)
    ~/chunks/ssr/_e726c21d._.js (sourcemap at _e726c21d._.js.map, debug id 2a2e486b-4a1b-a652-9319-1f6c35cabc6a)
    ~/chunks/ssr/_e843aea6._.js (sourcemap at _e843aea6._.js.map, debug id 2598f50c-5b86-16aa-431f-77f04618004d)
    ~/chunks/ssr/_efed436e._.js (sourcemap at _efed436e._.js.map, debug id 63388e39-7ecd-b2bb-8c04-2852caf62176)
    ~/chunks/ssr/_f95d343a._.js (sourcemap at _f95d343a._.js.map, debug id 1b1e32e0-2f42-b0e4-6f21-c2a8185f47ba)
    ~/chunks/ssr/_fb0e1348._.js (sourcemap at _fb0e1348._.js.map, debug id 5e867bb9-cff1-db2f-69a3-229ee9285c32)
    ~/chunks/ssr/_fb45b1a4._.js (sourcemap at _fb45b1a4._.js.map, debug id 7136498b-34c3-d3c8-2626-a8def28c95b0)
    ~/chunks/ssr/_fd147ecc._.js (sourcemap at _fd147ecc._.js.map, debug id 6cbf7734-63ae-6e65-b66c-1c4cd54cbbf5)
    ~/chunks/ssr/_next-internal_server_app_[username]_page_actions_f1313c23.js (sourcemap at _next-internal_server_app_%5Busername%5D_page_actions_f1313c23.js.map, debug id a0992b4b-0a0f-4ba2-0944-3a1cda403254)
    ~/chunks/ssr/_next-internal_server_app__global-error_page_actions_75761787.js (sourcemap at _next-internal_server_app__global-error_page_actions_75761787.js.map, debug id 47bed18b-379c-7dee-c175-12d945193ab6)
    ~/chunks/ssr/_next-internal_server_app__not-found_page_actions_554ec2bf.js (sourcemap at _next-internal_server_app__not-found_page_actions_554ec2bf.js.map, debug id 9f23cf82-8c58-ff87-015e-5342716b1aed)
    ~/chunks/ssr/_next-internal_server_app_about_page_actions_6fff35e4.js (sourcemap at _next-internal_server_app_about_page_actions_6fff35e4.js.map, debug id 631154e3-2c61-a709-32a2-adafdf1f03ee)
    ~/chunks/ssr/_next-internal_server_app_account-deletion-scheduled_page_actions_127695e7.js (sourcemap at _next-internal_server_app_account-deletion-scheduled_page_actions_127695e7.js.map, debug id d71210f4-78b3-59d4-b95c-0da55cdd6b9d)
    ~/chunks/ssr/_next-internal_server_app_admin_analytics_page_actions_52214b35.js (sourcemap at _next-internal_server_app_admin_analytics_page_actions_52214b35.js.map, debug id 8485c324-a877-1fdb-20b4-2a70ded21042)
    ~/chunks/ssr/_next-internal_server_app_admin_audit_users_page_actions_2341f5d2.js (sourcemap at _next-internal_server_app_admin_audit_users_page_actions_2341f5d2.js.map, debug id 4ba7defe-5e5d-9543-d4b0-643d2d4cc793)
    ~/chunks/ssr/_next-internal_server_app_admin_error-log_page_actions_ae67a89b.js (sourcemap at _next-internal_server_app_admin_error-log_page_actions_ae67a89b.js.map, debug id 2e8b4fe1-bea0-92c7-2695-c458d38c92c4)
    ~/chunks/ssr/_next-internal_server_app_admin_faq_page_actions_0c550514.js (sourcemap at _next-internal_server_app_admin_faq_page_actions_0c550514.js.map, debug id a16924e3-0544-f9fb-26da-2ae86c7aec01)
    ~/chunks/ssr/_next-internal_server_app_admin_page_actions_c7bd1b4f.js (sourcemap at _next-internal_server_app_admin_page_actions_c7bd1b4f.js.map, debug id 55e2e9c0-6ff9-ef00-2ffa-e322753bd9dc)
    ~/chunks/ssr/_next-internal_server_app_admin_payments_[id]_page_actions_4df953a3.js (sourcemap at _next-internal_server_app_admin_payments_%5Bid%5D_page_actions_4df953a3.js.map, debug id 4dae93de-455a-8131-6aff-ba0be0b25241)
    ~/chunks/ssr/_next-internal_server_app_admin_payments_page_actions_d34f6f3e.js (sourcemap at _next-internal_server_app_admin_payments_page_actions_d34f6f3e.js.map, debug id ac84f49c-37ee-08db-a8e5-4a9a3edd5e6f)
    ~/chunks/ssr/_next-internal_server_app_admin_reservations_page_actions_eacbb7ee.js (sourcemap at _next-internal_server_app_admin_reservations_page_actions_eacbb7ee.js.map, debug id 74669e2f-b7c9-7d13-66e1-892babe15d25)
    ~/chunks/ssr/_next-internal_server_app_admin_studios_page_actions_69129836.js (sourcemap at _next-internal_server_app_admin_studios_page_actions_69129836.js.map, debug id 65f58416-9075-1817-e3a9-bc940fdaac92)
    ~/chunks/ssr/_next-internal_server_app_admin_support_page_actions_31a9cbea.js (sourcemap at _next-internal_server_app_admin_support_page_actions_31a9cbea.js.map, debug id 68146c58-6530-9697-2a1d-5a53696472d7)
    ~/chunks/ssr/_next-internal_server_app_admin_waitlist_page_actions_c4b83791.js (sourcemap at _next-internal_server_app_admin_waitlist_page_actions_c4b83791.js.map, debug id 9a75a515-a817-588a-6036-036ec9df02f8)
    ~/chunks/ssr/_next-internal_server_app_auth_callback_page_actions_9407c5db.js (sourcemap at _next-internal_server_app_auth_callback_page_actions_9407c5db.js.map, debug id 640d31f1-61fa-8565-bca8-64e7e61bda75)
    ~/chunks/ssr/_next-internal_server_app_auth_forgot-password_page_actions_32350400.js (sourcemap at _next-internal_server_app_auth_forgot-password_page_actions_32350400.js.map, debug id d3c344d9-36e5-e927-868f-5bf3e4363497)
    ~/chunks/ssr/_next-internal_server_app_auth_membership_page_actions_01d94772.js (sourcemap at _next-internal_server_app_auth_membership_page_actions_01d94772.js.map, debug id 5555e40b-6925-6c78-6698-18fe6fcaa2f7)
    ~/chunks/ssr/_next-internal_server_app_auth_membership_success_page_actions_3e48801b.js (sourcemap at _next-internal_server_app_auth_membership_success_page_actions_3e48801b.js.map, debug id a395a6f9-5a4b-ae6c-411d-b60aec8a5697)
    ~/chunks/ssr/_next-internal_server_app_auth_reset-password_page_actions_77dd7c88.js (sourcemap at _next-internal_server_app_auth_reset-password_page_actions_77dd7c88.js.map, debug id e4d6189e-66dc-b716-9def-6292dedac635)
    ~/chunks/ssr/_next-internal_server_app_auth_signin_page_actions_bd02b52b.js (sourcemap at _next-internal_server_app_auth_signin_page_actions_bd02b52b.js.map, debug id 895918c0-2535-3486-f558-72a7368b134f)
    ~/chunks/ssr/_next-internal_server_app_auth_signup_page_actions_e8d4ef1c.js (sourcemap at _next-internal_server_app_auth_signup_page_actions_e8d4ef1c.js.map, debug id 092ee3b6-811e-a4e8-fe78-a6aa94c48f41)
    ~/chunks/ssr/_next-internal_server_app_auth_username-selection_page_actions_7872a2bf.js (sourcemap at _next-internal_server_app_auth_username-selection_page_actions_7872a2bf.js.map, debug id e86e6f58-6cd7-6247-7fc2-eb1e9695cb34)
    ~/chunks/ssr/_next-internal_server_app_auth_verify-email_page_actions_595aac62.js (sourcemap at _next-internal_server_app_auth_verify-email_page_actions_595aac62.js.map, debug id 4d8ea6a6-85ac-c631-ac74-167cf54a2492)
    ~/chunks/ssr/_next-internal_server_app_blog_page_actions_cb4aaadc.js (sourcemap at _next-internal_server_app_blog_page_actions_cb4aaadc.js.map, debug id d31b4d89-e161-a8ab-60e9-f988c3a4fb02)
    ~/chunks/ssr/_next-internal_server_app_dashboard_page_actions_7f01ccec.js (sourcemap at _next-internal_server_app_dashboard_page_actions_7f01ccec.js.map, debug id 59f8d7a5-8913-5793-f0c9-349a754694fd)
    ~/chunks/ssr/_next-internal_server_app_featured-studio_page_actions_205d47cd.js (sourcemap at _next-internal_server_app_featured-studio_page_actions_205d47cd.js.map, debug id 2eacff4c-37d1-ceb3-834c-94ae105609fc)
    ~/chunks/ssr/_next-internal_server_app_glass-nav-test_page_actions_2275510b.js (sourcemap at _next-internal_server_app_glass-nav-test_page_actions_2275510b.js.map, debug id 29755833-ac95-c267-d784-c931b137e96d)
    ~/chunks/ssr/_next-internal_server_app_help_page_actions_0e668f4d.js (sourcemap at _next-internal_server_app_help_page_actions_0e668f4d.js.map, debug id c4d621ea-6264-01a8-fcfa-b75adddce560)
    ~/chunks/ssr/_next-internal_server_app_join-waitlist_page_actions_8fb509d2.js (sourcemap at _next-internal_server_app_join-waitlist_page_actions_8fb509d2.js.map, debug id 4761ffc0-81a5-2341-0017-aad38163d3ae)
    ~/chunks/ssr/_next-internal_server_app_page_actions_39d4fc33.js (sourcemap at _next-internal_server_app_page_actions_39d4fc33.js.map, debug id 7c64fee2-2871-44bc-f04c-6485b5067338)
    ~/chunks/ssr/_next-internal_server_app_privacy_page_actions_78bfea85.js (sourcemap at _next-internal_server_app_privacy_page_actions_78bfea85.js.map, debug id 7ade871d-ef14-4315-2fdb-c5038b38854a)
    ~/chunks/ssr/_next-internal_server_app_register_page_actions_cf89a161.js (sourcemap at _next-internal_server_app_register_page_actions_cf89a161.js.map, debug id 407cb743-3072-629c-2b9c-43666b052b71)
    ~/chunks/ssr/_next-internal_server_app_studios_page_actions_9d95b8d7.js (sourcemap at _next-internal_server_app_studios_page_actions_9d95b8d7.js.map, debug id 38714b42-73ae-d25e-f4c6-b2fa3fbeaadc)
    ~/chunks/ssr/_next-internal_server_app_terms_page_actions_3b82705a.js (sourcemap at _next-internal_server_app_terms_page_actions_3b82705a.js.map, debug id 740a6477-dada-2d9f-f44f-0bd4b3a43346)
    ~/chunks/ssr/_next-internal_server_app_unauthorized_page_actions_8f15378e.js (sourcemap at _next-internal_server_app_unauthorized_page_actions_8f15378e.js.map, debug id fa66e7a4-4e7e-188d-a0da-14e1b28d8117)
    ~/chunks/ssr/_next-internal_server_app_upgrade_page_actions_2985c3c8.js (sourcemap at _next-internal_server_app_upgrade_page_actions_2985c3c8.js.map, debug id 098e4587-75a3-8f1c-b3a3-e00f4e075780)
    ~/chunks/ssr/a9bf9_@opentelemetry_resources_build_esm_detectors_platform_node_machine-id_0dd1d6f3._.js (sourcemap at a9bf9_%40opentelemetry_resources_build_esm_detectors_platform_node_machine-id_0dd1d6f3._.js.map, debug id d1583bfd-f709-c59d-18b8-aea5c0d75795)
    ~/chunks/ssr/a9bf9_@opentelemetry_resources_build_esm_detectors_platform_node_machine-id_49941087._.js (sourcemap at a9bf9_%40opentelemetry_resources_build_esm_detectors_platform_node_machine-id_49941087._.js.map, debug id 14bf2d33-adfc-aa51-1828-53a5dcc1d52b)
    ~/chunks/ssr/a9bf9_@opentelemetry_resources_build_esm_detectors_platform_node_machine-id_673d4da5._.js (sourcemap at a9bf9_%40opentelemetry_resources_build_esm_detectors_platform_node_machine-id_673d4da5._.js.map, debug id 25062897-c56e-11ea-8aa1-282137ef221d)
    ~/chunks/ssr/node_modules_33f6112e._.js (sourcemap at node_modules_33f6112e._.js.map, debug id 8f091178-8714-e4e2-14ac-e2a6c8b277b5)
    ~/chunks/ssr/node_modules_e8d7973e._.js (sourcemap at node_modules_e8d7973e._.js.map, debug id da66a4fd-d604-a6b5-f299-facca0da45be)
    ~/chunks/ssr/node_modules_eee573be._.js (sourcemap at node_modules_eee573be._.js.map, debug id 16836ef9-bf5e-a131-c64d-b0c4bd0a910d)
    ~/chunks/ssr/node_modules_fbcec565._.js (sourcemap at node_modules_fbcec565._.js.map, debug id e00e91f1-720c-0aab-e666-57ce48ff6308)
    ~/chunks/ssr/node_modules_framer-motion_dist_es_render_components_motion_proxy_mjs_b72b0714._.js (sourcemap at node_modules_framer-motion_dist_es_render_components_motion_proxy_mjs_b72b0714._.js.map, debug id 10fa729e-2a13-0213-c4c2-27137eec03d9)
    ~/chunks/ssr/node_modules_next_920e7746._.js (sourcemap at node_modules_next_920e7746._.js.map, debug id 62dc2063-81a9-c744-f6f5-3f02d6fb3d8a)
    ~/chunks/ssr/node_modules_next_dist_07951b80._.js (sourcemap at node_modules_next_dist_07951b80._.js.map, debug id 0b777a94-db88-e0c0-78fe-34d435342e5e)
    ~/chunks/ssr/node_modules_next_dist_8a37abed._.js (sourcemap at node_modules_next_dist_8a37abed._.js.map, debug id d42c196a-6449-7306-6f7d-f23c7bc5af9d)
    ~/chunks/ssr/node_modules_next_dist_981dc6eb._.js (sourcemap at node_modules_next_dist_981dc6eb._.js.map, debug id df7999eb-1dac-4cf7-68d9-4dc3356d09ca)
    ~/chunks/ssr/node_modules_next_dist_c2965c68._.js (sourcemap at node_modules_next_dist_c2965c68._.js.map, debug id aff5d948-1d67-bf41-9155-c1ed77758d73)
    ~/chunks/ssr/node_modules_next_dist_client_components_2fffaa3a._.js (sourcemap at node_modules_next_dist_client_components_2fffaa3a._.js.map, debug id fcfe1bfb-227d-ee12-54f3-5530ea7565ce)
    ~/chunks/ssr/node_modules_next_dist_client_components_builtin_unauthorized_15817684.js (sourcemap at node_modules_next_dist_client_components_builtin_unauthorized_15817684.js.map, debug id 340cea89-51a8-5dd6-8d4d-8184fba615a7)
    ~/chunks/ssr/node_modules_next_dist_esm_build_templates_app-page_7b017040.js (sourcemap at node_modules_next_dist_esm_build_templates_app-page_7b017040.js.map, debug id c08ac28d-ea54-d305-383a-697bde401788)
    ~/chunks/ssr/node_modules_next_dist_esm_eedfc1fd._.js (sourcemap at node_modules_next_dist_esm_eedfc1fd._.js.map, debug id 2ce02151-2729-2fc3-e8c8-14cda3bc9b5a)
    ~/chunks/ssr/node_modules_next_dist_f4d911c1._.js (sourcemap at node_modules_next_dist_f4d911c1._.js.map, debug id 71eead04-8b86-a506-729c-c649173d531d)
    ~/chunks/ssr/node_modules_react-hook-form_dist_index_esm_mjs_5d9eb40f._.js (sourcemap at node_modules_react-hook-form_dist_index_esm_mjs_5d9eb40f._.js.map, debug id 827d60fe-86a0-04a0-ca96-6d9881257570)
    ~/chunks/ssr/src_1ddda574._.js (sourcemap at src_1ddda574._.js.map, debug id ac9d4e7b-54e2-403a-f4b5-dc44b30a739e)
    ~/chunks/ssr/src_3e682d72._.js (sourcemap at src_3e682d72._.js.map, debug id 3f5f6d38-7b50-bd77-e626-8b2dc216ade0)
    ~/chunks/ssr/src_5fe617a0._.js (sourcemap at src_5fe617a0._.js.map, debug id eef5cc63-caaa-c061-776f-0dc33bb22312)
    ~/chunks/ssr/src_8d664b4f._.js (sourcemap at src_8d664b4f._.js.map, debug id c4bbadf4-8e6e-ebed-fc97-2bc1059b7abc)
    ~/chunks/ssr/src_a4644cc6._.js (sourcemap at src_a4644cc6._.js.map, debug id fb184843-f23a-ac70-58bb-04c720174c00)
    ~/chunks/ssr/src_app_5b2047f8._.js (sourcemap at src_app_5b2047f8._.js.map, debug id e47e0abe-50ac-931c-ee90-1bbb1634eda2)
    ~/chunks/ssr/src_app_[username]_not-found_tsx_44129d86._.js (sourcemap at src_app_%5Busername%5D_not-found_tsx_44129d86._.js.map, debug id 957f36b3-f8dd-4a07-aa9e-76c5bbb13ef9)
    ~/chunks/ssr/src_app_admin_audit_users_page_tsx_b53927a4._.js (sourcemap at src_app_admin_audit_users_page_tsx_b53927a4._.js.map, debug id d5ffc77e-a77e-36da-7760-42fdac135516)
    ~/chunks/ssr/src_app_admin_payments_page_tsx_bbed5f8d._.js (sourcemap at src_app_admin_payments_page_tsx_bbed5f8d._.js.map, debug id ecf50f34-c702-1076-e0d6-9095df75713f)
    ~/chunks/ssr/src_app_admin_studios_page_tsx_672c60ae._.js (sourcemap at src_app_admin_studios_page_tsx_672c60ae._.js.map, debug id 89566bd4-26b8-47cf-d81a-f9091ba06f8b)
    ~/chunks/ssr/src_app_auth_callback_page_tsx_0b71eff9._.js (sourcemap at src_app_auth_callback_page_tsx_0b71eff9._.js.map, debug id 9819c8a5-863f-4b2e-b78c-c859c6d5b732)
    ~/chunks/ssr/src_app_error_tsx_ef715cc8._.js (sourcemap at src_app_error_tsx_ef715cc8._.js.map, debug id 79179eb7-1ff3-f226-c49f-8bc25851aea8)
    ~/chunks/ssr/src_app_featured-studio_page_tsx_2b5fe793._.js (sourcemap at src_app_featured-studio_page_tsx_2b5fe793._.js.map, debug id d1ddcd6b-3bc7-1922-7284-17f3ee26bb2a)
    ~/chunks/ssr/src_app_glass-nav-test_page_tsx_b94a405d._.js (sourcemap at src_app_glass-nav-test_page_tsx_b94a405d._.js.map, debug id 9c2fc334-1a01-dde8-afe6-33e8b46fe69c)
    ~/chunks/ssr/src_app_global-error_tsx_aa661ba4._.js (sourcemap at src_app_global-error_tsx_aa661ba4._.js.map, debug id f178efd7-a3f4-c021-4b83-d0859d85e5d0)
    ~/chunks/ssr/src_app_upgrade_page_tsx_b31095f6._.js (sourcemap at src_app_upgrade_page_tsx_b31095f6._.js.map, debug id 83868571-48c8-30fd-b063-ee390b0ae0d9)
    ~/chunks/ssr/src_ba73b1d0._.js (sourcemap at src_ba73b1d0._.js.map, debug id f1e62693-58cd-dd94-a922-bf1b11bacaa8)
    ~/chunks/ssr/src_bf85a00b._.js (sourcemap at src_bf85a00b._.js.map, debug id 70573afe-3a5d-5ced-5356-fcf012b65258)
    ~/chunks/ssr/src_components_72209742._.js (sourcemap at src_components_72209742._.js.map, debug id 691df5a2-9e99-3453-0ceb-bbd345c2c9ca)
    ~/chunks/ssr/src_components_admin_EditStudioModal_tsx_4132cd02._.js (sourcemap at src_components_admin_EditStudioModal_tsx_4132cd02._.js.map, debug id ad356452-3ca2-c622-0e0c-80b7d1d6d8aa)
    ~/chunks/ssr/src_components_admin_ErrorLog_tsx_8d62323a._.js (sourcemap at src_components_admin_ErrorLog_tsx_8d62323a._.js.map, debug id 3d749d38-946f-69b5-237b-f412a04d76cc)
    ~/chunks/ssr/src_components_auth_548ff37b._.js (sourcemap at src_components_auth_548ff37b._.js.map, debug id dedc9774-bd7b-2193-c0f0-ebd9ac6e3086)
    ~/chunks/ssr/src_components_dashboard_DashboardContent_tsx_ff08dfa3._.js (sourcemap at src_components_dashboard_DashboardContent_tsx_ff08dfa3._.js.map, debug id b6cfcd42-bd3a-04d7-c419-48f5b974d13c)
    ~/chunks/ssr/src_components_home_HomePage_tsx_040e87bd._.js (sourcemap at src_components_home_HomePage_tsx_040e87bd._.js.map, debug id b65ef5e2-37a0-9323-abd0-7947d5b3fa2c)
    ~/chunks/ssr/src_components_ui_Button_tsx_ffe5a3e8._.js (sourcemap at src_components_ui_Button_tsx_ffe5a3e8._.js.map, debug id 2db5ab1e-0b25-6fe6-0285-7f0a4c3bbacc)
    ~/chunks/ssr/src_f2cb9494._.js (sourcemap at src_f2cb9494._.js.map, debug id 144db4a4-eaef-f5a2-8ffc-9a0aa1fabd54)
    ~/chunks/ssr/src_fb7174dc._.js (sourcemap at src_fb7174dc._.js.map, debug id f2697344-4f7a-4aae-bfae-32447e0fa908)
    ~/edge/chunks/[root-of-the-server]__2c6ebc96._.js (sourcemap at %5Broot-of-the-server%5D__2c6ebc96._.js.map)
    ~/edge/chunks/_c83daa6f._.js (sourcemap at _c83daa6f._.js.map)
    ~/edge/chunks/node_modules_@sentry_3a3ec334._.js (sourcemap at node_modules_%40sentry_3a3ec334._.js.map)
    ~/edge/chunks/turbopack-node_modules_next_dist_esm_build_templates_edge-wrapper_a006d000.js (sourcemap at node_modules_next_dist_esm_build_templates_edge-wrapper_a006d000.js.map)
    ~/instrumentation.js (sourcemap at instrumentation.js.map)
    ~/interception-route-rewrite-manifest.js (no sourcemap found)
      - warning: could not determine a source map reference (Could not auto-detect referenced sourcemap for ~/interception-route-rewrite-manifest.js)
    ~/middleware-build-manifest.js (no sourcemap found)
      - warning: could not determine a source map reference (Could not auto-detect referenced sourcemap for ~/middleware-build-manifest.js)
    ~/next-font-manifest.js (no sourcemap found)
      - warning: could not determine a source map reference (Could not auto-detect referenced sourcemap for ~/next-font-manifest.js)
    ~/server-reference-manifest.js (no sourcemap found)
      - warning: could not determine a source map reference (Could not auto-detect referenced sourcemap for ~/server-reference-manifest.js)
  Source Maps
    ~/app/[username]/page.js.map
    ~/app/_global-error/page.js.map
    ~/app/_not-found/page.js.map
    ~/app/about/page.js.map
    ~/app/account-deletion-scheduled/page.js.map
    ~/app/admin/analytics/page.js.map
    ~/app/admin/audit/users/page.js.map
    ~/app/admin/error-log/page.js.map
    ~/app/admin/faq/page.js.map
    ~/app/admin/page.js.map
    ~/app/admin/payments/[id]/page.js.map
    ~/app/admin/payments/page.js.map
    ~/app/admin/reservations/page.js.map
    ~/app/admin/studios/page.js.map
    ~/app/admin/support/page.js.map
    ~/app/admin/waitlist/page.js.map
    ~/app/api/admin/audit/suggestions/route.js.map
    ~/app/api/admin/audit/users/route.js.map
    ~/app/api/admin/bulk/route.js.map
    ~/app/api/admin/create-studio/route.js.map
    ~/app/api/admin/dashboard/route.js.map
    ~/app/api/admin/error-log/[id]/route.js.map
    ~/app/api/admin/error-log/route.js.map
    ~/app/api/admin/faq/[id]/route.js.map
    ~/app/api/admin/faq/reorder/route.js.map
    ~/app/api/admin/faq/route.js.map
    ~/app/api/admin/payments/[id]/refund/route.js.map
    ~/app/api/admin/payments/[id]/route.js.map
    ~/app/api/admin/payments/route.js.map
    ~/app/api/admin/reservations/[userId]/route.js.map
    ~/app/api/admin/reservations/route.js.map
    ~/app/api/admin/sentry-test-error/route.js.map
    ~/app/api/admin/sticky-notes/route.js.map
    ~/app/api/admin/studios/[id]/featured/route.js.map
    ~/app/api/admin/studios/[id]/images/[imageId]/route.js.map
    ~/app/api/admin/studios/[id]/images/reorder/route.js.map
    ~/app/api/admin/studios/[id]/images/route.js.map
    ~/app/api/admin/studios/[id]/route.js.map
    ~/app/api/admin/studios/[id]/status/route.js.map
    ~/app/api/admin/studios/[id]/verified/route.js.map
    ~/app/api/admin/studios/[id]/visibility/route.js.map
    ~/app/api/admin/studios/by-username/[username]/route.js.map
    ~/app/api/admin/studios/route.js.map
    ~/app/api/admin/studios/verify/route.js.map
    ~/app/api/admin/support-tickets/[id]/reply/route.js.map
    ~/app/api/admin/support-tickets/[id]/route.js.map
    ~/app/api/admin/support-tickets/route.js.map
    ~/app/api/admin/sync-sentry/route.js.map
    ~/app/api/auth/[...nextauth]/route.js.map
    ~/app/api/auth/check-payment-status/route.js.map
    ~/app/api/auth/check-signup-status/route.js.map
    ~/app/api/auth/check-username/route.js.map
    ~/app/api/auth/check-verification-status/route.js.map
    ~/app/api/auth/expire-pending-user/route.js.map
    ~/app/api/auth/forgot-password/route.js.map
    ~/app/api/auth/recover-signup/route.js.map
    ~/app/api/auth/register/route.js.map
    ~/app/api/auth/resend-verification/route.js.map
    ~/app/api/auth/reserve-username/route.js.map
    ~/app/api/auth/reset-password/route.js.map
    ~/app/api/auth/retry-payment/route.js.map
    ~/app/api/auth/verify-email/route.js.map
    ~/app/api/consent/route.js.map
    ~/app/api/contact/studio/route.js.map
    ~/app/api/cron/cleanup-error-logs/route.js.map
    ~/app/api/cron/expire-reservations/route.js.map
    ~/app/api/cron/send-engagement-emails/route.js.map
    ~/app/api/cron/sentry-sync/route.js.map
    ~/app/api/dev/cleanup-user/route.js.map
    ~/app/api/dev/run-email-verification-migration/route.js.map
    ~/app/api/health/route.js.map
    ~/app/api/membership/renew-5year/route.js.map
    ~/app/api/membership/renew-early/route.js.map
    ~/app/api/search/suggestions/route.js.map
    ~/app/api/search/users/route.js.map
    ~/app/api/stripe/checkout/route.js.map
    ~/app/api/stripe/create-membership-checkout/route.js.map
    ~/app/api/stripe/verify-membership-payment/route.js.map
    ~/app/api/stripe/webhook/route.js.map
    ~/app/api/studio/create/route.js.map
    ~/app/api/studio/update/route.js.map
    ~/app/api/studios/search/route.js.map
    ~/app/api/support/submit-ticket/route.js.map
    ~/app/api/update-glass-config/route.js.map
    ~/app/api/upload/image/route.js.map
    ~/app/api/upload/signup-image/route.js.map
    ~/app/api/user/change-password/route.js.map
    ~/app/api/user/close-account/route.js.map
    ~/app/api/user/data-export/route.js.map
    ~/app/api/user/delete-account/route.js.map
    ~/app/api/user/download-data/route.js.map
    ~/app/api/user/invoices/[id]/download/route.js.map
    ~/app/api/user/invoices/route.js.map
    ~/app/api/user/profile/images/[id]/route.js.map
    ~/app/api/user/profile/images/reorder/route.js.map
    ~/app/api/user/profile/images/route.js.map
    ~/app/api/user/profile/route.js.map
    ~/app/api/user/profile/visibility/route.js.map
    ~/app/api/waitlist/[id]/route.js.map
    ~/app/api/waitlist/route.js.map
    ~/app/api/webhooks/sentry/route.js.map
    ~/app/auth/callback/page.js.map
    ~/app/auth/forgot-password/page.js.map
    ~/app/auth/membership/page.js.map
    ~/app/auth/membership/success/page.js.map
    ~/app/auth/reset-password/page.js.map
    ~/app/auth/signin/page.js.map
    ~/app/auth/signup/page.js.map
    ~/app/auth/username-selection/page.js.map
    ~/app/auth/verify-email/page.js.map
    ~/app/blog/page.js.map
    ~/app/dashboard/page.js.map
    ~/app/favicon.ico/route.js.map
    ~/app/featured-studio/page.js.map
    ~/app/glass-nav-test/page.js.map
    ~/app/help/page.js.map
    ~/app/join-waitlist/page.js.map
    ~/app/page.js.map
    ~/app/privacy/page.js.map
    ~/app/register/page.js.map
    ~/app/robots.txt/route.js.map
    ~/app/sitemap.xml/route.js.map
    ~/app/studios/page.js.map
    ~/app/terms/page.js.map
    ~/app/unauthorized/page.js.map
    ~/app/upgrade/page.js.map
    ~/chunks/0bf35_build_esm_detectors_platform_node_machine-id_getMachineId-linux_6b4e949a.js.map (debug id 7abf6668-0581-2f20-e8d4-3bc0398b85f4)
    ~/chunks/0bf35_build_esm_detectors_platform_node_machine-id_getMachineId-linux_716f33e7.js.map (debug id 671d503a-fd92-4071-ff84-4cecad9cbfa2)
    ~/chunks/0bf35_build_esm_detectors_platform_node_machine-id_getMachineId-unsupported_c71858a5.js.map (debug id 8a921b40-388b-2847-c890-1bb0bb995654)
    ~/chunks/0bf35_build_esm_detectors_platform_node_machine-id_getMachineId-unsupported_c81aba5d.js.map (debug id cf9027d0-f1c3-0ebf-94b9-aa7a411a8357)
    ~/chunks/[root-of-the-server]__01703afc._.js.map (debug id 9a3c258d-7d33-1ca3-c74b-b9a644b98523)
    ~/chunks/[root-of-the-server]__03df54d6._.js.map (debug id d5a65280-e77d-41fc-49aa-34fb21ed390c)
    ~/chunks/[root-of-the-server]__04fc7918._.js.map (debug id 51b606b3-9526-8823-5b93-b7b80fec6faf)
    ~/chunks/[root-of-the-server]__097ca149._.js.map (debug id 91af02e8-d386-2ff3-f815-fd029adff4a9)
    ~/chunks/[root-of-the-server]__0f475e1f._.js.map (debug id b1949e7e-da16-0f0a-f405-ee976f4c93ae)
    ~/chunks/[root-of-the-server]__11c0cf2a._.js.map (debug id 4842efbc-4132-e1a3-5a3a-4f3c6295ee9d)
    ~/chunks/[root-of-the-server]__15fff9f3._.js.map (debug id 731ab838-7d78-7cee-7751-cc78bc80fb39)
    ~/chunks/[root-of-the-server]__164a37f1._.js.map (debug id 81404da6-ca07-33fb-5fc7-f83f589d6b2b)
    ~/chunks/[root-of-the-server]__183b008c._.js.map (debug id d51da192-543a-55cc-4183-271349c24f24)
    ~/chunks/[root-of-the-server]__189fc142._.js.map (debug id 2fe52bbe-8802-ce90-d9d4-5f80eab1a96f)
    ~/chunks/[root-of-the-server]__19aef01b._.js.map (debug id 88c0e1f3-f298-23cf-ff9c-f6208c679216)
    ~/chunks/[root-of-the-server]__1cb30fcd._.js.map (debug id 44d1219f-dc1d-9ec7-a4ed-d4173f119ddc)
    ~/chunks/[root-of-the-server]__21fa3a62._.js.map (debug id f732a340-efae-a3d7-ea4b-a475226c020e)
    ~/chunks/[root-of-the-server]__24373d87._.js.map (debug id 28f83aa8-6309-8d07-00b7-665e9d5ae8a9)
    ~/chunks/[root-of-the-server]__25eb36e3._.js.map (debug id 41450564-7005-7a19-90cd-5af35c4aa070)
    ~/chunks/[root-of-the-server]__2ae3d0e4._.js.map (debug id 9df3eec5-dbbe-480c-a096-863884f01ad4)
    ~/chunks/[root-of-the-server]__2bc26c44._.js.map (debug id cdd5cec9-6ae9-fdf8-0be2-bfe8605bbb7c)
    ~/chunks/[root-of-the-server]__34e8ab4f._.js.map (debug id 171d58eb-2bf5-8e63-b698-ed3bdfb90272)
    ~/chunks/[root-of-the-server]__37985b62._.js.map (debug id 65aad319-3972-27d6-aa81-25de21e68ffa)
    ~/chunks/[root-of-the-server]__3af040ec._.js.map (debug id 0faae3c0-9f1c-525f-cc81-9a1a84037ac5)
    ~/chunks/[root-of-the-server]__3d00f5cf._.js.map (debug id a0963acc-8f6c-4ccf-17d4-8d2d97f1c4fe)
    ~/chunks/[root-of-the-server]__40c6c457._.js.map (debug id f82460f5-c6b8-5b03-2445-b84fe3c6cac6)
    ~/chunks/[root-of-the-server]__4341651f._.js.map (debug id 95b70b6d-4cf7-6f66-da39-76fb2a9d0d12)
    ~/chunks/[root-of-the-server]__43f3e0e3._.js.map (debug id a52a6deb-9530-0f0b-7eb5-576eb803ea9b)
    ~/chunks/[root-of-the-server]__449c6b16._.js.map (debug id 7abbcbc8-63eb-3f40-fb9c-a256529eadba)
    ~/chunks/[root-of-the-server]__450bd2c8._.js.map (debug id 5b3dcef7-60a2-6c32-b8b1-784c143cf7b6)
    ~/chunks/[root-of-the-server]__46ae1923._.js.map (debug id bef44326-0132-5b84-e0bd-658f10429f53)
    ~/chunks/[root-of-the-server]__49411358._.js.map (debug id 056bab86-75bf-21fb-e637-49b6738963b3)
    ~/chunks/[root-of-the-server]__49f37548._.js.map (debug id c871a628-0a98-9e20-2807-26a660b91205)
    ~/chunks/[root-of-the-server]__4ab769f9._.js.map (debug id e2d833c4-f157-cc02-6084-b2cbd35ae7ea)
    ~/chunks/[root-of-the-server]__4c5af330._.js.map (debug id 9ba7c8ee-071b-5c83-57bd-6aac73cee23d)
    ~/chunks/[root-of-the-server]__51891222._.js.map (debug id 30dac2f1-9aed-2b30-bc0f-c6c8528feccf)
    ~/chunks/[root-of-the-server]__53c0d1c8._.js.map (debug id 6ecf0ead-7a44-f684-be46-314a0794727d)
    ~/chunks/[root-of-the-server]__53d2c3e4._.js.map (debug id 87d75eeb-5982-4e1f-8183-c77686dae07f)
    ~/chunks/[root-of-the-server]__57bc9df2._.js.map (debug id 2aa03e49-0bd7-197e-ac42-5004c4dc26c5)
    ~/chunks/[root-of-the-server]__59a84aea._.js.map (debug id 1edc209d-33d3-6c7b-8aeb-071bba05c89b)
    ~/chunks/[root-of-the-server]__59f52efa._.js.map (debug id 2da4b2cb-80b2-4f03-1327-f54e341cae95)
    ~/chunks/[root-of-the-server]__66ce4d71._.js.map (debug id 3f5663e5-7592-9e67-19e7-e699ca05075b)
    ~/chunks/[root-of-the-server]__68a37da7._.js.map (debug id 7fe048f4-e9dc-23f6-fcce-93291b136346)
    ~/chunks/[root-of-the-server]__69bbe41d._.js.map (debug id 00568749-88c6-58bb-7c8a-aae2f6f739f0)
    ~/chunks/[root-of-the-server]__6b1e5dda._.js.map (debug id 80bb8253-2940-2fcf-deca-de9766d2e46f)
    ~/chunks/[root-of-the-server]__6d05f5ab._.js.map (debug id 725ca5d3-82db-6f0f-39ea-7b915eea40c6)
    ~/chunks/[root-of-the-server]__71e893c7._.js.map (debug id 4eee8a4c-138d-e9f4-dc77-4dc248a5edd7)
    ~/chunks/[root-of-the-server]__74f3c3e4._.js.map (debug id 81a6afed-9b7a-1ee3-fdd2-87b97fe55c38)
    ~/chunks/[root-of-the-server]__79022f2b._.js.map (debug id 54690da4-cf14-57d3-1725-18ca799f5bdd)
    ~/chunks/[root-of-the-server]__7f3a14ca._.js.map (debug id a26851dd-9f4f-0960-39bd-34fd392efee9)
    ~/chunks/[root-of-the-server]__84aa4e31._.js.map (debug id 6f25a6c2-1028-d3cc-d9f7-a6de23e5e236)
    ~/chunks/[root-of-the-server]__84e41381._.js.map (debug id d97cf939-d0c0-3a16-739d-d9802eaea826)
    ~/chunks/[root-of-the-server]__8e8c253c._.js.map (debug id 7fb30b1a-2e54-cf5b-a42b-1382f6164bdd)
    ~/chunks/[root-of-the-server]__90aa6316._.js.map (debug id d38afc50-7d72-39d5-c502-d11e22325ab6)
    ~/chunks/[root-of-the-server]__93df6cf0._.js.map (debug id eab76a76-a403-7185-a663-b03dbe01441e)
    ~/chunks/[root-of-the-server]__9598b5a0._.js.map (debug id 6b9160e9-1c02-2f8b-9bc1-89e73189fd4b)
    ~/chunks/[root-of-the-server]__96376d02._.js.map (debug id 003321cf-b508-6ed2-8c77-20d79912a1de)
    ~/chunks/[root-of-the-server]__98691c62._.js.map (debug id 7d3cafb6-bd59-3648-c457-88a09ab42078)
    ~/chunks/[root-of-the-server]__9adaeb7b._.js.map (debug id 3a4f90b7-1a20-9ab4-4ac0-199734ce7230)
    ~/chunks/[root-of-the-server]__9fcc5783._.js.map (debug id 407d12aa-41d5-d512-c424-3ec6abee03c0)
    ~/chunks/[root-of-the-server]__a12a27e8._.js.map (debug id 54e63020-f726-833d-28c9-d9e02101e66c)
    ~/chunks/[root-of-the-server]__a83ec6b8._.js.map (debug id 3c4b1e64-425f-f856-3df1-8ebd78fec200)
    ~/chunks/[root-of-the-server]__aa5d0c39._.js.map (debug id 326104a1-fa30-4922-a517-1d55a47fb455)
    ~/chunks/[root-of-the-server]__abcb2565._.js.map (debug id 089ca50e-2057-072c-2d1a-4ae4c62aa318)
    ~/chunks/[root-of-the-server]__ac69ab55._.js.map (debug id 1c16be4a-97cf-ed36-2df5-8f43036f6211)
    ~/chunks/[root-of-the-server]__b055075e._.js.map (debug id f4093cc7-81b1-9e0c-5309-e5eb0a52f3ac)
    ~/chunks/[root-of-the-server]__b37a30e6._.js.map (debug id 4dc51618-022d-1a1d-62e0-8100e62f1306)
    ~/chunks/[root-of-the-server]__b3942359._.js.map (debug id b0ab1c16-2e87-f323-9074-a88413407c80)
    ~/chunks/[root-of-the-server]__b4ba2f72._.js.map (debug id 8f1d0f1d-9f13-b474-38a3-393cf5ffe1bc)
    ~/chunks/[root-of-the-server]__b55a9361._.js.map (debug id 984e37e4-83e5-ce0e-276e-c68e2c60bd09)
    ~/chunks/[root-of-the-server]__bc5c1913._.js.map (debug id 333d8721-6a9a-c331-ac10-791b6bbaff26)
    ~/chunks/[root-of-the-server]__c0397e7f._.js.map (debug id 35617652-43a9-43a0-30ae-3b9b50f53d0f)
    ~/chunks/[root-of-the-server]__c1d29d98._.js.map (debug id 77b10742-73ba-1e15-367a-6acc904ba932)
    ~/chunks/[root-of-the-server]__c42120d5._.js.map (debug id ee34b61e-e6f3-2d49-a951-ef27b6d0bf28)
    ~/chunks/[root-of-the-server]__c4711494._.js.map (debug id 000a1260-c2a9-2d0d-3b8c-989275975cd8)
    ~/chunks/[root-of-the-server]__c54ce4f5._.js.map (debug id dbe15cce-949d-c991-4703-0403dfd31ca1)
    ~/chunks/[root-of-the-server]__c5fd13b5._.js.map (debug id 2920c329-de99-2b3e-ca99-b0fae0af1355)
    ~/chunks/[root-of-the-server]__c77b9707._.js.map (debug id 97d64189-81ab-4f33-07cc-d54ce3ef0fc0)
    ~/chunks/[root-of-the-server]__c9bc6b7f._.js.map (debug id c272c623-9a93-00f4-2bc8-a3d2f927bdc6)
    ~/chunks/[root-of-the-server]__ce62baca._.js.map (debug id ef0827eb-ac84-0c5b-3407-dcc1bf432907)
    ~/chunks/[root-of-the-server]__ce81a952._.js.map (debug id 0ebbc051-d2fa-c0f1-1c4f-114f19d8bfb4)
    ~/chunks/[root-of-the-server]__d36e20da._.js.map (debug id dc278245-7fc9-0381-7e47-3dd6cb8cbd87)
    ~/chunks/[root-of-the-server]__d3b5392c._.js.map (debug id 6d0d785d-090d-ba70-3d9c-7e2363d60128)
    ~/chunks/[root-of-the-server]__d4124fa3._.js.map (debug id 1abc3451-9a4c-ac1a-882f-5d494775aaf4)
    ~/chunks/[root-of-the-server]__d443c748._.js.map (debug id f8f168d4-1296-47ac-aded-f698e1deea49)
    ~/chunks/[root-of-the-server]__d566e4e8._.js.map (debug id 8da5b7b0-f4a3-3428-8f3d-1ca2870fffe5)
    ~/chunks/[root-of-the-server]__d627e735._.js.map (debug id dfaedc9d-9f20-449d-e21b-7f772d600238)
    ~/chunks/[root-of-the-server]__d68fafb1._.js.map (debug id 2adcc91c-6bc7-0372-8ddf-163352bef08b)
    ~/chunks/[root-of-the-server]__db20aac9._.js.map (debug id c6b532cb-062e-d676-e50c-7c40641f4461)
    ~/chunks/[root-of-the-server]__deed7c49._.js.map (debug id d662457b-7a0c-6e2b-5084-a6e3ff51f2ee)
    ~/chunks/[root-of-the-server]__e1e613ad._.js.map (debug id 343ab107-2322-cfb5-e78e-990b68ffe10e)
    ~/chunks/[root-of-the-server]__e2969212._.js.map (debug id fc6e120e-af3c-1aa3-b6b4-9e6164c6f0e0)
    ~/chunks/[root-of-the-server]__e35ae302._.js.map (debug id f51b1d10-c503-6727-11d5-14628ae4eea9)
    ~/chunks/[root-of-the-server]__e46f4518._.js.map (debug id 0edacd78-f30f-78bc-f219-d6703982699e)
    ~/chunks/[root-of-the-server]__ec145f5e._.js.map (debug id 47f33f44-3b61-3338-f130-700701b645b0)
    ~/chunks/[root-of-the-server]__f24d80f8._.js.map (debug id ed2356f2-d4af-244f-6e8c-f657f0dd05a5)
    ~/chunks/[root-of-the-server]__f651180f._.js.map (debug id 32c24811-4ee5-ddf0-283c-07a6748d7a36)
    ~/chunks/[root-of-the-server]__f9f2ac40._.js.map (debug id 20c9839f-f385-29cb-ed57-62597ba9efb3)
    ~/chunks/[root-of-the-server]__fe22019b._.js.map (debug id 3540251b-a14b-49ca-9032-0c1b7353ce6a)
    ~/chunks/[root-of-the-server]__ffa648cf._.js.map (debug id d8774109-9a0a-ce5a-8f0c-6366f849b5d1)
    ~/chunks/[turbopack]_runtime.js.map
    ~/chunks/_aef5722c._.js.map (debug id 54055142-553f-0b72-9932-3161fee4b1c7)
    ~/chunks/_c6230300._.js.map (debug id 8a075803-9812-d977-d00f-cdd5e9b84881)
    ~/chunks/_next-internal_server_app_api_admin_audit_suggestions_route_actions_672b8c22.js.map (debug id 424738a4-75bd-fe38-d04d-dc5a878cbd8d)
    ~/chunks/_next-internal_server_app_api_admin_audit_users_route_actions_af90c5e0.js.map (debug id e3a22dae-c9a7-b9b2-fc96-0c3b305069f7)
    ~/chunks/_next-internal_server_app_api_admin_bulk_route_actions_870b0e32.js.map (debug id e27df332-bf79-3b5c-2c29-9f759150d0ea)
    ~/chunks/_next-internal_server_app_api_admin_create-studio_route_actions_fe6f3073.js.map (debug id 432cd560-900b-d71c-64c8-85edfdef71c1)
    ~/chunks/_next-internal_server_app_api_admin_dashboard_route_actions_bbe806ca.js.map (debug id ae2bafe5-d6ca-52d2-cea3-8e052aa794fc)
    ~/chunks/_next-internal_server_app_api_admin_error-log_[id]_route_actions_2f1bcd6f.js.map (debug id d27c433f-dedd-3d9c-bfe9-97f429d65327)
    ~/chunks/_next-internal_server_app_api_admin_error-log_route_actions_889d7d95.js.map (debug id d88d724f-aa99-540c-0bda-13a8515b895c)
    ~/chunks/_next-internal_server_app_api_admin_faq_[id]_route_actions_d71e003b.js.map (debug id e664d6d4-0048-a072-d4e0-f0b7b83e939e)
    ~/chunks/_next-internal_server_app_api_admin_faq_reorder_route_actions_96ddce47.js.map (debug id 7e6a446f-e03e-4e1a-7f18-457224ae8b3c)
    ~/chunks/_next-internal_server_app_api_admin_faq_route_actions_10c64405.js.map (debug id b623252a-7c3b-a18c-a67c-d2a2b1847789)
    ~/chunks/_next-internal_server_app_api_admin_payments_[id]_refund_route_actions_209fe9a6.js.map (debug id d5dd4b97-04f7-4896-44cd-abfd45307f22)
    ~/chunks/_next-internal_server_app_api_admin_payments_[id]_route_actions_e1742f15.js.map (debug id aacc0c28-0af9-2b3b-06ce-cb7dac9c6720)
    ~/chunks/_next-internal_server_app_api_admin_payments_route_actions_fca5d9ff.js.map (debug id 0a0ecf5b-9987-7606-b460-beb16da4273b)
    ~/chunks/_next-internal_server_app_api_admin_reservations_[userId]_route_actions_3f4c48a7.js.map (debug id 56762920-3c55-33d5-4fc3-0da1fd8587a9)
    ~/chunks/_next-internal_server_app_api_admin_reservations_route_actions_79fee522.js.map (debug id fade68da-f9a1-e2a7-47a2-0ad2b3c7c41b)
    ~/chunks/_next-internal_server_app_api_admin_sentry-test-error_route_actions_33e1ad12.js.map (debug id 50033fe4-b9b1-a9ad-ded0-59029deca260)
    ~/chunks/_next-internal_server_app_api_admin_sticky-notes_route_actions_32f82aae.js.map (debug id 0870d727-08be-ef6a-2eaf-54fc9ec72ced)
    ~/chunks/_next-internal_server_app_api_admin_studios_[id]_featured_route_actions_d6a87df9.js.map (debug id 371f8c5c-f405-5cb3-c0ef-6e2d6c386158)
    ~/chunks/_next-internal_server_app_api_admin_studios_[id]_images_route_actions_cf500d36.js.map (debug id 17f0042b-de4d-4b88-9501-8fde71f10ab6)
    ~/chunks/_next-internal_server_app_api_admin_studios_[id]_route_actions_48939b46.js.map (debug id 4b8e6bcb-7703-2f07-e34d-eb299633026a)
    ~/chunks/_next-internal_server_app_api_admin_studios_[id]_status_route_actions_c367ee49.js.map (debug id d3ed137d-adbb-5ba2-3c5c-564cf323c7bd)
    ~/chunks/_next-internal_server_app_api_admin_studios_[id]_verified_route_actions_0b74bb33.js.map (debug id f85f45ce-54c9-7df4-ccff-d8bfca626695)
    ~/chunks/_next-internal_server_app_api_admin_studios_route_actions_944dbbbc.js.map (debug id 142ae99f-d422-538b-7aed-bd7ced6af78e)
    ~/chunks/_next-internal_server_app_api_admin_studios_verify_route_actions_bdc300a2.js.map (debug id 3a9c35e0-a894-180c-fdb7-8ef417e779db)
    ~/chunks/_next-internal_server_app_api_admin_support-tickets_[id]_route_actions_adffb5be.js.map (debug id 07395e5c-dcad-d3f8-e8be-1f4e031e535e)
    ~/chunks/_next-internal_server_app_api_admin_support-tickets_route_actions_8a62e51b.js.map (debug id 470bc2ec-7bfa-dc6e-d4bb-8a148d5e4645)
    ~/chunks/_next-internal_server_app_api_admin_sync-sentry_route_actions_88f5cd90.js.map (debug id b6bf7100-60ee-9b14-33df-de70b11ae946)
    ~/chunks/_next-internal_server_app_api_auth_[___nextauth]_route_actions_1c865db8.js.map (debug id ba74a0bf-5201-1cb4-d702-60bbf3521cec)
    ~/chunks/_next-internal_server_app_api_auth_check-payment-status_route_actions_fd893a42.js.map (debug id 29e9e5b4-e895-4496-6653-963b8b217c68)
    ~/chunks/_next-internal_server_app_api_auth_check-signup-status_route_actions_39611bda.js.map (debug id e48bd283-5ec1-675f-840c-5c9a70498259)
    ~/chunks/_next-internal_server_app_api_auth_check-username_route_actions_a753adb5.js.map (debug id ca6d89da-8832-4684-7cc4-22c1839a9015)
    ~/chunks/_next-internal_server_app_api_auth_expire-pending-user_route_actions_3e98022c.js.map (debug id ca02af6b-13c0-bf62-a71f-c9624931b2a4)
    ~/chunks/_next-internal_server_app_api_auth_forgot-password_route_actions_ada86dd3.js.map (debug id 43472cdd-cb93-2286-73b5-a66543cb5515)
    ~/chunks/_next-internal_server_app_api_auth_recover-signup_route_actions_2fbb50b4.js.map (debug id f747c02e-132f-08d0-d952-ace10f70b338)
    ~/chunks/_next-internal_server_app_api_auth_register_route_actions_3564e727.js.map (debug id 99ba33ce-1f1f-1794-2667-7b5efd7d14ae)
    ~/chunks/_next-internal_server_app_api_auth_resend-verification_route_actions_700ce22c.js.map (debug id 9a715876-e148-74e0-b4f7-7dc4d640c431)
    ~/chunks/_next-internal_server_app_api_auth_reserve-username_route_actions_87968e68.js.map (debug id 1c0dbcd5-ef18-ab72-201c-dbc1bbf6e062)
    ~/chunks/_next-internal_server_app_api_auth_reset-password_route_actions_727e7a95.js.map (debug id 645b83d6-e14e-b600-89a3-d12b7dbe4aee)
    ~/chunks/_next-internal_server_app_api_auth_retry-payment_route_actions_e60cd89e.js.map (debug id 566ea4ef-94a4-4508-3deb-e329ab0795d8)
    ~/chunks/_next-internal_server_app_api_auth_verify-email_route_actions_c5f55e8f.js.map (debug id 302cb881-d2be-b250-ba14-2c7e80b30dfd)
    ~/chunks/_next-internal_server_app_api_consent_route_actions_d82bc35a.js.map (debug id bc49b910-201a-7fd9-4ad9-c7a564fb17f0)
    ~/chunks/_next-internal_server_app_api_contact_studio_route_actions_118a5325.js.map (debug id bf9234ec-b994-32c2-ca71-c59ab8afde15)
    ~/chunks/_next-internal_server_app_api_cron_cleanup-error-logs_route_actions_accc76c3.js.map (debug id 205d959b-532e-f677-4d66-2fe31cdde800)
    ~/chunks/_next-internal_server_app_api_cron_expire-reservations_route_actions_a2683966.js.map (debug id a2bcc1fd-77f5-a23c-4e8e-764a06bdf53c)
    ~/chunks/_next-internal_server_app_api_cron_send-engagement-emails_route_actions_1831dab6.js.map (debug id c06706cd-ccd7-c367-41a6-005dcc9f7a71)
    ~/chunks/_next-internal_server_app_api_cron_sentry-sync_route_actions_ea88d312.js.map (debug id 1be29b5c-cbd4-ae4f-5034-6742aceb64e4)
    ~/chunks/_next-internal_server_app_api_dev_cleanup-user_route_actions_e3a6e2ce.js.map (debug id 164849ec-7ff7-3ac0-53f1-25181c45798e)
    ~/chunks/_next-internal_server_app_api_health_route_actions_da3433c4.js.map (debug id cc653a31-f7e4-feb0-2b80-fd6de0160fa7)
    ~/chunks/_next-internal_server_app_api_membership_renew-5year_route_actions_e7e52397.js.map (debug id a8774967-fce1-242f-bcc6-6bfa81434c68)
    ~/chunks/_next-internal_server_app_api_membership_renew-early_route_actions_d3c1cf05.js.map (debug id 4e350420-a053-8a45-146e-05cb3b70db84)
    ~/chunks/_next-internal_server_app_api_search_suggestions_route_actions_fb67b865.js.map (debug id a3b5e43c-ce37-b010-0ef0-63c23639a1f7)
    ~/chunks/_next-internal_server_app_api_search_users_route_actions_cfc80e8a.js.map (debug id 8f6c1ce4-618d-4d88-825a-b549ee667125)
    ~/chunks/_next-internal_server_app_api_stripe_checkout_route_actions_91e82a90.js.map (debug id 6509f850-f648-deeb-9546-1f3915baa054)
    ~/chunks/_next-internal_server_app_api_stripe_webhook_route_actions_4b229d15.js.map (debug id 0d5570a5-cbf0-2b6d-34b6-bab24255239d)
    ~/chunks/_next-internal_server_app_api_studio_create_route_actions_249ada70.js.map (debug id 1c3f476b-f3d4-ed18-6061-8138a4d2b7b3)
    ~/chunks/_next-internal_server_app_api_studio_update_route_actions_2ed7e177.js.map (debug id 1c9ba266-5470-0226-100b-cbe6b89d0b9e)
    ~/chunks/_next-internal_server_app_api_studios_search_route_actions_6cec4ad9.js.map (debug id b06c49eb-d804-cd0c-b1a6-b417ab38f523)
    ~/chunks/_next-internal_server_app_api_support_submit-ticket_route_actions_62cfab55.js.map (debug id bc3f3c32-4257-9f5b-62e6-5358ff15cef0)
    ~/chunks/_next-internal_server_app_api_update-glass-config_route_actions_3d4f5ba4.js.map (debug id 300cf20b-d5ed-47f0-b0b1-0f6086dedce7)
    ~/chunks/_next-internal_server_app_api_upload_image_route_actions_2c0236a6.js.map (debug id 2e8d7640-a469-30ac-7ada-feaac4dab91b)
    ~/chunks/_next-internal_server_app_api_upload_signup-image_route_actions_b3cf1e01.js.map (debug id 40d4bdfd-37c3-2ecd-c8da-034891e41d8c)
    ~/chunks/_next-internal_server_app_api_user_change-password_route_actions_233b2afc.js.map (debug id 4b987035-760d-e0ad-dae3-ab33b8244715)
    ~/chunks/_next-internal_server_app_api_user_close-account_route_actions_d5895887.js.map (debug id e905964e-d22a-073a-739b-1776a2d568a1)
    ~/chunks/_next-internal_server_app_api_user_data-export_route_actions_fdd87093.js.map (debug id 9de51ceb-ef8f-ce87-a8d0-a3cd6673d70c)
    ~/chunks/_next-internal_server_app_api_user_delete-account_route_actions_5ef58113.js.map (debug id 89dccf26-225b-03fa-6100-9f0cf7dbe2d4)
    ~/chunks/_next-internal_server_app_api_user_download-data_route_actions_0e727a4d.js.map (debug id 20c926ae-7756-7065-3001-7e2753061822)
    ~/chunks/_next-internal_server_app_api_user_invoices_[id]_download_route_actions_0b0bd651.js.map (debug id 7e8d47dc-c858-83f7-7c10-4ce2984d1882)
    ~/chunks/_next-internal_server_app_api_user_invoices_route_actions_439de567.js.map (debug id 0e2f2d14-ef8d-b9d1-6071-f02814d39f25)
    ~/chunks/_next-internal_server_app_api_user_profile_images_[id]_route_actions_76cfdbcb.js.map (debug id cf60bded-18ce-3c72-0086-ad1f4836b4e5)
    ~/chunks/_next-internal_server_app_api_user_profile_images_reorder_route_actions_9b774d3e.js.map (debug id 588ac206-a08b-449b-3a27-aec007baec31)
    ~/chunks/_next-internal_server_app_api_user_profile_images_route_actions_e09d7574.js.map (debug id 1cd966a2-75f3-b36a-1be2-a002bfdaefda)
    ~/chunks/_next-internal_server_app_api_user_profile_route_actions_3aeda26f.js.map (debug id 1583ef92-3d1e-df4a-732f-e82479eb854d)
    ~/chunks/_next-internal_server_app_api_user_profile_visibility_route_actions_f972eb57.js.map (debug id a87b892a-7699-a6e8-7d01-2488317d3ec8)
    ~/chunks/_next-internal_server_app_api_waitlist_[id]_route_actions_af7c54cc.js.map (debug id 9d7e4e69-ffbe-fa58-09b1-25d864dfba47)
    ~/chunks/_next-internal_server_app_api_waitlist_route_actions_b2a1061a.js.map (debug id 3af606a1-6c1c-a680-22ff-fb6415b1c9ba)
    ~/chunks/_next-internal_server_app_api_webhooks_sentry_route_actions_00236bf8.js.map (debug id c40c8599-b59f-6ac3-d9fc-f6e7d55eb28e)
    ~/chunks/_next-internal_server_app_favicon_ico_route_actions_353150a5.js.map (debug id fb548890-40f6-455a-5d84-3fd476472799)
    ~/chunks/_next-internal_server_app_robots_txt_route_actions_9118e90f.js.map (debug id 26b53b51-d18c-999b-2c17-14d11e3e502d)
    ~/chunks/_next-internal_server_app_sitemap_xml_route_actions_12658ace.js.map (debug id 3343cd73-a192-a195-fd48-aa7efb901ed8)
    ~/chunks/a9bf9_@opentelemetry_resources_build_esm_detectors_platform_node_machine-id_08771b3b._.js.map (debug id 8ad50a16-353d-2581-262b-587728b8fdac)
    ~/chunks/a9bf9_@opentelemetry_resources_build_esm_detectors_platform_node_machine-id_3c882e41._.js.map (debug id 650e853c-6ec6-dcad-24fa-87036df57e35)
    ~/chunks/a9bf9_@opentelemetry_resources_build_esm_detectors_platform_node_machine-id_559309af._.js.map (debug id 3110ccfc-8b5f-74f3-fe35-9fb6e9b98a1f)
    ~/chunks/a9bf9_@opentelemetry_resources_build_esm_detectors_platform_node_machine-id_5fd8c034._.js.map (debug id 7faafb3d-0d53-efa1-74f7-ad098335c32e)
    ~/chunks/a9bf9_@opentelemetry_resources_build_esm_detectors_platform_node_machine-id_97a49b9d._.js.map (debug id e83a5b16-0a82-4089-6c68-9b6fda34d58b)
    ~/chunks/a9bf9_@opentelemetry_resources_build_esm_detectors_platform_node_machine-id_af02c639._.js.map (debug id 7265098a-671c-5289-46be-ff8d965bbe66)
    ~/chunks/ce889_server_app_api_admin_studios_[id]_images_[imageId]_route_actions_6dff9e59.js.map (debug id a8455d0e-d6f4-de61-b123-a2b9853743cf)
    ~/chunks/ce889_server_app_api_admin_studios_[id]_images_reorder_route_actions_81d2e9b1.js.map (debug id dcc26acb-63f9-79a9-c0a8-3495f8bb934a)
    ~/chunks/ce889_server_app_api_admin_studios_[id]_visibility_route_actions_ac4c3465.js.map (debug id b3883d8a-a861-cdac-53f5-f242949e4598)
    ~/chunks/ce889_server_app_api_admin_studios_by-username_[username]_route_actions_ba90c1d5.js.map (debug id 5969f088-3ee9-7c20-7309-692e78b67612)
    ~/chunks/ce889_server_app_api_admin_support-tickets_[id]_reply_route_actions_cc18978a.js.map (debug id 38cb61eb-7cb4-dc0c-b336-5608ccab85fd)
    ~/chunks/ce889_server_app_api_auth_check-verification-status_route_actions_014082a3.js.map (debug id 0fbe10e4-e395-c596-e92f-d85f9a231ab3)
    ~/chunks/ce889_server_app_api_dev_run-email-verification-migration_route_actions_bbdbef08.js.map (debug id e4c5a51e-3527-209b-01cf-25499cb31e51)
    ~/chunks/ce889_server_app_api_stripe_create-membership-checkout_route_actions_43197423.js.map (debug id a696b3c0-c37e-efc5-dea2-162b5ef94f50)
    ~/chunks/ce889_server_app_api_stripe_verify-membership-payment_route_actions_8da082c9.js.map (debug id 62ba4229-6474-27d6-4bc5-4a0bf8da16c6)
    ~/chunks/node_modules_3ae680c1._.js.map (debug id 79c1153a-48f3-e7f8-56be-ff41ac7d4745)
    ~/chunks/node_modules_45b3479b._.js.map (debug id 5e417fa9-24f2-eeda-8525-65709f2dc652)
    ~/chunks/node_modules_711c1e83._.js.map (debug id e5b8d7c3-20d4-069d-2d80-f65970ba2dae)
    ~/chunks/node_modules_86013cee._.js.map (debug id 5b5f0c92-1de8-f1eb-1733-e7420bbcfe62)
    ~/chunks/node_modules_a66d1776._.js.map (debug id 7b15738a-a1e6-2a0b-75a5-e40e897fce4e)
    ~/chunks/node_modules_bcryptjs_index_42ebb250.js.map (debug id 2dc55500-1fb8-7ed1-03dc-ccc5a9b51430)
    ~/chunks/node_modules_next_dist_esm_build_templates_app-route_211c14f9.js.map (debug id f8a5ec54-ff76-4a73-eed4-7fed360d7a40)
    ~/chunks/node_modules_next_dist_esm_build_templates_app-route_2bf2d644.js.map (debug id 7626ad04-bd81-11a6-2e11-b7c8a562f5a9)
    ~/chunks/node_modules_next_dist_esm_build_templates_app-route_3f120ef3.js.map (debug id 554afe7d-6ea6-78f9-7645-ae36de673230)
    ~/chunks/node_modules_next_dist_esm_build_templates_app-route_6a56560d.js.map (debug id 13bbaf01-0e6f-8c5a-2e65-c77cb52ffc16)
    ~/chunks/node_modules_next_dist_esm_build_templates_app-route_963d9db0.js.map (debug id 6da91ab4-2a24-2234-e54f-fe1647b7c6ef)
    ~/chunks/node_modules_next_dist_esm_build_templates_app-route_c857e04d.js.map (debug id ecfaec02-5b9c-edd2-a82d-f5ad47af180d)
    ~/chunks/node_modules_next_dist_esm_build_templates_app-route_f5680d9e.js.map (debug id 71c7b327-c37b-b693-f872-caee86ffbfd7)
    ~/chunks/node_modules_next_f2da0d3e._.js.map (debug id d894f358-4ddc-9818-d002-a9d9ab3cd5a7)
    ~/chunks/node_modules_next_f5199d09._.js.map (debug id c576889e-15ad-4732-0df5-b1ec2e3f8dbc)
    ~/chunks/node_modules_zod_v4_classic_external_fa90cebf.js.map (debug id f3bae719-0c6c-0ddb-c810-26a612db619a)
    ~/chunks/sentry_server_config_ts_8712b202._.js.map (debug id bd4853f7-2201-5965-950d-9fe5b33c7e18)
    ~/chunks/src_lib_maps_ts_21cc02e4._.js.map (debug id c85bed0d-93cd-a653-07b6-ba1a5f0a5f09)
    ~/chunks/ssr/0bf35_build_esm_detectors_platform_node_machine-id_getMachineId-linux_4784470b.js.map (debug id 8a434f0b-6376-3615-0e18-5a4830f3e7b7)
    ~/chunks/ssr/0bf35_build_esm_detectors_platform_node_machine-id_getMachineId-unsupported_715e656b.js.map (debug id 6c29bf3f-d8be-2af0-e500-d4c470873809)
    ~/chunks/ssr/[root-of-the-server]__031d460b._.js.map (debug id ba63bc77-9f26-fc5e-224a-59ffa0c49403)
    ~/chunks/ssr/[root-of-the-server]__0329a8c6._.js.map (debug id d7db006d-8a56-0feb-f298-b8d7fb9814e2)
    ~/chunks/ssr/[root-of-the-server]__0ff81bce._.js.map (debug id 9efccc45-078a-8cc7-5c0e-9e76acea7302)
    ~/chunks/ssr/[root-of-the-server]__1726cc14._.js.map (debug id aca73005-c5c6-0de5-546e-321910a798df)
    ~/chunks/ssr/[root-of-the-server]__25b1eb2a._.js.map (debug id 6ab50939-903a-2df5-5455-90afffb76e79)
    ~/chunks/ssr/[root-of-the-server]__263638bc._.js.map (debug id b6e01546-0fee-59e4-af0e-97ea7722c697)
    ~/chunks/ssr/[root-of-the-server]__2b517982._.js.map (debug id d6f52a99-bf24-4728-5620-4f7ad629e248)
    ~/chunks/ssr/[root-of-the-server]__2f42d507._.js.map (debug id ade1683d-08a3-26ca-cd66-70ec65838cde)
    ~/chunks/ssr/[root-of-the-server]__2faf07c8._.js.map (debug id a82d17ab-b1b1-2b73-f2f8-bd7421e0be14)
    ~/chunks/ssr/[root-of-the-server]__339d1425._.js.map (debug id 3c3dde7a-e0b2-29af-b650-78343a4f5b4c)
    ~/chunks/ssr/[root-of-the-server]__33d6a33d._.js.map (debug id 3f585e39-d519-d369-d857-67cc1495bcad)
    ~/chunks/ssr/[root-of-the-server]__39c948c8._.js.map (debug id f4d34946-f120-9d4e-b6d1-9c0f90c468a7)
    ~/chunks/ssr/[root-of-the-server]__3d576460._.js.map (debug id 9cf6781d-296a-bbda-c395-c53f344a80cc)
    ~/chunks/ssr/[root-of-the-server]__44761c82._.js.map (debug id 3f677b09-e139-b414-4269-683c370b14d1)
    ~/chunks/ssr/[root-of-the-server]__44d55c92._.js.map (debug id f24c26e0-1a35-2a9d-5e75-9004bfe58456)
    ~/chunks/ssr/[root-of-the-server]__47bdfee9._.js.map (debug id f7118026-b952-39b1-b77f-e6c7d3fdb8c5)
    ~/chunks/ssr/[root-of-the-server]__4d0237f1._.js.map (debug id 9d982822-547d-3fa8-9a33-fe6bdf034753)
    ~/chunks/ssr/[root-of-the-server]__51b48342._.js.map (debug id d2986570-b0ec-272b-fe69-882774394e98)
    ~/chunks/ssr/[root-of-the-server]__53411f7b._.js.map (debug id 8d2bfb89-514d-5f5a-7efe-008d8bd4bc4e)
    ~/chunks/ssr/[root-of-the-server]__59fdc7bf._.js.map (debug id c773323b-66ea-9f42-81d7-cf1a4a74107d)
    ~/chunks/ssr/[root-of-the-server]__5b244ecd._.js.map (debug id a76b1c06-9d23-99d9-9d7d-39a0510c0d9b)
    ~/chunks/ssr/[root-of-the-server]__5c56505c._.js.map (debug id 74d2611b-1d5c-cdbb-491c-8fdeefccb46e)
    ~/chunks/ssr/[root-of-the-server]__64befb40._.js.map (debug id 08babc17-a827-05f0-4013-e8539dccafbe)
    ~/chunks/ssr/[root-of-the-server]__698561ab._.js.map (debug id 5fea132b-114e-d491-21c7-f4fef2056f05)
    ~/chunks/ssr/[root-of-the-server]__7470f5b6._.js.map (debug id 2d6028a3-e558-dced-8b98-d4682f12f043)
    ~/chunks/ssr/[root-of-the-server]__866fe027._.js.map (debug id 4821ee2e-5b7a-2073-13c4-a40106bfd49f)
    ~/chunks/ssr/[root-of-the-server]__870d3aa0._.js.map (debug id e6e5188d-f42d-60da-12f7-da82a6ca333a)
    ~/chunks/ssr/[root-of-the-server]__886ef367._.js.map (debug id 58390a42-3ff3-58cd-4c36-6e32c5afa894)
    ~/chunks/ssr/[root-of-the-server]__8dc7a7cf._.js.map (debug id c574cc8b-5018-eff6-1980-5782dbfd4266)
    ~/chunks/ssr/[root-of-the-server]__908defdd._.js.map (debug id fe36ab64-3678-e855-84f3-f449d7574b78)
    ~/chunks/ssr/[root-of-the-server]__a559850a._.js.map (debug id 49ec7611-362a-b0a4-50f5-e1c7ffebc259)
    ~/chunks/ssr/[root-of-the-server]__a90c088a._.js.map (debug id f3a66ec4-003b-7195-1752-6d95915be268)
    ~/chunks/ssr/[root-of-the-server]__b8635dfe._.js.map (debug id f265b121-19ca-9cfb-03c6-531962b8c764)
    ~/chunks/ssr/[root-of-the-server]__b975c1be._.js.map (debug id 72ae1fa1-df91-70d8-c3be-4af9ac1bbbee)
    ~/chunks/ssr/[root-of-the-server]__c303019b._.js.map (debug id 05b4978c-b88a-d0ef-828c-15d3d8b71a11)
    ~/chunks/ssr/[root-of-the-server]__c7e2e2c2._.js.map (debug id 72a6d826-3907-4635-5519-8340f8f7faee)
    ~/chunks/ssr/[root-of-the-server]__d536107c._.js.map (debug id 8682702d-2529-84df-359e-33d8a6603084)
    ~/chunks/ssr/[root-of-the-server]__dee9666d._.js.map (debug id 0cae7b7c-4301-6c97-2aab-68b5bc769cdc)
    ~/chunks/ssr/[root-of-the-server]__e18a6bc3._.js.map (debug id 72d9a988-585d-e77d-2704-f01c0a7c609c)
    ~/chunks/ssr/[root-of-the-server]__e8832687._.js.map (debug id 50cf6f9d-c314-e737-95a1-1865cc0b66b3)
    ~/chunks/ssr/[root-of-the-server]__e966d8f2._.js.map (debug id 33b2f226-bb5a-33e7-7678-96c468e01218)
    ~/chunks/ssr/[root-of-the-server]__ed849a0c._.js.map (debug id a98b55f5-6f75-e441-3635-588f9490d5f8)
    ~/chunks/ssr/[root-of-the-server]__f0c80f30._.js.map (debug id f84a68da-593e-05f7-bbb0-4c9bca377de7)
    ~/chunks/ssr/[root-of-the-server]__f5f87a22._.js.map (debug id f78aa117-e1a3-bdb1-cdf2-5cbc9daf603d)
    ~/chunks/ssr/[root-of-the-server]__f62d412e._.js.map (debug id 738185fa-e47a-b526-d16e-03c0e6def9f7)
    ~/chunks/ssr/[root-of-the-server]__f7e20a27._.js.map (debug id 2226220b-4966-a7ae-54cd-3bb0716310ba)
    ~/chunks/ssr/[turbopack]_runtime.js.map
    ~/chunks/ssr/_0362924e._.js.map (debug id 49dd31f3-b8b9-3fba-49a8-16142cdd8db5)
    ~/chunks/ssr/_064420cc._.js.map (debug id 58bad49a-ef96-cfcf-7386-f1c5b0840526)
    ~/chunks/ssr/_07720ad9._.js.map (debug id b467cb27-22a3-2eed-4bbc-062919370679)
    ~/chunks/ssr/_131b7e28._.js.map (debug id a160d83a-3068-4887-abc6-ed97ccd2a7b7)
    ~/chunks/ssr/_178a9465._.js.map (debug id feceb7a6-ecd4-6a9c-c911-d151cca484a0)
    ~/chunks/ssr/_19a88e2f._.js.map (debug id bce0f7b1-39bc-84d6-3f36-018eae5573dd)
    ~/chunks/ssr/_1a4e238b._.js.map (debug id 09c98669-02d3-5407-0830-06299f92b78c)
    ~/chunks/ssr/_1af7eb33._.js.map (debug id 14f4251d-b530-796f-a146-dff8db6b0f71)
    ~/chunks/ssr/_1bdd7e2a._.js.map (debug id c2641267-2ca4-8ab0-2647-dc5edf9dca4d)
    ~/chunks/ssr/_1ce54c23._.js.map (debug id c3a0c5d6-4291-8937-21f7-b9208006859c)
    ~/chunks/ssr/_1fe2c92a._.js.map (debug id d3c51bfd-4afa-19b3-0b7d-286487fe8293)
    ~/chunks/ssr/_2518a27c._.js.map (debug id 3e764a1b-6329-b9a6-bef9-8fc69c948ed2)
    ~/chunks/ssr/_25328299._.js.map (debug id 456017c7-b379-d202-0cbb-075789e4661b)
    ~/chunks/ssr/_25c8e02d._.js.map (debug id ac85ea17-4eeb-a350-f07a-96b035e584c0)
    ~/chunks/ssr/_26fd91aa._.js.map (debug id 6fd65517-bc2c-94cc-efd3-10b2dd5c4cf4)
    ~/chunks/ssr/_2865fdfe._.js.map (debug id d3fde1ac-af49-328a-ae55-392fa3527c8c)
    ~/chunks/ssr/_2d90153e._.js.map (debug id 81dcf3ca-269a-6f7d-38bc-3e8c37efc48b)
    ~/chunks/ssr/_3972597c._.js.map (debug id 7b4ef1f3-ef52-12d2-7568-576c4e474ffb)
    ~/chunks/ssr/_3b150980._.js.map (debug id 8079dbed-2422-4b8c-1af3-48d31d0531e8)
    ~/chunks/ssr/_3c0d451e._.js.map (debug id 31ddf419-afa8-d5bb-6170-04bdebe49cdd)
    ~/chunks/ssr/_3d64c558._.js.map (debug id 4794a179-8f0b-5553-6144-4d7275c0367e)
    ~/chunks/ssr/_41aaabbe._.js.map (debug id 06ab3b9b-5b12-ece7-b49a-4d761fdf6e12)
    ~/chunks/ssr/_46f3a8a8._.js.map (debug id c5039a39-1598-bab1-2bca-567b307cdf29)
    ~/chunks/ssr/_49951927._.js.map (debug id 1fb13310-9061-954d-c003-32ea62b7c34e)
    ~/chunks/ssr/_49f60aef._.js.map (debug id 0b8dcdc8-3cc9-af4e-60f3-9395efd9d918)
    ~/chunks/ssr/_4c45fdb0._.js.map (debug id 0f05dc01-c7d9-a41f-6f35-903ca0e7c999)
    ~/chunks/ssr/_4c8ec651._.js.map (debug id c128efe3-9b79-be24-54a2-3eea857e5b5c)
    ~/chunks/ssr/_502ee381._.js.map (debug id 419f8a18-e673-3ab5-5e6a-99c2daaefd48)
    ~/chunks/ssr/_5b825777._.js.map (debug id 9290d872-dc2c-57fe-4b92-3e8548d2c192)
    ~/chunks/ssr/_5cb74c23._.js.map (debug id c00fc59c-15fa-c1c0-0e04-fe7e5de4dda8)
    ~/chunks/ssr/_5d7ec93c._.js.map (debug id c6b82173-9f22-91ae-3b1e-f39e5ac19cc2)
    ~/chunks/ssr/_60016f3e._.js.map (debug id 5b27d93f-7476-5ca9-182b-8477bc67a6a7)
    ~/chunks/ssr/_615398d3._.js.map (debug id 488c73df-4da5-8032-adf2-b563f911f6c9)
    ~/chunks/ssr/_62c52373._.js.map (debug id a51fe354-f7c2-1b9d-baaa-f514e3fa453d)
    ~/chunks/ssr/_6735fee6._.js.map (debug id 691c8c68-b0b4-fc98-88a0-7036a53e13a9)
    ~/chunks/ssr/_6b376bbe._.js.map (debug id cc7e0d44-ba2a-4b2e-8b34-f46a121f5db0)
    ~/chunks/ssr/_73b28321._.js.map (debug id e76e59ef-f2cc-052f-75e0-25834088fab4)
    ~/chunks/ssr/_73c8d779._.js.map (debug id 4737c1af-a71b-00c5-d032-8cb55054721e)
    ~/chunks/ssr/_7aaca068._.js.map (debug id 651905f4-070b-4d5d-71db-58a1284fb2fb)
    ~/chunks/ssr/_7daf3c55._.js.map (debug id b028de47-0d53-3d94-6e56-30914a3d36ee)
    ~/chunks/ssr/_809c340d._.js.map (debug id ba1e7b40-8134-3a8c-f8db-7f64f4007c68)
    ~/chunks/ssr/_8237c5fc._.js.map (debug id d062ad4c-c559-7fdf-c8ae-182fcd6c1d0d)
    ~/chunks/ssr/_85666825._.js.map (debug id 6eaddafc-e0ed-bb62-9d56-06b5365f6693)
    ~/chunks/ssr/_8830cf58._.js.map (debug id 755f6ddb-ba98-d2a6-264c-534e4f4ad748)
    ~/chunks/ssr/_8f29b3c7._.js.map (debug id 803362ba-8ee3-6f57-1895-3995db9e4bde)
    ~/chunks/ssr/_978c64b2._.js.map (debug id 9d723da4-6237-ef6d-463a-0686cd8dae73)
    ~/chunks/ssr/_99554f00._.js.map (debug id d6957c86-ed1b-7c62-87df-865f807d756f)
    ~/chunks/ssr/_9a90b854._.js.map (debug id 226421c5-babf-0653-a277-f7c4e2cbf90b)
    ~/chunks/ssr/_a4e94402._.js.map (debug id b131d03e-b516-a808-c092-ad0f1f1331ae)
    ~/chunks/ssr/_a5076b92._.js.map (debug id 7a12fcee-f3a8-b857-f9b7-492b19af019d)
    ~/chunks/ssr/_ab56429f._.js.map (debug id 45c9d96e-d28a-2072-9393-c29fe0e122ce)
    ~/chunks/ssr/_b4787c82._.js.map (debug id fcb882ac-f4cb-9a4f-d1a5-cbebfb3c2423)
    ~/chunks/ssr/_b6201700._.js.map (debug id 9cff48ab-21d3-03ff-c81b-5b38ef4b1085)
    ~/chunks/ssr/_b9ee4f90._.js.map (debug id cd8f92c8-8cc6-015e-1b9e-965cfff7f048)
    ~/chunks/ssr/_bbb0abf8._.js.map (debug id bd7cc623-db7c-7e9b-0189-fa137774a6b2)
    ~/chunks/ssr/_be04f99c._.js.map (debug id e3bdfcb2-84e7-a043-599c-a10940ec2028)
    ~/chunks/ssr/_bfce2905._.js.map (debug id 87299dc6-ea02-3c3e-d8cb-d215d7364b60)
    ~/chunks/ssr/_ca3ea679._.js.map (debug id 9bc30cd3-27af-c7c1-d24f-ee250995d6f3)
    ~/chunks/ssr/_cf0e79a5._.js.map (debug id 43907443-01b0-75bc-b959-d7a5f4a8ae89)
    ~/chunks/ssr/_d1cf1d77._.js.map (debug id 85c80316-ae4d-2475-7c40-a96f0ad80fc0)
    ~/chunks/ssr/_d5eb51cf._.js.map (debug id 85ae5611-d3f7-26ad-bd9f-764c13353021)
    ~/chunks/ssr/_d9a7a174._.js.map (debug id 65e14477-75b0-f9d6-3c1e-d2401feb86d6)
    ~/chunks/ssr/_dc10d292._.js.map (debug id 88780f41-ebf6-94fb-0c58-fc3fa4c22c07)
    ~/chunks/ssr/_e05dce25._.js.map (debug id e750b344-5381-db36-4f7a-5df43501d7ab)
    ~/chunks/ssr/_e0a1161e._.js.map (debug id 79441feb-5619-5d6f-764f-df5894e0c0ee)
    ~/chunks/ssr/_e726c21d._.js.map (debug id 2a2e486b-4a1b-a652-9319-1f6c35cabc6a)
    ~/chunks/ssr/_e843aea6._.js.map (debug id 2598f50c-5b86-16aa-431f-77f04618004d)
    ~/chunks/ssr/_efed436e._.js.map (debug id 63388e39-7ecd-b2bb-8c04-2852caf62176)
    ~/chunks/ssr/_f95d343a._.js.map (debug id 1b1e32e0-2f42-b0e4-6f21-c2a8185f47ba)
    ~/chunks/ssr/_fb0e1348._.js.map (debug id 5e867bb9-cff1-db2f-69a3-229ee9285c32)
    ~/chunks/ssr/_fb45b1a4._.js.map (debug id 7136498b-34c3-d3c8-2626-a8def28c95b0)
    ~/chunks/ssr/_fd147ecc._.js.map (debug id 6cbf7734-63ae-6e65-b66c-1c4cd54cbbf5)
    ~/chunks/ssr/_next-internal_server_app_[username]_page_actions_f1313c23.js.map (debug id a0992b4b-0a0f-4ba2-0944-3a1cda403254)
    ~/chunks/ssr/_next-internal_server_app__global-error_page_actions_75761787.js.map (debug id 47bed18b-379c-7dee-c175-12d945193ab6)
    ~/chunks/ssr/_next-internal_server_app__not-found_page_actions_554ec2bf.js.map (debug id 9f23cf82-8c58-ff87-015e-5342716b1aed)
    ~/chunks/ssr/_next-internal_server_app_about_page_actions_6fff35e4.js.map (debug id 631154e3-2c61-a709-32a2-adafdf1f03ee)
    ~/chunks/ssr/_next-internal_server_app_account-deletion-scheduled_page_actions_127695e7.js.map (debug id d71210f4-78b3-59d4-b95c-0da55cdd6b9d)
    ~/chunks/ssr/_next-internal_server_app_admin_analytics_page_actions_52214b35.js.map (debug id 8485c324-a877-1fdb-20b4-2a70ded21042)
    ~/chunks/ssr/_next-internal_server_app_admin_audit_users_page_actions_2341f5d2.js.map (debug id 4ba7defe-5e5d-9543-d4b0-643d2d4cc793)
    ~/chunks/ssr/_next-internal_server_app_admin_error-log_page_actions_ae67a89b.js.map (debug id 2e8b4fe1-bea0-92c7-2695-c458d38c92c4)
    ~/chunks/ssr/_next-internal_server_app_admin_faq_page_actions_0c550514.js.map (debug id a16924e3-0544-f9fb-26da-2ae86c7aec01)
    ~/chunks/ssr/_next-internal_server_app_admin_page_actions_c7bd1b4f.js.map (debug id 55e2e9c0-6ff9-ef00-2ffa-e322753bd9dc)
    ~/chunks/ssr/_next-internal_server_app_admin_payments_[id]_page_actions_4df953a3.js.map (debug id 4dae93de-455a-8131-6aff-ba0be0b25241)
    ~/chunks/ssr/_next-internal_server_app_admin_payments_page_actions_d34f6f3e.js.map (debug id ac84f49c-37ee-08db-a8e5-4a9a3edd5e6f)
    ~/chunks/ssr/_next-internal_server_app_admin_reservations_page_actions_eacbb7ee.js.map (debug id 74669e2f-b7c9-7d13-66e1-892babe15d25)
    ~/chunks/ssr/_next-internal_server_app_admin_studios_page_actions_69129836.js.map (debug id 65f58416-9075-1817-e3a9-bc940fdaac92)
    ~/chunks/ssr/_next-internal_server_app_admin_support_page_actions_31a9cbea.js.map (debug id 68146c58-6530-9697-2a1d-5a53696472d7)
    ~/chunks/ssr/_next-internal_server_app_admin_waitlist_page_actions_c4b83791.js.map (debug id 9a75a515-a817-588a-6036-036ec9df02f8)
    ~/chunks/ssr/_next-internal_server_app_auth_callback_page_actions_9407c5db.js.map (debug id 640d31f1-61fa-8565-bca8-64e7e61bda75)
    ~/chunks/ssr/_next-internal_server_app_auth_forgot-password_page_actions_32350400.js.map (debug id d3c344d9-36e5-e927-868f-5bf3e4363497)
    ~/chunks/ssr/_next-internal_server_app_auth_membership_page_actions_01d94772.js.map (debug id 5555e40b-6925-6c78-6698-18fe6fcaa2f7)
    ~/chunks/ssr/_next-internal_server_app_auth_membership_success_page_actions_3e48801b.js.map (debug id a395a6f9-5a4b-ae6c-411d-b60aec8a5697)
    ~/chunks/ssr/_next-internal_server_app_auth_reset-password_page_actions_77dd7c88.js.map (debug id e4d6189e-66dc-b716-9def-6292dedac635)
    ~/chunks/ssr/_next-internal_server_app_auth_signin_page_actions_bd02b52b.js.map (debug id 895918c0-2535-3486-f558-72a7368b134f)
    ~/chunks/ssr/_next-internal_server_app_auth_signup_page_actions_e8d4ef1c.js.map (debug id 092ee3b6-811e-a4e8-fe78-a6aa94c48f41)
    ~/chunks/ssr/_next-internal_server_app_auth_username-selection_page_actions_7872a2bf.js.map (debug id e86e6f58-6cd7-6247-7fc2-eb1e9695cb34)
    ~/chunks/ssr/_next-internal_server_app_auth_verify-email_page_actions_595aac62.js.map (debug id 4d8ea6a6-85ac-c631-ac74-167cf54a2492)
    ~/chunks/ssr/_next-internal_server_app_blog_page_actions_cb4aaadc.js.map (debug id d31b4d89-e161-a8ab-60e9-f988c3a4fb02)
    ~/chunks/ssr/_next-internal_server_app_dashboard_page_actions_7f01ccec.js.map (debug id 59f8d7a5-8913-5793-f0c9-349a754694fd)
    ~/chunks/ssr/_next-internal_server_app_featured-studio_page_actions_205d47cd.js.map (debug id 2eacff4c-37d1-ceb3-834c-94ae105609fc)
    ~/chunks/ssr/_next-internal_server_app_glass-nav-test_page_actions_2275510b.js.map (debug id 29755833-ac95-c267-d784-c931b137e96d)
    ~/chunks/ssr/_next-internal_server_app_help_page_actions_0e668f4d.js.map (debug id c4d621ea-6264-01a8-fcfa-b75adddce560)
    ~/chunks/ssr/_next-internal_server_app_join-waitlist_page_actions_8fb509d2.js.map (debug id 4761ffc0-81a5-2341-0017-aad38163d3ae)
    ~/chunks/ssr/_next-internal_server_app_page_actions_39d4fc33.js.map (debug id 7c64fee2-2871-44bc-f04c-6485b5067338)
    ~/chunks/ssr/_next-internal_server_app_privacy_page_actions_78bfea85.js.map (debug id 7ade871d-ef14-4315-2fdb-c5038b38854a)
    ~/chunks/ssr/_next-internal_server_app_register_page_actions_cf89a161.js.map (debug id 407cb743-3072-629c-2b9c-43666b052b71)
    ~/chunks/ssr/_next-internal_server_app_studios_page_actions_9d95b8d7.js.map (debug id 38714b42-73ae-d25e-f4c6-b2fa3fbeaadc)
    ~/chunks/ssr/_next-internal_server_app_terms_page_actions_3b82705a.js.map (debug id 740a6477-dada-2d9f-f44f-0bd4b3a43346)
    ~/chunks/ssr/_next-internal_server_app_unauthorized_page_actions_8f15378e.js.map (debug id fa66e7a4-4e7e-188d-a0da-14e1b28d8117)
    ~/chunks/ssr/_next-internal_server_app_upgrade_page_actions_2985c3c8.js.map (debug id 098e4587-75a3-8f1c-b3a3-e00f4e075780)
    ~/chunks/ssr/a9bf9_@opentelemetry_resources_build_esm_detectors_platform_node_machine-id_0dd1d6f3._.js.map (debug id d1583bfd-f709-c59d-18b8-aea5c0d75795)
    ~/chunks/ssr/a9bf9_@opentelemetry_resources_build_esm_detectors_platform_node_machine-id_49941087._.js.map (debug id 14bf2d33-adfc-aa51-1828-53a5dcc1d52b)
    ~/chunks/ssr/a9bf9_@opentelemetry_resources_build_esm_detectors_platform_node_machine-id_673d4da5._.js.map (debug id 25062897-c56e-11ea-8aa1-282137ef221d)
    ~/chunks/ssr/node_modules_33f6112e._.js.map (debug id 8f091178-8714-e4e2-14ac-e2a6c8b277b5)
    ~/chunks/ssr/node_modules_e8d7973e._.js.map (debug id da66a4fd-d604-a6b5-f299-facca0da45be)
    ~/chunks/ssr/node_modules_eee573be._.js.map (debug id 16836ef9-bf5e-a131-c64d-b0c4bd0a910d)
    ~/chunks/ssr/node_modules_fbcec565._.js.map (debug id e00e91f1-720c-0aab-e666-57ce48ff6308)
    ~/chunks/ssr/node_modules_framer-motion_dist_es_render_components_motion_proxy_mjs_b72b0714._.js.map (debug id 10fa729e-2a13-0213-c4c2-27137eec03d9)
    ~/chunks/ssr/node_modules_next_920e7746._.js.map (debug id 62dc2063-81a9-c744-f6f5-3f02d6fb3d8a)
    ~/chunks/ssr/node_modules_next_dist_07951b80._.js.map (debug id 0b777a94-db88-e0c0-78fe-34d435342e5e)
    ~/chunks/ssr/node_modules_next_dist_8a37abed._.js.map (debug id d42c196a-6449-7306-6f7d-f23c7bc5af9d)
    ~/chunks/ssr/node_modules_next_dist_981dc6eb._.js.map (debug id df7999eb-1dac-4cf7-68d9-4dc3356d09ca)
    ~/chunks/ssr/node_modules_next_dist_c2965c68._.js.map (debug id aff5d948-1d67-bf41-9155-c1ed77758d73)
    ~/chunks/ssr/node_modules_next_dist_client_components_2fffaa3a._.js.map (debug id fcfe1bfb-227d-ee12-54f3-5530ea7565ce)
    ~/chunks/ssr/node_modules_next_dist_client_components_builtin_unauthorized_15817684.js.map (debug id 340cea89-51a8-5dd6-8d4d-8184fba615a7)
    ~/chunks/ssr/node_modules_next_dist_esm_build_templates_app-page_7b017040.js.map (debug id c08ac28d-ea54-d305-383a-697bde401788)
    ~/chunks/ssr/node_modules_next_dist_esm_eedfc1fd._.js.map (debug id 2ce02151-2729-2fc3-e8c8-14cda3bc9b5a)
    ~/chunks/ssr/node_modules_next_dist_f4d911c1._.js.map (debug id 71eead04-8b86-a506-729c-c649173d531d)
    ~/chunks/ssr/node_modules_react-hook-form_dist_index_esm_mjs_5d9eb40f._.js.map (debug id 827d60fe-86a0-04a0-ca96-6d9881257570)
    ~/chunks/ssr/src_1ddda574._.js.map (debug id ac9d4e7b-54e2-403a-f4b5-dc44b30a739e)
    ~/chunks/ssr/src_3e682d72._.js.map (debug id 3f5f6d38-7b50-bd77-e626-8b2dc216ade0)
    ~/chunks/ssr/src_5fe617a0._.js.map (debug id eef5cc63-caaa-c061-776f-0dc33bb22312)
    ~/chunks/ssr/src_8d664b4f._.js.map (debug id c4bbadf4-8e6e-ebed-fc97-2bc1059b7abc)
    ~/chunks/ssr/src_a4644cc6._.js.map (debug id fb184843-f23a-ac70-58bb-04c720174c00)
    ~/chunks/ssr/src_app_5b2047f8._.js.map (debug id e47e0abe-50ac-931c-ee90-1bbb1634eda2)
    ~/chunks/ssr/src_app_[username]_not-found_tsx_44129d86._.js.map (debug id 957f36b3-f8dd-4a07-aa9e-76c5bbb13ef9)
    ~/chunks/ssr/src_app_admin_audit_users_page_tsx_b53927a4._.js.map (debug id d5ffc77e-a77e-36da-7760-42fdac135516)
    ~/chunks/ssr/src_app_admin_payments_page_tsx_bbed5f8d._.js.map (debug id ecf50f34-c702-1076-e0d6-9095df75713f)
    ~/chunks/ssr/src_app_admin_studios_page_tsx_672c60ae._.js.map (debug id 89566bd4-26b8-47cf-d81a-f9091ba06f8b)
    ~/chunks/ssr/src_app_auth_callback_page_tsx_0b71eff9._.js.map (debug id 9819c8a5-863f-4b2e-b78c-c859c6d5b732)
    ~/chunks/ssr/src_app_error_tsx_ef715cc8._.js.map (debug id 79179eb7-1ff3-f226-c49f-8bc25851aea8)
    ~/chunks/ssr/src_app_featured-studio_page_tsx_2b5fe793._.js.map (debug id d1ddcd6b-3bc7-1922-7284-17f3ee26bb2a)
    ~/chunks/ssr/src_app_glass-nav-test_page_tsx_b94a405d._.js.map (debug id 9c2fc334-1a01-dde8-afe6-33e8b46fe69c)
    ~/chunks/ssr/src_app_global-error_tsx_aa661ba4._.js.map (debug id f178efd7-a3f4-c021-4b83-d0859d85e5d0)
    ~/chunks/ssr/src_app_upgrade_page_tsx_b31095f6._.js.map (debug id 83868571-48c8-30fd-b063-ee390b0ae0d9)
    ~/chunks/ssr/src_ba73b1d0._.js.map (debug id f1e62693-58cd-dd94-a922-bf1b11bacaa8)
    ~/chunks/ssr/src_bf85a00b._.js.map (debug id 70573afe-3a5d-5ced-5356-fcf012b65258)
    ~/chunks/ssr/src_components_72209742._.js.map (debug id 691df5a2-9e99-3453-0ceb-bbd345c2c9ca)
    ~/chunks/ssr/src_components_admin_EditStudioModal_tsx_4132cd02._.js.map (debug id ad356452-3ca2-c622-0e0c-80b7d1d6d8aa)
    ~/chunks/ssr/src_components_admin_ErrorLog_tsx_8d62323a._.js.map (debug id 3d749d38-946f-69b5-237b-f412a04d76cc)
    ~/chunks/ssr/src_components_auth_548ff37b._.js.map (debug id dedc9774-bd7b-2193-c0f0-ebd9ac6e3086)
    ~/chunks/ssr/src_components_dashboard_DashboardContent_tsx_ff08dfa3._.js.map (debug id b6cfcd42-bd3a-04d7-c419-48f5b974d13c)
    ~/chunks/ssr/src_components_home_HomePage_tsx_040e87bd._.js.map (debug id b65ef5e2-37a0-9323-abd0-7947d5b3fa2c)
    ~/chunks/ssr/src_components_ui_Button_tsx_ffe5a3e8._.js.map (debug id 2db5ab1e-0b25-6fe6-0285-7f0a4c3bbacc)
    ~/chunks/ssr/src_f2cb9494._.js.map (debug id 144db4a4-eaef-f5a2-8ffc-9a0aa1fabd54)
    ~/chunks/ssr/src_fb7174dc._.js.map (debug id f2697344-4f7a-4aae-bfae-32447e0fa908)
    ~/edge/chunks/[root-of-the-server]__2c6ebc96._.js.map
    ~/edge/chunks/_c83daa6f._.js.map
    ~/edge/chunks/node_modules_@sentry_3a3ec334._.js.map
    ~/edge/chunks/node_modules_next_dist_esm_build_templates_edge-wrapper_a006d000.js.map
    ~/instrumentation.js.map
[@sentry/nextjs - After Production Compile] Info: Successfully uploaded source maps to Sentry
✓ Completed runAfterProductionCompile in 30090ms
  Running TypeScript ...
Failed to compile.

./src/components/glass-nav-examples/AdaptiveGlassNav.tsx:61:13
Type error: '_computedStyle' is declared but its value is never read.

[0m [90m 59 |[39m   useEffect(() [33m=>[39m {
 [90m 60 |[39m     [36mif[39m (containerRef[33m.[39mcurrent) {
[31m[1m>[22m[39m[90m 61 |[39m       [36mconst[39m _computedStyle [33m=[39m window[33m.[39mgetComputedStyle(containerRef[33m.[39mcurrent)[33m;[39m
 [90m    |[39m             [31m[1m^[22m[39m
 [90m 62 |[39m       [36mconst[39m actualBlur [33m=[39m containerRef[33m.[39mcurrent[33m.[39mstyle[33m.[39mgetPropertyValue([32m'--glass-blur'[39m)[33m;[39m
 [90m 63 |[39m       [36mconst[39m actualSaturation [33m=[39m containerRef[33m.[39mcurrent[33m.[39mstyle[33m.[39mgetPropertyValue([32m'--glass-saturation'[39m)[33m;[39m
 [90m 64 |[39m       [36mconst[39m actualBrightness [33m=[39m containerRef[33m.[39mcurrent[33m.[39mstyle[33m.[39mgetPropertyValue([32m'--glass-brightness'[39m)[33m;[39m[0m
Next.js build worker exited with code: 1 and signal: null
